 zmq

 Timestamp is 57597c12 (Thu Jun 09 10:24:18 2016)

 Preferred load address is 0000000180000000

 Start         Length     Name                   Class
 0001:00000000 00000367H .text$di                CODE
 0001:00000370 0001a1fcH .text$mn                CODE
 0001:0001a570 000002a9H .text$x                 CODE
 0001:0001a820 00000263H .text$yd                CODE
 0002:00000000 000005c0H .idata$5                DATA
 0002:000005c0 00000008H .CRT$XCA                DATA
 0002:000005c8 00000060H .CRT$XCU                DATA
 0002:00000628 00000008H .CRT$XCZ                DATA
 0002:00000630 00000008H .CRT$XIA                DATA
 0002:00000638 00000020H .CRT$XIC                DATA
 0002:00000658 00000008H .CRT$XIZ                DATA
 0002:00000660 00000008H .CRT$XPA                DATA
 0002:00000668 00000010H .CRT$XPX                DATA
 0002:00000678 00000008H .CRT$XPXA               DATA
 0002:00000680 00000008H .CRT$XPZ                DATA
 0002:00000688 00000008H .CRT$XTA                DATA
 0002:00000690 00000008H .CRT$XTZ                DATA
 0002:000006a0 00007f50H .rdata                  DATA
 0002:000085f0 0000005cH .rdata$debug            DATA
 0002:00008650 000002f4H .rdata$r                DATA
 0002:00008948 00000008H .rtc$IAA                DATA
 0002:00008950 00000008H .rtc$IZZ                DATA
 0002:00008958 00000008H .rtc$TAA                DATA
 0002:00008960 00000008H .rtc$TZZ                DATA
 0002:00008968 00001380H .xdata                  DATA
 0002:00009ce8 0000019cH .xdata$x                DATA
 0002:00009e84 00000020H .didat$2                DATA
 0002:00009ea4 00000020H .didat$3                DATA
 0002:00009ec8 000000e0H .didat$4                DATA
 0002:00009fa8 0000019eH .didat$6                DATA
 0002:0000a148 000000e0H .didat$7                DATA
 0002:0000a230 00003bbaH .edata                  DATA
 0002:0000ddec 00000028H .idata$2                DATA
 0002:0000de14 00000014H .idata$3                DATA
 0002:0000de28 000005c0H .idata$4                DATA
 0002:0000e3e8 000022e4H .idata$6                DATA
 0003:00000000 00001888H .data                   DATA
 0003:00001888 0000010fH .data$r                 DATA
 0003:00001998 000000e0H .didat$5                DATA
 0003:00001a80 00002510H .bss                    DATA
 0004:00000000 0000159cH .pdata                  DATA
 0005:00000000 00000058H .rsrc$01                DATA
 0005:00000060 00000180H .rsrc$02                DATA

  Address         Publics by Value              Rva+Base               Lib:Object

 0000:00000000       ___safe_se_handler_count   0000000000000000     <absolute>
 0000:00000000       ___safe_se_handler_table   0000000000000000     <absolute>
 0000:00000000       __guard_fids_count         0000000000000000     <absolute>
 0000:00000000       __guard_fids_table         0000000000000000     <absolute>
 0000:00000000       __guard_flags              0000000000000000     <absolute>
 0000:00000000       __ImageBase                0000000180000000     <linker-defined>
 0001:00000370       ??0exception@stdext@@QEAA@AEBV01@@Z 0000000180001370 f i binding.obj
 0001:00000390       ?what@exception@stdext@@UEBAPEBDXZ 0000000180001390 f i binding.obj
 0001:000003b0       ?VisitExternalString@ExternalResourceVisitor@v8@@UEAAXV?$Local@VString@v8@@@2@@Z 00000001800013b0 f i binding.obj
 0001:000003b0       ??$destroy@PEAU?$_Tree_node@HPEAX@std@@@?$_Wrap_alloc@V?$allocator@U?$_Tree_node@HPEAX@std@@@std@@@std@@QEAAXPEAPEAU?$_Tree_node@HPEAX@1@@Z 00000001800013b0 f i binding.obj
 0001:000003b0       ?_Doraise@exception@stdext@@MEBAXXZ 00000001800013b0 f i binding.obj
 0001:000003b0       ?VisitPersistentHandle@PersistentHandleVisitor@v8@@UEAAXPEAV?$Persistent@VValue@v8@@V?$NonCopyablePersistentTraits@VValue@v8@@@2@@2@G@Z 00000001800013b0 f i binding.obj
 0001:000003c0       ??_Eexception@stdext@@UEAAPEAXI@Z 00000001800013c0 f i * CIL library *:* CIL module *
 0001:000003c0       ??_Gruntime_error@std@@UEAAPEAXI@Z 00000001800013c0 f i binding.obj
 0001:000003c0       ??_Eruntime_error@std@@UEAAPEAXI@Z 00000001800013c0 f i * CIL library *:* CIL module *
 0001:000003c0       ??_Gexception@stdext@@UEAAPEAXI@Z 00000001800013c0 f i binding.obj
 0001:000003f0       ??1runtime_error@std@@UEAA@XZ 00000001800013f0 f i binding.obj
 0001:00000400       ??DUtf8Value@String@v8@@QEBAPEBDXZ 0000000180001400 f i binding.obj
 0001:00000400       ?impl@StreamedSource@ScriptCompiler@v8@@QEBAPEAU1internal@3@XZ 0000000180001400 f i binding.obj
 0001:00000400       ??DUtf8Value@String@v8@@QEAAPEADXZ 0000000180001400 f i binding.obj
 0001:00000400       ?GetIsolate@HandleScope@v8@@QEBAPEAVIsolate@2@XZ 0000000180001400 f i binding.obj
 0001:00000400       ?space_name@HeapSpaceStatistics@v8@@QEAAPEBDXZ 0000000180001400 f i binding.obj
 0001:00000400       ?total_heap_size@HeapStatistics@v8@@QEAA_KXZ 0000000180001400 f i binding.obj
 0001:00000400       ?Data@Contents@ArrayBuffer@v8@@QEBAPEAXXZ 0000000180001400 f i binding.obj
 0001:00000400       ??DValue@String@v8@@QEAAPEAGXZ 0000000180001400 f i binding.obj
 0001:00000400       ?object_type@HeapObjectStatistics@v8@@QEAAPEBDXZ 0000000180001400 f i binding.obj
 0001:00000400       ?Data@Contents@SharedArrayBuffer@v8@@QEBAPEAXXZ 0000000180001400 f i binding.obj
 0001:00000400       ??DValue@String@v8@@QEBAPEBGXZ 0000000180001400 f i binding.obj
 0001:00000410       ?Cast@Number@v8@@SAPEAV12@PEAVValue@2@@Z 0000000180001410 f i binding.obj
 0001:00000410       ?Cast@Int32@v8@@SAPEAV12@PEAVValue@2@@Z 0000000180001410 f i binding.obj
 0001:00000410       ??4Map@v8@@QEAAAEAV01@AEBV01@@Z 0000000180001410 f i binding.obj
 0001:00000410       ?Cast@Int8Array@v8@@SAPEAV12@PEAVValue@2@@Z 0000000180001410 f i binding.obj
 0001:00000410       ?Cast@Set@v8@@SAPEAV12@PEAVValue@2@@Z 0000000180001410 f i binding.obj
 0001:00000410       ??4Uint16Array@v8@@QEAAAEAV01@AEBV01@@Z 0000000180001410 f i binding.obj
 0001:00000410       ??4UnboundScript@v8@@QEAAAEAV01@AEBV01@@Z 0000000180001410 f i binding.obj
 0001:00000410       ??4Float32Array@v8@@QEAAAEAV01@AEBV01@@Z 0000000180001410 f i binding.obj
 0001:00000410       ??4SharedArrayBuffer@v8@@QEAAAEAV01@AEBV01@@Z 0000000180001410 f i binding.obj
 0001:00000410       ?Cast@BooleanObject@v8@@SAPEAV12@PEAVValue@2@@Z 0000000180001410 f i binding.obj
 0001:00000410       ??4Uint8Array@v8@@QEAAAEAV01@AEBV01@@Z 0000000180001410 f i binding.obj
 0001:00000410       ??4Number@v8@@QEAAAEAV01@AEBV01@@Z 0000000180001410 f i binding.obj
 0001:00000410       ??4BooleanObject@v8@@QEAAAEAV01@AEBV01@@Z 0000000180001410 f i binding.obj
 0001:00000410       ??4AccessorSignature@v8@@QEAAAEAV01@AEBV01@@Z 0000000180001410 f i binding.obj
 0001:00000410       ?Cast@Name@v8@@SAPEAV12@PEAVValue@2@@Z 0000000180001410 f i binding.obj
 0001:00000410       ??4Context@v8@@QEAAAEAV01@AEBV01@@Z 0000000180001410 f i binding.obj
 0001:00000410       ?Cast@Uint32@v8@@SAPEAV12@PEAVValue@2@@Z 0000000180001410 f i binding.obj
 0001:00000410       ??4JSON@v8@@QEAAAEAV01@AEBV01@@Z 0000000180001410 f i binding.obj
 0001:00000410       ??4Int8Array@v8@@QEAAAEAV01@AEBV01@@Z 0000000180001410 f i binding.obj
 0001:00000410       ?Cast@Uint32Array@v8@@SAPEAV12@PEAVValue@2@@Z 0000000180001410 f i binding.obj
 0001:00000410       ??4Proxy@v8@@QEAAAEAV01@AEBV01@@Z 0000000180001410 f i binding.obj
 0001:00000410       ??4Message@v8@@QEAAAEAV01@AEBV01@@Z 0000000180001410 f i binding.obj
 0001:00000410       ??4ObjectTemplate@v8@@QEAAAEAV01@AEBV01@@Z 0000000180001410 f i binding.obj
 0001:00000410       ?Cast@String@v8@@SAPEAV12@PEAVValue@2@@Z 0000000180001410 f i binding.obj
 0001:00000410       ??4External@v8@@QEAAAEAV01@AEBV01@@Z 0000000180001410 f i binding.obj
 0001:00000410       ?Cast@StringObject@v8@@SAPEAV12@PEAVValue@2@@Z 0000000180001410 f i binding.obj
 0001:00000410       ??4Symbol@v8@@QEAAAEAV01@AEBV01@@Z 0000000180001410 f i binding.obj
 0001:00000410       ?Cast@Int32Array@v8@@SAPEAV12@PEAVValue@2@@Z 0000000180001410 f i binding.obj
 0001:00000410       ?Cast@Object@v8@@SAPEAV12@PEAVValue@2@@Z 0000000180001410 f i binding.obj
 0001:00000410       ?Cast@Map@v8@@SAPEAV12@PEAVValue@2@@Z 0000000180001410 f i binding.obj
 0001:00000410       ??4ScriptCompiler@v8@@QEAAAEAV01@AEBV01@@Z 0000000180001410 f i binding.obj
 0001:00000410       ??4Object@v8@@QEAAAEAV01@AEBV01@@Z 0000000180001410 f i binding.obj
 0001:00000410       ?Cast@Resolver@Promise@v8@@SAPEAV123@PEAVValue@3@@Z 0000000180001410 f i binding.obj
 0001:00000410       ??4Template@v8@@QEAAAEAV01@AEBV01@@Z 0000000180001410 f i binding.obj
 0001:00000410       ??4Int32Array@v8@@QEAAAEAV01@AEBV01@@Z 0000000180001410 f i binding.obj
 0001:00000410       ?Cast@RegExp@v8@@SAPEAV12@PEAVValue@2@@Z 0000000180001410 f i binding.obj
 0001:00000410       ??4Float64Array@v8@@QEAAAEAV01@AEBV01@@Z 0000000180001410 f i binding.obj
 0001:00000410       ??4Array@v8@@QEAAAEAV01@AEBV01@@Z 0000000180001410 f i binding.obj
 0001:00000410       ?Cast@DataView@v8@@SAPEAV12@PEAVValue@2@@Z 0000000180001410 f i binding.obj
 0001:00000410       ?Cast@Boolean@v8@@SAPEAV12@PEAVValue@2@@Z 0000000180001410 f i binding.obj
 0001:00000410       ??4ArrayBufferView@v8@@QEAAAEAV01@AEBV01@@Z 0000000180001410 f i binding.obj
 0001:00000410       ?Cast@NumberObject@v8@@SAPEAV12@PEAVValue@2@@Z 0000000180001410 f i binding.obj
 0001:00000410       ??4StackTrace@v8@@QEAAAEAV01@AEBV01@@Z 0000000180001410 f i binding.obj
 0001:00000410       ??4ArrayBuffer@v8@@QEAAAEAV01@AEBV01@@Z 0000000180001410 f i binding.obj
 0001:00000410       ??0?$_Wrap_alloc@V?$allocator@U?$_Tree_node@HPEAX@std@@@std@@@std@@QEAA@XZ 0000000180001410 f i binding.obj
 0001:00000410       ??4V8@v8@@QEAAAEAV01@AEBV01@@Z 0000000180001410 f i binding.obj
 0001:00000410       ??4Int32@v8@@QEAAAEAV01@AEBV01@@Z 0000000180001410 f i binding.obj
 0001:00000410       ??4ExternalSourceStream@ScriptCompiler@v8@@QEAAAEAV012@AEBV012@@Z 0000000180001410 f i binding.obj
 0001:00000410       ??4PersistentHandleVisitor@v8@@QEAAAEAV01@AEBV01@@Z 0000000180001410 f i binding.obj
 0001:00000410       ?Cast@Integer@v8@@SAPEAV12@PEAVValue@2@@Z 0000000180001410 f i binding.obj
 0001:00000410       ??4NumberObject@v8@@QEAAAEAV01@AEBV01@@Z 0000000180001410 f i binding.obj
 0001:00000410       ??4Date@v8@@QEAAAEAV01@AEBV01@@Z 0000000180001410 f i binding.obj
 0001:00000410       ?Cast@Function@v8@@SAPEAV12@PEAVValue@2@@Z 0000000180001410 f i binding.obj
 0001:00000410       ?Cast@Int16Array@v8@@SAPEAV12@PEAVValue@2@@Z 0000000180001410 f i binding.obj
 0001:00000410       ?Cast@SymbolObject@v8@@SAPEAV12@PEAVValue@2@@Z 0000000180001410 f i binding.obj
 0001:00000410       ??4Private@v8@@QEAAAEAV01@AEBV01@@Z 0000000180001410 f i binding.obj
 0001:00000410       ??4Int16Array@v8@@QEAAAEAV01@AEBV01@@Z 0000000180001410 f i binding.obj
 0001:00000410       ??4Exception@v8@@QEAAAEAV01@AEBV01@@Z 0000000180001410 f i binding.obj
 0001:00000410       ??4SymbolObject@v8@@QEAAAEAV01@AEBV01@@Z 0000000180001410 f i binding.obj
 0001:00000410       ?Cast@ArrayBufferView@v8@@SAPEAV12@PEAVValue@2@@Z 0000000180001410 f i binding.obj
 0001:00000410       ?Cast@SharedArrayBuffer@v8@@SAPEAV12@PEAVValue@2@@Z 0000000180001410 f i binding.obj
 0001:00000410       ??4Allocator@ArrayBuffer@v8@@QEAAAEAV012@AEBV012@@Z 0000000180001410 f i binding.obj
 0001:00000410       ??4NativeWeakMap@v8@@QEAAAEAV01@AEBV01@@Z 0000000180001410 f i binding.obj
 0001:00000410       ?Cast@Date@v8@@SAPEAV12@PEAVValue@2@@Z 0000000180001410 f i binding.obj
 0001:00000410       ??4StringObject@v8@@QEAAAEAV01@AEBV01@@Z 0000000180001410 f i binding.obj
 0001:00000410       ??4ExternalResourceVisitor@v8@@QEAAAEAV01@AEBV01@@Z 0000000180001410 f i binding.obj
 0001:00000410       ??4String@v8@@QEAAAEAV01@AEBV01@@Z 0000000180001410 f i binding.obj
 0001:00000410       ??4Resolver@Promise@v8@@QEAAAEAV012@AEBV012@@Z 0000000180001410 f i binding.obj
 0001:00000410       ?Cast@Uint8Array@v8@@SAPEAV12@PEAVValue@2@@Z 0000000180001410 f i binding.obj
 0001:00000410       ?Cast@Promise@v8@@SAPEAV12@PEAVValue@2@@Z 0000000180001410 f i binding.obj
 0001:00000410       ??4Uint8ClampedArray@v8@@QEAAAEAV01@AEBV01@@Z 0000000180001410 f i binding.obj
 0001:00000410       ??4FunctionTemplate@v8@@QEAAAEAV01@AEBV01@@Z 0000000180001410 f i binding.obj
 0001:00000410       ??4Uint32Array@v8@@QEAAAEAV01@AEBV01@@Z 0000000180001410 f i binding.obj
 0001:00000410       ??4TypedArray@v8@@QEAAAEAV01@AEBV01@@Z 0000000180001410 f i binding.obj
 0001:00000410       ?Cast@TypedArray@v8@@SAPEAV12@PEAVValue@2@@Z 0000000180001410 f i binding.obj
 0001:00000410       ?Cast@Float64Array@v8@@SAPEAV12@PEAVValue@2@@Z 0000000180001410 f i binding.obj
 0001:00000410       ??4Promise@v8@@QEAAAEAV01@AEBV01@@Z 0000000180001410 f i binding.obj
 0001:00000410       ??0HandleScope@v8@@IEAA@XZ 0000000180001410 f i binding.obj
 0001:00000410       ??4Boolean@v8@@QEAAAEAV01@AEBV01@@Z 0000000180001410 f i binding.obj
 0001:00000410       ??4Function@v8@@QEAAAEAV01@AEBV01@@Z 0000000180001410 f i binding.obj
 0001:00000410       ??4Name@v8@@QEAAAEAV01@AEBV01@@Z 0000000180001410 f i binding.obj
 0001:00000410       ??4RegExp@v8@@QEAAAEAV01@AEBV01@@Z 0000000180001410 f i binding.obj
 0001:00000410       ??4Primitive@v8@@QEAAAEAV01@AEBV01@@Z 0000000180001410 f i binding.obj
 0001:00000410       ?Cast@Float32Array@v8@@SAPEAV12@PEAVValue@2@@Z 0000000180001410 f i binding.obj
 0001:00000410       ??4Signature@v8@@QEAAAEAV01@AEBV01@@Z 0000000180001410 f i binding.obj
 0001:00000410       ?Cast@Array@v8@@SAPEAV12@PEAVValue@2@@Z 0000000180001410 f i binding.obj
 0001:00000410       ??4StackFrame@v8@@QEAAAEAV01@AEBV01@@Z 0000000180001410 f i binding.obj
 0001:00000410       ?Cast@ArrayBuffer@v8@@SAPEAV12@PEAVValue@2@@Z 0000000180001410 f i binding.obj
 0001:00000410       ?Cast@Symbol@v8@@SAPEAV12@PEAVValue@2@@Z 0000000180001410 f i binding.obj
 0001:00000410       ??4Value@v8@@QEAAAEAV01@AEBV01@@Z 0000000180001410 f i binding.obj
 0001:00000410       ??4Integer@v8@@QEAAAEAV01@AEBV01@@Z 0000000180001410 f i binding.obj
 0001:00000410       ??4Data@v8@@QEAAAEAV01@AEBV01@@Z 0000000180001410 f i binding.obj
 0001:00000410       ?Cast@Uint16Array@v8@@SAPEAV12@PEAVValue@2@@Z 0000000180001410 f i binding.obj
 0001:00000410       ??4DataView@v8@@QEAAAEAV01@AEBV01@@Z 0000000180001410 f i binding.obj
 0001:00000410       ??4Script@v8@@QEAAAEAV01@AEBV01@@Z 0000000180001410 f i binding.obj
 0001:00000410       ?Cast@Proxy@v8@@SAPEAV12@PEAVValue@2@@Z 0000000180001410 f i binding.obj
 0001:00000410       ?Cast@Uint8ClampedArray@v8@@SAPEAV12@PEAVValue@2@@Z 0000000180001410 f i binding.obj
 0001:00000410       ??4Uint32@v8@@QEAAAEAV01@AEBV01@@Z 0000000180001410 f i binding.obj
 0001:00000410       ??4Set@v8@@QEAAAEAV01@AEBV01@@Z 0000000180001410 f i binding.obj
 0001:00000410       ?Cast@External@v8@@SAPEAV12@PEAVValue@2@@Z 0000000180001410 f i binding.obj
 0001:00000420       ??1EscapableHandleScope@v8@@QEAA@XZ 0000000180001420 f i binding.obj
 0001:00000430       ??0CachedData@ScriptCompiler@v8@@QEAA@XZ 0000000180001430 f i binding.obj
 0001:00000450       ??1ExternalSourceStream@ScriptCompiler@v8@@UEAA@XZ 0000000180001450 f i binding.obj
 0001:00000460       ??0ExternalSourceStream@ScriptCompiler@v8@@QEAA@AEBV012@@Z 0000000180001460 f i binding.obj
 0001:00000460       ??0ExternalSourceStream@ScriptCompiler@v8@@QEAA@XZ 0000000180001460 f i binding.obj
 0001:00000470       ??_EExternalSourceStream@ScriptCompiler@v8@@UEAAPEAXI@Z 0000000180001470 f i binding.obj
 0001:000004f0       ??1ExternalStringResourceBase@String@v8@@UEAA@XZ 00000001800014f0 f i binding.obj
 0001:000004f0       ??1ExternalOneByteStringResourceImpl@v8@@UEAA@XZ 00000001800014f0 f i binding.obj
 0001:000004f0       ??1ExternalStringResource@String@v8@@UEAA@XZ 00000001800014f0 f i binding.obj
 0001:000004f0       ??1ExternalOneByteStringResource@String@v8@@UEAA@XZ 00000001800014f0 f i binding.obj
 0001:00000500       ?IsCompressible@ExternalStringResourceBase@String@v8@@UEBA_NXZ 0000000180001500 f i binding.obj
 0001:00000510       ??0ExternalStringResourceBase@String@v8@@IEAA@XZ 0000000180001510 f i binding.obj
 0001:00000520       ?Dispose@ExternalStringResourceBase@String@v8@@MEAAXXZ 0000000180001520 f i binding.obj
 0001:00000540       ??0ExternalOneByteStringResource@String@v8@@IEAA@XZ 0000000180001540 f i binding.obj
 0001:00000540       ??0ExternalStringResource@String@v8@@IEAA@XZ 0000000180001540 f i binding.obj
 0001:00000550       ?length@Utf8Value@String@v8@@QEBAHXZ 0000000180001550 f i binding.obj
 0001:00000550       ?max_executable_size@ResourceConstraints@v8@@QEBAHXZ 0000000180001550 f i binding.obj
 0001:00000550       ?length@Value@String@v8@@QEBAHXZ 0000000180001550 f i binding.obj
 0001:00000560       ??_EExternalStringResourceBase@String@v8@@UEAAPEAXI@Z 0000000180001560 f i binding.obj
 0001:00000560       ??_EExternalOneByteStringResource@String@v8@@UEAAPEAXI@Z 0000000180001560 f i binding.obj
 0001:00000560       ??_EExternalStringResource@String@v8@@UEAAPEAXI@Z 0000000180001560 f i binding.obj
 0001:000005e0       ?InternalFieldCount@Object@v8@@SAHAEBV?$PersistentBase@VObject@v8@@@2@@Z 00000001800015e0 f i binding.obj
 0001:000005f0       ?GetAlignedPointerFromInternalField@Object@v8@@SAPEAXAEBV?$PersistentBase@VObject@v8@@@2@H@Z 00000001800015f0 f i binding.obj
 0001:00000620       ?NewInstance@Function@v8@@QEBA?AV?$MaybeLocal@VObject@v8@@@2@V?$Local@VContext@v8@@@2@@Z 0000000180001620 f i binding.obj
 0001:00000650       ??1Allocator@ArrayBuffer@v8@@UEAA@XZ 0000000180001650 f i binding.obj
 0001:00000660       ??0Contents@SharedArrayBuffer@v8@@QEAA@XZ 0000000180001660 f i binding.obj
 0001:00000660       ??0Contents@ArrayBuffer@v8@@QEAA@XZ 0000000180001660 f i binding.obj
 0001:00000670       ?ByteLength@Contents@SharedArrayBuffer@v8@@QEBA_KXZ 0000000180001670 f i binding.obj
 0001:00000670       ?begin@ExtensionConfiguration@v8@@QEBAPEAPEBDXZ 0000000180001670 f i binding.obj
 0001:00000670       ?data@ExternalOneByteStringResourceImpl@v8@@UEBAPEBDXZ 0000000180001670 f i binding.obj
 0001:00000670       ?total_heap_size_executable@HeapStatistics@v8@@QEAA_KXZ 0000000180001670 f i binding.obj
 0001:00000670       ?object_sub_type@HeapObjectStatistics@v8@@QEAAPEBDXZ 0000000180001670 f i binding.obj
 0001:00000670       ?ByteLength@Contents@ArrayBuffer@v8@@QEBA_KXZ 0000000180001670 f i binding.obj
 0001:00000670       ?space_size@HeapSpaceStatistics@v8@@QEAA_KXZ 0000000180001670 f i binding.obj
 0001:00000670       ?name@Extension@v8@@QEBAPEBDXZ 0000000180001670 f i binding.obj
 0001:00000680       ??0Allocator@ArrayBuffer@v8@@QEAA@XZ 0000000180001680 f i binding.obj
 0001:00000680       ??0Allocator@ArrayBuffer@v8@@QEAA@AEBV012@@Z 0000000180001680 f i binding.obj
 0001:00000690       ??_EAllocator@ArrayBuffer@v8@@UEAAPEAXI@Z 0000000180001690 f i binding.obj
 0001:00000710       ??4Contents@SharedArrayBuffer@v8@@QEAAAEAV012@AEBV012@@Z 0000000180001710 f i binding.obj
 0001:00000710       ??4Contents@ArrayBuffer@v8@@QEAAAEAV012@AEBV012@@Z 0000000180001710 f i binding.obj
 0001:00000710       ??4StartupData@v8@@QEAAAEAV01@AEBV01@@Z 0000000180001710 f i binding.obj
 0001:00000720       ?SetIndexedPropertyHandler@ObjectTemplate@v8@@QEAAXP6AXIAEBV?$PropertyCallbackInfo@VValue@v8@@@2@@ZP6AXIV?$Local@VValue@v8@@@2@0@ZP6AXIAEBV?$PropertyCallbackInfo@VInteger@v8@@@2@@ZP6AXIAEBV?$PropertyCallbackInfo@VBoolean@v8@@@2@@ZP6AXAEBV?$PropertyCallbackInfo@VArray@v8@@@2@@Z2@Z 0000000180001720 f i binding.obj
 0001:00000770       ??0ExternalOneByteStringResourceImpl@v8@@QEAA@XZ 0000000180001770 f i binding.obj
 0001:00000790       ??0ExternalOneByteStringResourceImpl@v8@@QEAA@PEBD_K@Z 0000000180001790 f i binding.obj
 0001:000007b0       ?space_used_size@HeapSpaceStatistics@v8@@QEAA_KXZ 00000001800017b0 f i binding.obj
 0001:000007b0       ?length@ExternalOneByteStringResourceImpl@v8@@UEBA_KXZ 00000001800017b0 f i binding.obj
 0001:000007b0       ?source_length@Extension@v8@@QEBA_KXZ 00000001800017b0 f i binding.obj
 0001:000007b0       ?object_count@HeapObjectStatistics@v8@@QEAA_KXZ 00000001800017b0 f i binding.obj
 0001:000007b0       ?total_physical_size@HeapStatistics@v8@@QEAA_KXZ 00000001800017b0 f i binding.obj
 0001:000007b0       ?stack_limit@ResourceConstraints@v8@@QEBAPEAIXZ 00000001800017b0 f i binding.obj
 0001:000007c0       ??_EExternalOneByteStringResourceImpl@v8@@UEAAPEAXI@Z 00000001800017c0 f i binding.obj
 0001:00000840       ??1Extension@v8@@UEAA@XZ   0000000180001840 f i binding.obj
 0001:00000860       ?GetNativeFunctionTemplate@Extension@v8@@UEAA?AV?$Local@VFunctionTemplate@v8@@@2@PEAVIsolate@2@V?$Local@VString@v8@@@2@@Z 0000000180001860 f i binding.obj
 0001:00000870       ?source@Extension@v8@@QEBAPEBVExternalOneByteStringResource@String@2@XZ 0000000180001870 f i binding.obj
 0001:00000880       ?dependency_count@Extension@v8@@QEAAHXZ 0000000180001880 f i binding.obj
 0001:00000890       ?dependencies@Extension@v8@@QEAAPEAPEBDXZ 0000000180001890 f i binding.obj
 0001:000008a0       ?set_auto_enable@Extension@v8@@QEAAX_N@Z 00000001800018a0 f i binding.obj
 0001:000008b0       ?auto_enable@Extension@v8@@QEAA_NXZ 00000001800018b0 f i binding.obj
 0001:000008c0       ??_EExtension@v8@@UEAAPEAXI@Z 00000001800018c0 f i binding.obj
 0001:00000960       ?max_semi_space_size@ResourceConstraints@v8@@QEBAHXZ 0000000180001960 f i binding.obj
 0001:00000970       ?set_max_semi_space_size@ResourceConstraints@v8@@QEAAXH@Z 0000000180001970 f i binding.obj
 0001:00000980       ?max_old_space_size@ResourceConstraints@v8@@QEBAHXZ 0000000180001980 f i binding.obj
 0001:00000990       ?set_max_old_space_size@ResourceConstraints@v8@@QEAAXH@Z 0000000180001990 f i binding.obj
 0001:000009a0       ?set_max_executable_size@ResourceConstraints@v8@@QEAAXH@Z 00000001800019a0 f i binding.obj
 0001:000009b0       ?set_stack_limit@ResourceConstraints@v8@@QEAAXPEAI@Z 00000001800019b0 f i binding.obj
 0001:000009c0       ?total_available_size@HeapStatistics@v8@@QEAA_KXZ 00000001800019c0 f i binding.obj
 0001:000009c0       ?space_available_size@HeapSpaceStatistics@v8@@QEAA_KXZ 00000001800019c0 f i binding.obj
 0001:000009c0       ?code_range_size@ResourceConstraints@v8@@QEBA_KXZ 00000001800019c0 f i binding.obj
 0001:000009c0       ?object_size@HeapObjectStatistics@v8@@QEAA_KXZ 00000001800019c0 f i binding.obj
 0001:000009d0       ?set_code_range_size@ResourceConstraints@v8@@QEAAX_K@Z 00000001800019d0 f i binding.obj
 0001:000009e0       ??4ResourceConstraints@v8@@QEAAAEAV01@AEBV01@@Z 00000001800019e0 f i binding.obj
 0001:000009e0       ??4HeapObjectStatistics@v8@@QEAAAEAV01@AEBV01@@Z 00000001800019e0 f i binding.obj
 0001:00000a00       ?physical_space_size@HeapSpaceStatistics@v8@@QEAA_KXZ 0000000180001a00 f i binding.obj
 0001:00000a00       ?used_heap_size@HeapStatistics@v8@@QEAA_KXZ 0000000180001a00 f i binding.obj
 0001:00000a10       ?heap_size_limit@HeapStatistics@v8@@QEAA_KXZ 0000000180001a10 f i binding.obj
 0001:00000a20       ?malloced_memory@HeapStatistics@v8@@QEAA_KXZ 0000000180001a20 f i binding.obj
 0001:00000a30       ?does_zap_garbage@HeapStatistics@v8@@QEAA_KXZ 0000000180001a30 f i binding.obj
 0001:00000a40       ??4HeapStatistics@v8@@QEAAAEAV01@AEBV01@@Z 0000000180001a40 f i binding.obj
 0001:00000a70       ??4HeapSpaceStatistics@v8@@QEAAAEAV01@AEBV01@@Z 0000000180001a70 f i binding.obj
 0001:00000a90       ??1PersistentHandleVisitor@v8@@UEAA@XZ 0000000180001a90 f i binding.obj
 0001:00000a90       ??1ExternalResourceVisitor@v8@@UEAA@XZ 0000000180001a90 f i binding.obj
 0001:00000aa0       ??0ExternalResourceVisitor@v8@@QEAA@XZ 0000000180001aa0 f i binding.obj
 0001:00000aa0       ??0ExternalResourceVisitor@v8@@QEAA@AEBV01@@Z 0000000180001aa0 f i binding.obj
 0001:00000aa0       ??0PersistentHandleVisitor@v8@@QEAA@XZ 0000000180001aa0 f i binding.obj
 0001:00000aa0       ??0PersistentHandleVisitor@v8@@QEAA@AEBV01@@Z 0000000180001aa0 f i binding.obj
 0001:00000ab0       ??_EPersistentHandleVisitor@v8@@UEAAPEAXI@Z 0000000180001ab0 f i binding.obj
 0001:00000ab0       ??_EExternalResourceVisitor@v8@@UEAAPEAXI@Z 0000000180001ab0 f i binding.obj
 0001:00000b30       ??0Scope@Isolate@v8@@QEAA@PEAV12@@Z 0000000180001b30 f i binding.obj
 0001:00000b50       ??1Scope@Isolate@v8@@QEAA@XZ 0000000180001b50 f i binding.obj
 0001:00000b60       ?JSStackComparableAddress@TryCatch@v8@@SAPEAXPEAV12@@Z 0000000180001b60 f i binding.obj
 0001:00000b70       ??0ExtensionConfiguration@v8@@QEAA@XZ 0000000180001b70 f i binding.obj
 0001:00000b80       ??0ExtensionConfiguration@v8@@QEAA@HQEAPEBD@Z 0000000180001b80 f i binding.obj
 0001:00000b90       ?end@ExtensionConfiguration@v8@@QEBAPEAPEBDXZ 0000000180001b90 f i binding.obj
 0001:00000ba0       ??0Unlocker@v8@@QEAA@PEAVIsolate@1@@Z 0000000180001ba0 f i binding.obj
 0001:00000bc0       ??4Unlocker@v8@@QEAAAEAV01@AEBV01@@Z 0000000180001bc0 f i binding.obj
 0001:00000bd0       ??0Locker@v8@@QEAA@PEAVIsolate@1@@Z 0000000180001bd0 f i binding.obj
 0001:00000bf0       ?New@Boolean@v8@@SA?AV?$Local@VBoolean@v8@@@2@PEAVIsolate@2@_N@Z 0000000180001bf0 f i binding.obj
 0001:00000c20       ?Set@Template@v8@@QEAAXPEAVIsolate@2@PEBDV?$Local@VData@v8@@@2@@Z 0000000180001c20 f i binding.obj
 0001:00000c80       ?GetInternalField@Object@v8@@QEAA?AV?$Local@VValue@v8@@@2@H@Z 0000000180001c80 f i binding.obj
 0001:00000cd0       ?GetAlignedPointerFromInternalField@Object@v8@@QEAAPEAXH@Z 0000000180001cd0 f i binding.obj
 0001:00000cf0       ?Empty@String@v8@@SA?AV?$Local@VString@v8@@@2@PEAVIsolate@2@@Z 0000000180001cf0 f i binding.obj
 0001:00000d00       ?GetExternalStringResource@String@v8@@QEBAPEAVExternalStringResource@12@XZ 0000000180001d00 f i binding.obj
 0001:00000d20       ?GetExternalStringResourceBase@String@v8@@QEBAPEAVExternalStringResourceBase@12@PEAW4Encoding@12@@Z 0000000180001d20 f i binding.obj
 0001:00000d50       ?IsUndefined@Value@v8@@QEBA_NXZ 0000000180001d50 f i binding.obj
 0001:00000d80       ?QuickIsUndefined@Value@v8@@AEBA_NXZ 0000000180001d80 f i binding.obj
 0001:00000db0       ?IsNull@Value@v8@@QEBA_NXZ 0000000180001db0 f i binding.obj
 0001:00000de0       ?QuickIsNull@Value@v8@@AEBA_NXZ 0000000180001de0 f i binding.obj
 0001:00000e10       ?IsString@Value@v8@@QEBA_NXZ 0000000180001e10 f i binding.obj
 0001:00000e40       ?QuickIsString@Value@v8@@AEBA_NXZ 0000000180001e40 f i binding.obj
 0001:00000e70       ?ToBoolean@Value@v8@@QEBA?AV?$Local@VBoolean@v8@@@2@XZ 0000000180001e70 f i binding.obj
 0001:00000ee0       ?ToNumber@Value@v8@@QEBA?AV?$Local@VNumber@v8@@@2@XZ 0000000180001ee0 f i binding.obj
 0001:00000f50       ?ToString@Value@v8@@QEBA?AV?$Local@VString@v8@@@2@XZ 0000000180001f50 f i binding.obj
 0001:00000fc0       ?ToDetailString@Value@v8@@QEBA?AV?$Local@VString@v8@@@2@XZ 0000000180001fc0 f i binding.obj
 0001:00001030       ?ToObject@Value@v8@@QEBA?AV?$Local@VObject@v8@@@2@XZ 0000000180002030 f i binding.obj
 0001:000010a0       ?ToInteger@Value@v8@@QEBA?AV?$Local@VInteger@v8@@@2@XZ 00000001800020a0 f i binding.obj
 0001:00001110       ?ToUint32@Value@v8@@QEBA?AV?$Local@VUint32@v8@@@2@XZ 0000000180002110 f i binding.obj
 0001:00001180       ?ToInt32@Value@v8@@QEBA?AV?$Local@VInt32@v8@@@2@XZ 0000000180002180 f i binding.obj
 0001:000011f0       ?SetData@Isolate@v8@@QEAAXIPEAX@Z 00000001800021f0 f i binding.obj
 0001:00001200       ?GetData@Isolate@v8@@QEAAPEAXI@Z 0000000180002200 f i binding.obj
 0001:00001210       ?GetNumberOfDataSlots@Isolate@v8@@SAIXZ 0000000180002210 f i binding.obj
 0001:00001220       ?AdjustAmountOfExternalAllocatedMemory@Isolate@v8@@QEAA_J_J@Z 0000000180002220 f i binding.obj
 0001:00001280       ?GetEmbedderData@Context@v8@@QEAA?AV?$Local@VValue@v8@@@2@H@Z 0000000180002280 f i binding.obj
 0001:000012b0       ?GetAlignedPointerFromEmbedderData@Context@v8@@QEAAPEAXH@Z 00000001800022b0 f i binding.obj
 0001:000012c0       ?SetAllowCodeGenerationFromStringsCallback@V8@v8@@SAXP6A_NV?$Local@VContext@v8@@@2@@Z@Z 00000001800022c0 f i binding.obj
 0001:000012f0       ?IsDead@V8@v8@@SA_NXZ      00000001800022f0 f i binding.obj
 0001:00001310       ?AddMessageListener@V8@v8@@SA_NP6AXV?$Local@VMessage@v8@@@2@V?$Local@VValue@v8@@@2@@Z1@Z 0000000180002310 f i binding.obj
 0001:00001340       ?RemoveMessageListeners@V8@v8@@SAXP6AXV?$Local@VMessage@v8@@@2@V?$Local@VValue@v8@@@2@@Z@Z 0000000180002340 f i binding.obj
 0001:00001370       ?SetFailedAccessCheckCallbackFunction@V8@v8@@SAXP6AXV?$Local@VObject@v8@@@2@W4AccessType@2@V?$Local@VValue@v8@@@2@@Z@Z 0000000180002370 f i binding.obj
 0001:000013a0       ?SetCaptureStackTraceForUncaughtExceptions@V8@v8@@SAX_NHW4StackTraceOptions@StackTrace@2@@Z 00000001800023a0 f i binding.obj
 0001:000013e0       ?SetFatalErrorHandler@V8@v8@@SAXP6AXPEBD0@Z@Z 00000001800023e0 f i binding.obj
 0001:00001410       ?RemoveGCPrologueCallback@V8@v8@@SAXP6AXW4GCType@2@W4GCCallbackFlags@2@@Z@Z 0000000180002410 f i binding.obj
 0001:00001440       ?RemoveGCEpilogueCallback@V8@v8@@SAXP6AXW4GCType@2@W4GCCallbackFlags@2@@Z@Z 0000000180002440 f i binding.obj
 0001:00001470       ?AddMemoryAllocationCallback@V8@v8@@SAXP6AXW4ObjectSpace@2@W4AllocationAction@2@H@Z01@Z 0000000180002470 f i binding.obj
 0001:000014b0       ?RemoveMemoryAllocationCallback@V8@v8@@SAXP6AXW4ObjectSpace@2@W4AllocationAction@2@H@Z@Z 00000001800024b0 f i binding.obj
 0001:000014e0       ?TerminateExecution@V8@v8@@SAXPEAVIsolate@2@@Z 00000001800024e0 f i binding.obj
 0001:000014f0       ?IsExecutionTerminating@V8@v8@@SA_NPEAVIsolate@2@@Z 00000001800024f0 f i binding.obj
 0001:00001510       ?CancelTerminateExecution@V8@v8@@SAXPEAVIsolate@2@@Z 0000000180002510 f i binding.obj
 0001:00001520       ?VisitExternalResources@V8@v8@@SAXPEAVExternalResourceVisitor@2@@Z 0000000180002520 f i binding.obj
 0001:00001550       ?VisitHandlesWithClassIds@V8@v8@@SAXPEAVPersistentHandleVisitor@2@@Z 0000000180002550 f i binding.obj
 0001:00001580       ?VisitHandlesWithClassIds@V8@v8@@SAXPEAVIsolate@2@PEAVPersistentHandleVisitor@2@@Z 0000000180002580 f i binding.obj
 0001:00001590       ?VisitHandlesForPartialDependence@V8@v8@@SAXPEAVIsolate@2@PEAVPersistentHandleVisitor@2@@Z 0000000180002590 f i binding.obj
 0001:000017c0       ?New@?$Factory@VFunctionTemplate@v8@@@imp@Nan@@SA?AV?$Local@VFunctionTemplate@v8@@@v8@@P6AXAEBV?$FunctionCallbackInfo@VValue@v8@@@3@@ZV?$Local@VValue@v8@@@5@V?$Local@VSignature@v8@@@5@@Z 00000001800027c0 f i binding.obj
 0001:00001950       ?ThrowError@Nan@@YAXPEBD@Z 0000000180002950 f i binding.obj
 0001:000019e0       ?ThrowRangeError@Nan@@YAXPEBD@Z 00000001800029e0 f i binding.obj
 0001:00001a70       ?ThrowTypeError@Nan@@YAXPEBD@Z 0000000180002a70 f i binding.obj
 0001:00001b00       ??0Utf8String@Nan@@QEAA@V?$Local@VValue@v8@@@v8@@@Z 0000000180002b00 f i binding.obj
 0001:00001c10       ?SetPrototypeMethod@Nan@@YAXV?$Local@VFunctionTemplate@v8@@@v8@@PEBDP6AXAEBV?$FunctionCallbackInfo@VValue@v8@@@1@@Z@Z 0000000180002c10 f i binding.obj
 0001:00001d00       ?SetAccessor@Nan@@YAXV?$Local@VObjectTemplate@v8@@@v8@@V?$Local@VString@v8@@@3@P6AX1AEBV?$PropertyCallbackInfo@VValue@v8@@@1@@ZP6AX1V?$Local@VValue@v8@@@3@AEBV?$PropertyCallbackInfo@X@1@@Z4W4AccessControl@3@W4PropertyAttribute@3@V?$Local@VAccessorSignature@v8@@@3@@Z 0000000180002d00 f i binding.obj
 0001:00001e90       ?Wrap@ObjectWrap@Nan@@IEAAXV?$Local@VObject@v8@@@v8@@@Z 0000000180002e90 f i binding.obj
 0001:00001f70       ?Ref@ObjectWrap@Nan@@MEAAXXZ 0000000180002f70 f i binding.obj
 0001:00001fb0       ?Unref@ObjectWrap@Nan@@MEAAXXZ 0000000180002fb0 f i binding.obj
 0001:00002060       ?WeakCallback@ObjectWrap@Nan@@CAXAEBV?$WeakCallbackInfo@VObjectWrap@Nan@@@v8@@@Z 0000000180003060 f i binding.obj
 0001:000020f0       ??_GObjectWrap@Nan@@UEAAPEAXI@Z 00000001800030f0 f i binding.obj
 0001:000020f0       ??_EObjectWrap@Nan@@UEAAPEAXI@Z 00000001800030f0 f i * CIL library *:* CIL module *
 0001:00002180       ?Initialize@Context@zmq@@SAXV?$Local@VObject@v8@@@v8@@@Z 0000000180003180 f   binding.obj
 0001:00002380       ??1Context@zmq@@UEAA@XZ    0000000180003380 f   binding.obj
 0001:00002450       ??_GContext@zmq@@UEAAPEAXI@Z 0000000180003450 f i binding.obj
 0001:00002450       ??_EContext@zmq@@UEAAPEAXI@Z 0000000180003450 f i * CIL library *:* CIL module *
 0001:00002480       ?New@Context@zmq@@CAXAEBV?$FunctionCallbackInfo@VValue@v8@@@Nan@@@Z 0000000180003480 f   binding.obj
 0001:00002630       ??0runtime_error@std@@QEAA@AEBV01@@Z 0000000180003630 f i binding.obj
 0001:00002650       ?GetContext@Context@zmq@@CAPEAV12@AEBV?$FunctionCallbackInfo@VValue@v8@@@Nan@@@Z 0000000180003650 f   binding.obj
 0001:00002650       ?GetSocket@Socket@zmq@@CAPEAV12@AEBV?$FunctionCallbackInfo@VValue@v8@@@Nan@@@Z 0000000180003650 f   binding.obj
 0001:000026d0       ?Close@Context@zmq@@CAXAEBV?$FunctionCallbackInfo@VValue@v8@@@Nan@@@Z 00000001800036d0 f   binding.obj
 0001:000027a0       ?SetOpt@Context@zmq@@CAXAEBV?$FunctionCallbackInfo@VValue@v8@@@Nan@@@Z 00000001800037a0 f   binding.obj
 0001:00002a00       ?GetOpt@Context@zmq@@CAXAEBV?$FunctionCallbackInfo@VValue@v8@@@Nan@@@Z 0000000180003a00 f   binding.obj
 0001:00002bd0       ?Initialize@Socket@zmq@@SAXV?$Local@VObject@v8@@@v8@@@Z 0000000180003bd0 f   binding.obj
 0001:000031b0       ??1Socket@zmq@@UEAA@XZ     00000001800041b0 f   binding.obj
 0001:00003230       ??_ESocket@zmq@@UEAAPEAXI@Z 0000000180004230 f i * CIL library *:* CIL module *
 0001:00003230       ??_GSocket@zmq@@UEAAPEAXI@Z 0000000180004230 f i binding.obj
 0001:00003260       ?New@Socket@zmq@@CAXAEBV?$FunctionCallbackInfo@VValue@v8@@@Nan@@@Z 0000000180004260 f   binding.obj
 0001:00003460       ?PollForEvents@Socket@zmq@@AEAAFXZ 0000000180004460 f   binding.obj
 0001:00003500       ?NotifyReadReady@Socket@zmq@@QEAAXXZ 0000000180004500 f   binding.obj
 0001:00003620       ?NotifySendReady@Socket@zmq@@QEAAXXZ 0000000180004620 f   binding.obj
 0001:00003740       ?UV_PollCallback@Socket@zmq@@CAXPEAUuv_poll_s@@HH@Z 0000000180004740 f   binding.obj
 0001:00003820       ?MonitorEvent@Socket@zmq@@QEAAXGHPEAD@Z 0000000180004820 f   binding.obj
 0001:00003a60       ?MonitorError@Socket@zmq@@QEAAXPEBD@Z 0000000180004a60 f   binding.obj
 0001:00003bf0       ?UV_MonitorCallback@Socket@zmq@@CAXPEAUuv_timer_s@@H@Z 0000000180004bf0 f   binding.obj
 0001:00003e20       ??0Socket@zmq@@AEAA@PEAVContext@1@H@Z 0000000180004e20 f   binding.obj
 0001:00003f90       ?GetState@Socket@zmq@@CAXV?$Local@VString@v8@@@v8@@AEBV?$PropertyCallbackInfo@VValue@v8@@@Nan@@@Z 0000000180004f90 f   binding.obj
 0001:00004090       ?GetPending@Socket@zmq@@CAXV?$Local@VString@v8@@@v8@@AEBV?$PropertyCallbackInfo@VValue@v8@@@Nan@@@Z 0000000180005090 f   binding.obj
 0001:00004130       ?SetPending@Socket@zmq@@CAXV?$Local@VString@v8@@@v8@@V?$Local@VValue@v8@@@4@AEBV?$PropertyCallbackInfo@X@Nan@@@Z 0000000180005130 f   binding.obj
 0001:00004250       ??$GetSockOpt@PEAD@Socket@zmq@@AEAA?AV?$Local@VValue@v8@@@v8@@H@Z 0000000180005250 f   binding.obj
 0001:000043d0       ??$SetSockOpt@PEAD@Socket@zmq@@AEAA?AV?$Local@VValue@v8@@@v8@@HV23@@Z 00000001800053d0 f   binding.obj
 0001:00004590       ?GetSockOpt@Socket@zmq@@CAXAEBV?$FunctionCallbackInfo@VValue@v8@@@Nan@@@Z 0000000180005590 f   binding.obj
 0001:00004880       ?SetSockOpt@Socket@zmq@@CAXAEBV?$FunctionCallbackInfo@VValue@v8@@@Nan@@@Z 0000000180005880 f   binding.obj
 0001:00004bd0       ?AttachToEventLoop@Socket@zmq@@CAXAEBV?$FunctionCallbackInfo@VValue@v8@@@Nan@@@Z 0000000180005bd0 f   binding.obj
 0001:00004d00       ?DetachFromEventLoop@Socket@zmq@@CAXAEBV?$FunctionCallbackInfo@VValue@v8@@@Nan@@@Z 0000000180005d00 f   binding.obj
 0001:00004e30       ??0BindState@Socket@zmq@@QEAA@PEAV12@V?$Local@VFunction@v8@@@v8@@V?$Local@VString@v8@@@4@@Z 0000000180005e30 f i binding.obj
 0001:00004f10       ?Bind@Socket@zmq@@CAXAEBV?$FunctionCallbackInfo@VValue@v8@@@Nan@@@Z 0000000180005f10 f   binding.obj
 0001:00005100       ?UV_BindAsync@Socket@zmq@@CAXPEAUuv_work_s@@@Z 0000000180006100 f   binding.obj
 0001:00005130       ?UV_BindAsyncAfter@Socket@zmq@@CAXPEAUuv_work_s@@@Z 0000000180006130 f   binding.obj
 0001:000053a0       ?BindSync@Socket@zmq@@CAXAEBV?$FunctionCallbackInfo@VValue@v8@@@Nan@@@Z 00000001800063a0 f   binding.obj
 0001:00005560       ?Unbind@Socket@zmq@@CAXAEBV?$FunctionCallbackInfo@VValue@v8@@@Nan@@@Z 0000000180006560 f   binding.obj
 0001:00005750       ?UV_UnbindAsync@Socket@zmq@@CAXPEAUuv_work_s@@@Z 0000000180006750 f   binding.obj
 0001:00005780       ?UV_UnbindAsyncAfter@Socket@zmq@@CAXPEAUuv_work_s@@@Z 0000000180006780 f   binding.obj
 0001:000059f0       ?UnbindSync@Socket@zmq@@CAXAEBV?$FunctionCallbackInfo@VValue@v8@@@Nan@@@Z 00000001800069f0 f   binding.obj
 0001:00005bb0       ?Connect@Socket@zmq@@CAXAEBV?$FunctionCallbackInfo@VValue@v8@@@Nan@@@Z 0000000180006bb0 f   binding.obj
 0001:00005d90       ?Disconnect@Socket@zmq@@CAXAEBV?$FunctionCallbackInfo@VValue@v8@@@Nan@@@Z 0000000180006d90 f   binding.obj
 0001:00005f60       ?FreeCallback@IncomingMessage@Socket@zmq@@CAXPEADPEAX@Z 0000000180006f60 f i binding.obj
 0001:00005fc0       ??_GMessageReference@IncomingMessage@Socket@zmq@@QEAAPEAXI@Z 0000000180006fc0 f i binding.obj
 0001:00006020       ?Monitor@Socket@zmq@@CAXAEBV?$FunctionCallbackInfo@VValue@v8@@@Nan@@@Z 0000000180007020 f   binding.obj
 0001:00006340       ?Unmonitor@Socket@zmq@@AEAAXXZ 0000000180007340 f   binding.obj
 0001:000063c0       ?Unmonitor@Socket@zmq@@CAXAEBV?$FunctionCallbackInfo@VValue@v8@@@Nan@@@Z 00000001800073c0 f   binding.obj
 0001:00006450       ?Readv@Socket@zmq@@CAXAEBV?$FunctionCallbackInfo@VValue@v8@@@Nan@@@Z 0000000180007450 f   binding.obj
 0001:00006860       ?Recv@Socket@zmq@@CAXAEBV?$FunctionCallbackInfo@VValue@v8@@@Nan@@@Z 0000000180007860 f   binding.obj
 0001:00006b70       ?Sendv@Socket@zmq@@CAXAEBV?$FunctionCallbackInfo@VValue@v8@@@Nan@@@Z 0000000180007b70 f   binding.obj
 0001:00006f10       ?Send@Socket@zmq@@CAXAEBV?$FunctionCallbackInfo@VValue@v8@@@Nan@@@Z 0000000180007f10 f   binding.obj
 0001:00007120       ??_V@YAXPEAX@Z             0000000180008120 f   LIBCMT:delete2.obj
 0001:00007130       ?Close@Socket@zmq@@AEAAXXZ 0000000180008130 f   binding.obj
 0001:000071e0       ?Close@Socket@zmq@@CAXAEBV?$FunctionCallbackInfo@VValue@v8@@@Nan@@@Z 00000001800081e0 f   binding.obj
 0001:000090f0       init                       000000018000a0f0 f   binding.obj
 0001:000092e0       _register_zmq              000000018000a2e0 f   binding.obj
 0001:000092f0       ?count@?$_Tree@V?$_Tset_traits@HU?$less@H@std@@V?$allocator@H@2@$0A@@std@@@std@@QEBA_KAEBH@Z 000000018000a2f0 f i binding.obj
 0001:000093d0       ?erase@?$_Tree@V?$_Tset_traits@HU?$less@H@std@@V?$allocator@H@2@$0A@@std@@@std@@QEAA?AV?$_Tree_const_iterator@V?$_Tree_val@U?$_Tree_simple_types@H@std@@@std@@@2@V32@0@Z 000000018000a3d0 f i binding.obj
 0001:00009500       ?erase@?$_Tree@V?$_Tset_traits@HU?$less@H@std@@V?$allocator@H@2@$0A@@std@@@std@@QEAA?AV?$_Tree_const_iterator@V?$_Tree_val@U?$_Tree_simple_types@H@std@@@std@@@2@V32@@Z 000000018000a500 f i binding.obj
 0001:00009950       ?_Erase@?$_Tree@V?$_Tset_traits@HU?$less@H@std@@V?$allocator@H@2@$0A@@std@@@std@@IEAAXPEAU?$_Tree_node@HPEAX@2@@Z 000000018000a950 f i binding.obj
 0001:000099a0       ?_Lrotate@?$_Tree@V?$_Tset_traits@HU?$less@H@std@@V?$allocator@H@2@$0A@@std@@@std@@IEAAXPEAU?$_Tree_node@HPEAX@2@@Z 000000018000a9a0 f i binding.obj
 0001:00009a00       ?_Rrotate@?$_Tree@V?$_Tset_traits@HU?$less@H@std@@V?$allocator@H@2@$0A@@std@@@std@@IEAAXPEAU?$_Tree_node@HPEAX@2@@Z 000000018000aa00 f i binding.obj
 0001:00009a60       ??$Unwrap@VSocket@zmq@@@ObjectWrap@Nan@@SAPEAVSocket@zmq@@V?$Local@VObject@v8@@@v8@@@Z 000000018000aa60 f i binding.obj
 0001:00009a60       ??$Unwrap@VContext@zmq@@@ObjectWrap@Nan@@SAPEAVContext@zmq@@V?$Local@VObject@v8@@@v8@@@Z 000000018000aa60 f i binding.obj
 0001:00009ae0       ??$GetSockOpt@H@Socket@zmq@@AEAA?AV?$Local@VValue@v8@@@v8@@H@Z 000000018000aae0 f i binding.obj
 0001:00009c40       ??$GetSockOpt@I@Socket@zmq@@AEAA?AV?$Local@VValue@v8@@@v8@@H@Z 000000018000ac40 f i binding.obj
 0001:00009db0       ??$GetSockOpt@_J@Socket@zmq@@AEAA?AV?$Local@VValue@v8@@@v8@@H@Z 000000018000adb0 f i binding.obj
 0001:00009f10       ??$GetSockOpt@_K@Socket@zmq@@AEAA?AV?$Local@VValue@v8@@@v8@@H@Z 000000018000af10 f i binding.obj
 0001:0000a080       ??$SetSockOpt@H@Socket@zmq@@AEAA?AV?$Local@VValue@v8@@@v8@@HV23@@Z 000000018000b080 f i binding.obj
 0001:0000a240       ??$SetSockOpt@I@Socket@zmq@@AEAA?AV?$Local@VValue@v8@@@v8@@HV23@@Z 000000018000b240 f i binding.obj
 0001:0000a400       ??$SetSockOpt@_J@Socket@zmq@@AEAA?AV?$Local@VValue@v8@@@v8@@HV23@@Z 000000018000b400 f i binding.obj
 0001:0000a5d0       ??$_snprintf_s@$0BA@@@YAHAEAY0BA@D_KPEBDZZ 000000018000b5d0 f i binding.obj
 0001:0000a600       ??$SetMethod@VObject@v8@@VLocal@2@@Nan@@YAXV?$Local@VObject@v8@@@v8@@PEBDP6AXAEBV?$FunctionCallbackInfo@VValue@v8@@@0@@Z@Z 000000018000b600 f i binding.obj
 0001:0000a6b0       ??$_Insert_nohint@HU_Nil@std@@@?$_Tree@V?$_Tset_traits@HU?$less@H@std@@V?$allocator@H@2@$0A@@std@@@std@@IEAA?AU?$pair@V?$_Tree_const_iterator@V?$_Tree_val@U?$_Tree_simple_types@H@std@@@std@@@std@@_N@1@_N$$QEAHU_Nil@1@@Z 000000018000b6b0 f i binding.obj
 0001:0000a800       ??$SetMethodAux@V?$Local@VObject@v8@@@v8@@@imp@Nan@@YAXV?$Local@VObject@v8@@@v8@@V?$Local@VString@v8@@@3@V?$Local@VFunctionTemplate@v8@@@3@ZZ 000000018000b800 f i binding.obj
 0001:0000a870       ??$_Insert_at@HU_Nil@std@@@?$_Tree@V?$_Tset_traits@HU?$less@H@std@@V?$allocator@H@2@$0A@@std@@@std@@IEAA?AV?$_Tree_const_iterator@V?$_Tree_val@U?$_Tree_simple_types@H@std@@@std@@@1@_NPEAU?$_Tree_node@HPEAX@1@$$QEAHU_Nil@1@@Z 000000018000b870 f i binding.obj
 0001:0000ac6c       __HrLoadAllImportsForDll   000000018000bc6c f   DelayImp:delayhlp.obj
 0001:0000ace0       __delayLoadHelper2         000000018000bce0 f   DelayImp:delayhlp.obj
 0001:0000af78       ?ResetToBookmark@ExternalSourceStream@ScriptCompiler@v8@@UEAAXXZ 000000018000bf78 f   iojs:node.dll
 0001:0000af7e       ?SetBookmark@ExternalSourceStream@ScriptCompiler@v8@@UEAA_NXZ 000000018000bf7e f   iojs:node.dll
 0001:0000af84       __imp_load_zmq_socket_monitor 000000018000bf84 f   libzmq-v100-mt-4_0_4:libzmq-v100-mt-4_0_4.dll
 0001:0000af90       __tailMerge_libzmq_v100_mt_4_0_4_dll 000000018000bf90 f i libzmq-v100-mt-4_0_4:libzmq-v100-mt-4_0_4.dll
 0001:0000b009       __imp_load_zmq_msg_more    000000018000c009 f   libzmq-v100-mt-4_0_4:libzmq-v100-mt-4_0_4.dll
 0001:0000b015       __imp_load_zmq_bind        000000018000c015 f   libzmq-v100-mt-4_0_4:libzmq-v100-mt-4_0_4.dll
 0001:0000b021       __imp_load_zmq_close       000000018000c021 f   libzmq-v100-mt-4_0_4:libzmq-v100-mt-4_0_4.dll
 0001:0000b02d       __imp_load_zmq_errno       000000018000c02d f   libzmq-v100-mt-4_0_4:libzmq-v100-mt-4_0_4.dll
 0001:0000b039       __imp_load_zmq_msg_size    000000018000c039 f   libzmq-v100-mt-4_0_4:libzmq-v100-mt-4_0_4.dll
 0001:0000b045       __imp_load_zmq_init        000000018000c045 f   libzmq-v100-mt-4_0_4:libzmq-v100-mt-4_0_4.dll
 0001:0000b051       __imp_load_zmq_version     000000018000c051 f   libzmq-v100-mt-4_0_4:libzmq-v100-mt-4_0_4.dll
 0001:0000b05d       __imp_load_zmq_poll        000000018000c05d f   libzmq-v100-mt-4_0_4:libzmq-v100-mt-4_0_4.dll
 0001:0000b069       __imp_load_zmq_msg_data    000000018000c069 f   libzmq-v100-mt-4_0_4:libzmq-v100-mt-4_0_4.dll
 0001:0000b075       __imp_load_zmq_strerror    000000018000c075 f   libzmq-v100-mt-4_0_4:libzmq-v100-mt-4_0_4.dll
 0001:0000b081       __imp_load_zmq_socket      000000018000c081 f   libzmq-v100-mt-4_0_4:libzmq-v100-mt-4_0_4.dll
 0001:0000b08d       __imp_load_zmq_msg_init_size 000000018000c08d f   libzmq-v100-mt-4_0_4:libzmq-v100-mt-4_0_4.dll
 0001:0000b099       __imp_load_zmq_setsockopt  000000018000c099 f   libzmq-v100-mt-4_0_4:libzmq-v100-mt-4_0_4.dll
 0001:0000b0a5       __imp_load_zmq_unbind      000000018000c0a5 f   libzmq-v100-mt-4_0_4:libzmq-v100-mt-4_0_4.dll
 0001:0000b0b1       __imp_load_zmq_term        000000018000c0b1 f   libzmq-v100-mt-4_0_4:libzmq-v100-mt-4_0_4.dll
 0001:0000b0bd       __imp_load_zmq_connect     000000018000c0bd f   libzmq-v100-mt-4_0_4:libzmq-v100-mt-4_0_4.dll
 0001:0000b0c9       __imp_load_zmq_msg_close   000000018000c0c9 f   libzmq-v100-mt-4_0_4:libzmq-v100-mt-4_0_4.dll
 0001:0000b0d5       __imp_load_zmq_msg_send    000000018000c0d5 f   libzmq-v100-mt-4_0_4:libzmq-v100-mt-4_0_4.dll
 0001:0000b0e1       __imp_load_zmq_ctx_set     000000018000c0e1 f   libzmq-v100-mt-4_0_4:libzmq-v100-mt-4_0_4.dll
 0001:0000b0ed       __imp_load_zmq_recvmsg     000000018000c0ed f   libzmq-v100-mt-4_0_4:libzmq-v100-mt-4_0_4.dll
 0001:0000b0f9       __imp_load_zmq_msg_recv    000000018000c0f9 f   libzmq-v100-mt-4_0_4:libzmq-v100-mt-4_0_4.dll
 0001:0000b105       __imp_load_zmq_curve_keypair 000000018000c105 f   libzmq-v100-mt-4_0_4:libzmq-v100-mt-4_0_4.dll
 0001:0000b111       __imp_load_zmq_getsockopt  000000018000c111 f   libzmq-v100-mt-4_0_4:libzmq-v100-mt-4_0_4.dll
 0001:0000b11d       __imp_load_zmq_ctx_get     000000018000c11d f   libzmq-v100-mt-4_0_4:libzmq-v100-mt-4_0_4.dll
 0001:0000b129       __imp_load_zmq_disconnect  000000018000c129 f   libzmq-v100-mt-4_0_4:libzmq-v100-mt-4_0_4.dll
 0001:0000b135       __imp_load_zmq_msg_init    000000018000c135 f   libzmq-v100-mt-4_0_4:libzmq-v100-mt-4_0_4.dll
 0001:0000b144       ??0bad_alloc@std@@QEAA@AEBV01@@Z 000000018000c144 f i libcpmt:xthrow.obj
 0001:0000b168       ??0length_error@std@@QEAA@AEBV01@@Z 000000018000c168 f i libcpmt:xthrow.obj
 0001:0000b18c       ??0logic_error@std@@QEAA@AEBV01@@Z 000000018000c18c f i libcpmt:xthrow.obj
 0001:0000b1b0       ??1bad_alloc@std@@UEAA@XZ  000000018000c1b0 f i libcpmt:xthrow.obj
 0001:0000b1c0       ??1length_error@std@@UEAA@XZ 000000018000c1c0 f i libcpmt:xthrow.obj
 0001:0000b1c8       ??_Gbad_alloc@std@@UEAAPEAXI@Z 000000018000c1c8 f i libcpmt:xthrow.obj
 0001:0000b1c8       ??_Ebad_alloc@std@@UEAAPEAXI@Z 000000018000c1c8 f i libcpmt:xthrow.obj
 0001:0000b204       ??_Glogic_error@std@@UEAAPEAXI@Z 000000018000c204 f i libcpmt:xthrow.obj
 0001:0000b204       ??_Elogic_error@std@@UEAAPEAXI@Z 000000018000c204 f i libcpmt:xthrow.obj
 0001:0000b204       ??_Elength_error@std@@UEAAPEAXI@Z 000000018000c204 f i libcpmt:xthrow.obj
 0001:0000b204       ??_Glength_error@std@@UEAAPEAXI@Z 000000018000c204 f i libcpmt:xthrow.obj
 0001:0000b234       ?_Xbad_alloc@std@@YAXXZ    000000018000c234 f   libcpmt:xthrow.obj
 0001:0000b278       ?_Xlength_error@std@@YAXPEBD@Z 000000018000c278 f   libcpmt:xthrow.obj
 0001:0000b2c0       __security_check_cookie    000000018000c2c0 f   LIBCMT:amdsecgs.obj
 0001:0000b2e0       _call_reportfault          000000018000c2e0 f   LIBCMT:invarg.obj
 0001:0000b3d4       _initp_misc_invarg         000000018000c3d4 f   LIBCMT:invarg.obj
 0001:0000b3dc       _invalid_parameter         000000018000c3dc f   LIBCMT:invarg.obj
 0001:0000b444       _invalid_parameter_noinfo  000000018000c444 f   LIBCMT:invarg.obj
 0001:0000b464       _invoke_watson             000000018000c464 f   LIBCMT:invarg.obj
 0001:0000b4a0       sprintf                    000000018000c4a0 f   LIBCMT:sprintf.obj
 0001:0000b550       memcpy                     000000018000c550 f   LIBCMT:memcpy.obj
 0001:0000b550       memmove                    000000018000c550 f   LIBCMT:memcpy.obj
 0001:0000bab8       _vsnprintf_helper          000000018000cab8 f   LIBCMT:vsnprnc.obj
 0001:0000bba0       _vsnprintf_s               000000018000cba0 f   LIBCMT:vsnprnc.obj
 0001:0000bbc0       _vsnprintf_s_l             000000018000cbc0 f   LIBCMT:vsnprnc.obj
 0001:0000bd08       free                       000000018000cd08 f   LIBCMT:free.obj
 0001:0000bd48       malloc                     000000018000cd48 f   LIBCMT:malloc.obj
 0001:0000be00       wcsncpy                    000000018000ce00 f   LIBCMT:wcsncpy.obj
 0001:0000be48       _wassert                   000000018000ce48 f   LIBCMT:wassert.obj
 0001:0000c7ac       __onexitinit               000000018000d7ac f   LIBCMT:onexit.obj
 0001:0000c7f0       _onexit                    000000018000d7f0 f   LIBCMT:onexit.obj
 0001:0000c8fc       atexit                     000000018000d8fc f   LIBCMT:onexit.obj
 0001:0000c914       wcsrchr                    000000018000d914 f   LIBCMT:wcsrchr.obj
 0001:0000c9c4       _purecall                  000000018000d9c4 f   LIBCMT:purevirt.obj
 0001:0000c9f0       ??3@YAXPEAX@Z              000000018000d9f0 f   LIBCMT:delete.obj
 0001:0000c9f8       __raise_securityfailure    000000018000d9f8 f   LIBCMT:gs_report.obj
 0001:0000ca44       __report_gsfailure         000000018000da44 f   LIBCMT:gs_report.obj
 0001:0000cb18       __report_rangecheckfailure 000000018000db18 f   LIBCMT:gs_report.obj
 0001:0000cb2c       __report_securityfailure   000000018000db2c f   LIBCMT:gs_report.obj
 0001:0000cbc8       _wfullpath                 000000018000dbc8 f   LIBCMT:wfullpat.obj
 0001:0000ccfc       ??_Etype_info@@UEAAPEAXI@Z 000000018000dcfc f i LIBCMT:typinfo.obj
 0001:0000ccfc       ??_Gtype_info@@UEAAPEAXI@Z 000000018000dcfc f i LIBCMT:typinfo.obj
 0001:0000cd38       ??2@YAPEAX_K@Z             000000018000dd38 f   LIBCMT:new.obj
 0001:0000cda4       ??0_LocaleUpdate@@QEAA@PEAUlocaleinfo_struct@@@Z 000000018000dda4 f i LIBCMT:stricmp.obj
 0001:0000ce4c       __ascii_stricmp            000000018000de4c f   LIBCMT:stricmp.obj
 0001:0000ce88       _stricmp                   000000018000de88 f   LIBCMT:stricmp.obj
 0001:0000ced0       _stricmp_l                 000000018000ded0 f   LIBCMT:stricmp.obj
 0001:0000cf84       _CRT_INIT                  000000018000df84 f   LIBCMT:dllcrt0.obj
 0001:0000d0e4       _DllMainCRTStartup         000000018000e0e4 f   LIBCMT:dllcrt0.obj
 0001:0000d260       strlen                     000000018000e260 f   LIBCMT:strlen.obj
 0001:0000d308       _CxxThrowException         000000018000e308 f   LIBCMT:throw.obj
 0001:0000d3d0       _fpmath                    000000018000e3d0 f   LIBCMT:fpinit.obj
 0001:0000d3d8       _cfltcvt_init              000000018000e3d8 f   LIBCMT:fpinit.obj
 0001:0000d460       ??0exception@std@@QEAA@AEBQEBD@Z 000000018000e460 f   LIBCMT:stdexcpt.obj
 0001:0000d490       ??0exception@std@@QEAA@AEBQEBDH@Z 000000018000e490 f   LIBCMT:stdexcpt.obj
 0001:0000d4ac       ??0exception@std@@QEAA@AEBV01@@Z 000000018000e4ac f   LIBCMT:stdexcpt.obj
 0001:0000d4d8       ??1exception@std@@UEAA@XZ  000000018000e4d8 f   LIBCMT:stdexcpt.obj
 0001:0000d4e8       ??4exception@std@@QEAAAEAV01@AEBV01@@Z 000000018000e4e8 f   LIBCMT:stdexcpt.obj
 0001:0000d52c       ??_Eexception@std@@UEAAPEAXI@Z 000000018000e52c f i LIBCMT:stdexcpt.obj
 0001:0000d52c       ??_Gexception@std@@UEAAPEAXI@Z 000000018000e52c f i LIBCMT:stdexcpt.obj
 0001:0000d568       ?_Copy_str@exception@std@@AEAAXPEBD@Z 000000018000e568 f   LIBCMT:stdexcpt.obj
 0001:0000d5c4       ?_Tidy@exception@std@@AEAAXXZ 000000018000e5c4 f   LIBCMT:stdexcpt.obj
 0001:0000d5ec       ?what@exception@std@@UEBAPEBDXZ 000000018000e5ec f   LIBCMT:stdexcpt.obj
 0001:0000d600       __crtCaptureCurrentContext 000000018000e600 f   LIBCMT:winapisupp.obj
 0001:0000d670       __crtCapturePreviousContext 000000018000e670 f   LIBCMT:winapisupp.obj
 0001:0000d6e4       __crtFlsAlloc              000000018000e6e4 f   LIBCMT:winapisupp.obj
 0001:0000d700       __crtFlsFree               000000018000e700 f   LIBCMT:winapisupp.obj
 0001:0000d71c       __crtFlsGetValue           000000018000e71c f   LIBCMT:winapisupp.obj
 0001:0000d738       __crtFlsSetValue           000000018000e738 f   LIBCMT:winapisupp.obj
 0001:0000d754       __crtInitializeCriticalSectionEx 000000018000e754 f   LIBCMT:winapisupp.obj
 0001:0000d780       __crtIsPackagedApp         000000018000e780 f   LIBCMT:winapisupp.obj
 0001:0000d7cc       __crtLoadWinApiPointers    000000018000e7cc f   LIBCMT:winapisupp.obj
 0001:0000dbc8       __crtSleep                 000000018000ebc8 f   LIBCMT:winapisupp.obj
 0001:0000dbd0       __crtTerminateProcess      000000018000ebd0 f   LIBCMT:winapisupp.obj
 0001:0000dbf0       __crtUnhandledException    000000018000ebf0 f   LIBCMT:winapisupp.obj
 0001:0000dc10       __crt_debugger_hook        000000018000ec10 f   LIBCMT:dbghook.obj
 0001:0000dc18       __GSHandlerCheck           000000018000ec18 f   LIBCMT:gshandler.obj
 0001:0000dc38       __GSHandlerCheckCommon     000000018000ec38 f   LIBCMT:gshandler.obj
 0001:0000dcb0       memset                     000000018000ecb0 f   LIBCMT:memset.obj
 0001:0000dedc       _flsbuf                    000000018000eedc f   LIBCMT:_flsbuf.obj
 0001:0000e068       _output_l                  000000018000f068 f   LIBCMT:output.obj
 0001:0000eb14       __doserrno                 000000018000fb14 f   LIBCMT:dosmap.obj
 0001:0000eb34       _dosmaperr                 000000018000fb34 f   LIBCMT:dosmap.obj
 0001:0000eb84       _errno                     000000018000fb84 f   LIBCMT:dosmap.obj
 0001:0000eba4       _get_errno_from_oserr      000000018000fba4 f   LIBCMT:dosmap.obj
 0001:0000ebf4       __isa_available_init       000000018000fbf4 f   LIBCMT:cpu_disp.obj
 0001:0000ed98       _output_s_l                000000018000fd98 f   LIBCMT:outputs.obj
 0001:0000f854       _heap_init                 0000000180010854 f   LIBCMT:heapinit.obj
 0001:0000f874       _heap_term                 0000000180010874 f   LIBCMT:heapinit.obj
 0001:0000f880       _callnewh                  0000000180010880 f   LIBCMT:handler.obj
 0001:0000f8b4       _initp_heap_handler        00000001800108b4 f   LIBCMT:handler.obj
 0001:0000f8bc       __crtCorExitProcess        00000001800108bc f   LIBCMT:crt0dat.obj
 0001:0000f900       __crtExitProcess           0000000180010900 f   LIBCMT:crt0dat.obj
 0001:0000f918       __freeCrtMemory            0000000180010918 f   LIBCMT:crt0dat.obj
 0001:0000fa60       _amsg_exit                 0000000180010a60 f   LIBCMT:crt0dat.obj
 0001:0000fa88       _cexit                     0000000180010a88 f   LIBCMT:crt0dat.obj
 0001:0000fa98       _cinit                     0000000180010a98 f   LIBCMT:crt0dat.obj
 0001:0000fb30       _exit                      0000000180010b30 f   LIBCMT:crt0dat.obj
 0001:0000fb3c       _init_pointers             0000000180010b3c f   LIBCMT:crt0dat.obj
 0001:0000fbe8       _initterm_e                0000000180010be8 f   LIBCMT:crt0dat.obj
 0001:0000fc24       _lockexit                  0000000180010c24 f   LIBCMT:crt0dat.obj
 0001:0000fc30       _unlockexit                0000000180010c30 f   LIBCMT:crt0dat.obj
 0001:0000fdd4       _FF_MSGBANNER              0000000180010dd4 f   LIBCMT:crt0msg.obj
 0001:0000fe18       _GET_RTERRMSG              0000000180010e18 f   LIBCMT:crt0msg.obj
 0001:0000fe48       _NMSG_WRITE                0000000180010e48 f   LIBCMT:crt0msg.obj
 0001:000100b8       memcpy_s                   00000001800110b8 f   LIBCMT:memcpy_s.obj
 0001:00010140       wcscat_s                   0000000180011140 f   LIBCMT:wcscat_s.obj
 0001:000101c8       wcscpy_s                   00000001800111c8 f   LIBCMT:wcscpy_s.obj
 0001:00010234       wcslen                     0000000180011234 f   LIBCMT:wcslen.obj
 0001:00010250       wcsncat_s                  0000000180011250 f   LIBCMT:wcsncat_s.obj
 0001:00010338       _set_abort_behavior        0000000180011338 f   LIBCMT:abort.obj
 0001:00010354       abort                      0000000180011354 f   LIBCMT:abort.obj
 0001:000103ac       _set_error_mode            00000001800113ac f   LIBCMT:errmode.obj
 0001:000103ec       _itow_s                    00000001800113ec f   LIBCMT:xtows.obj
 0001:00010524       __initstdio                0000000180011524 f   LIBCMT:_file.obj
 0001:000105bc       __endstdio                 00000001800115bc f   LIBCMT:_file.obj
 0001:000105ec       __iob_func                 00000001800115ec f   LIBCMT:_file.obj
 0001:000105f4       _lock_file                 00000001800115f4 f   LIBCMT:_file.obj
 0001:0001065c       _lock_file2                000000018001165c f   LIBCMT:_file.obj
 0001:00010690       _unlock_file               0000000180011690 f   LIBCMT:_file.obj
 0001:000106e0       _unlock_file2              00000001800116e0 f   LIBCMT:_file.obj
 0001:00010700       _fflush_nolock             0000000180011700 f   LIBCMT:fflush.obj
 0001:0001074c       _flush                     000000018001174c f   LIBCMT:fflush.obj
 0001:000107c8       _flushall                  00000001800117c8 f   LIBCMT:fflush.obj
 0001:000107d4       fflush                     00000001800117d4 f   LIBCMT:fflush.obj
 0001:00010900       setvbuf                    0000000180011900 f   LIBCMT:setvbuf.obj
 0001:00010a18       fwprintf                   0000000180011a18 f   LIBCMT:fwprintf.obj
 0001:00010aac       _vswprintf_c_l             0000000180011aac f   LIBCMT:vswprnc.obj
 0001:00010ae4       _vswprintf_helper          0000000180011ae4 f   LIBCMT:vswprnc.obj
 0001:00010c00       __get_sigabrt              0000000180011c00 f   LIBCMT:winsig.obj
 0001:00010c10       _initp_misc_winsig         0000000180011c10 f   LIBCMT:winsig.obj
 0001:00010c30       raise                      0000000180011c30 f   LIBCMT:winsig.obj
 0001:00010e64       __crtMessageBoxW           0000000180011e64 f   LIBCMT:crtmboxw.obj
 0001:000110d8       _msize                     00000001800120d8 f   LIBCMT:msize.obj
 0001:00011114       _calloc_crt                0000000180012114 f   LIBCMT:crtheap.obj
 0001:00011194       _malloc_crt                0000000180012194 f   LIBCMT:crtheap.obj
 0001:00011210       _realloc_crt               0000000180012210 f   LIBCMT:crtheap.obj
 0001:00011294       __C_specific_handler       0000000180012294 f   LIBCMT:chandler.obj
 0001:00011478       _initp_misc_purevirt       0000000180012478 f   LIBCMT:inithelp.obj
 0001:00011480       _wgetcwd                   0000000180012480 f   LIBCMT:wgetcwd.obj
 0001:00011490       _wgetdcwd                  0000000180012490 f   LIBCMT:wgetcwd.obj
 0001:000115e0       calloc                     00000001800125e0 f   LIBCMT:calloc.obj
 0001:00011640       strcmp                     0000000180012640 f   LIBCMT:strcmp.obj
 0001:000116a8       ?_Type_info_dtor@type_info@@CAXPEAV1@@Z 00000001800126a8 f   LIBCMT:typname.obj
 0001:00011714       __addlocaleref             0000000180012714 f   LIBCMT:localref.obj
 0001:000117a0       __freetlocinfo             00000001800127a0 f   LIBCMT:localref.obj
 0001:00011938       __removelocaleref          0000000180012938 f   LIBCMT:localref.obj
 0001:000119dc       __updatetlocinfo           00000001800129dc f   LIBCMT:localref.obj
 0001:00011a54       _updatetlocinfoEx_nolock   0000000180012a54 f   LIBCMT:localref.obj
 0001:00011ab8       __initmbctable             0000000180012ab8 f   LIBCMT:mbctype.obj
 0001:00011dd4       __updatetmbcinfo           0000000180012dd4 f   LIBCMT:mbctype.obj
 0001:00011e90       _setmbcp                   0000000180012e90 f   LIBCMT:mbctype.obj
 0001:000120d4       _setmbcp_nolock            00000001800130d4 f   LIBCMT:mbctype.obj
 0001:00012384       _tolower_l                 0000000180013384 f   LIBCMT:tolower.obj
 0001:000124d8       tolower                    00000001800134d8 f   LIBCMT:tolower.obj
 0001:000124f8       _freefls                   00000001800134f8 f   LIBCMT:tidtable.obj
 0001:0001262c       _freeptd                   000000018001362c f   LIBCMT:tidtable.obj
 0001:00012668       _getptd                    0000000180013668 f   LIBCMT:tidtable.obj
 0001:0001268c       _getptd_noexit             000000018001368c f   LIBCMT:tidtable.obj
 0001:00012710       _initptd                   0000000180013710 f   LIBCMT:tidtable.obj
 0001:000127d4       _mtinit                    00000001800137d4 f   LIBCMT:tidtable.obj
 0001:00012854       _mtterm                    0000000180013854 f   LIBCMT:tidtable.obj
 0001:00012878       _locterm                   0000000180013878 f   LIBCMT:wsetloca.obj
 0001:000128c0       _XcptFilter                00000001800138c0 f   LIBCMT:winxfltr.obj
 0001:00012a8c       __CppXcptFilter            0000000180013a8c f   LIBCMT:winxfltr.obj
 0001:00012aa0       _ioinit                    0000000180013aa0 f   LIBCMT:ioinit.obj
 0001:00012dd0       _ioterm                    0000000180013dd0 f   LIBCMT:ioinit.obj
 0001:00012e44       _setargv                   0000000180013e44 f   LIBCMT:stdargv.obj
 0001:00013100       _setenvp                   0000000180014100 f   LIBCMT:stdenvp.obj
 0001:00013234       __security_init_cookie     0000000180014234 f   LIBCMT:gs_support.obj
 0001:000132e0       DllMain                    00000001800142e0 f   LIBCMT:dllmain.obj
 0001:000132e8       __crtGetEnvironmentStringsA 00000001800142e8 f   LIBCMT:a_env.obj
 0001:000133dc       _RTC_Initialize            00000001800143dc f   LIBCMT:initsect.obj
 0001:00013414       _RTC_Terminate             0000000180014414 f   LIBCMT:initsect.obj
 0001:0001344c       __DestructExceptionObject  000000018001444c f   LIBCMT:frame.obj
 0001:000134bc       ?terminate@@YAXXZ          00000001800144bc f   LIBCMT:hooks.obj
 0001:000134dc       _initp_eh_hooks            00000001800144dc f   LIBCMT:hooks.obj
 0001:000134fc       _cfltcvt                   00000001800144fc f   LIBCMT:cvt.obj
 0001:00013520       _cfltcvt_l                 0000000180014520 f   LIBCMT:cvt.obj
 0001:000135a0       _cftoa_l                   00000001800145a0 f   LIBCMT:cvt.obj
 0001:00013b4c       _cftoe_l                   0000000180014b4c f   LIBCMT:cvt.obj
 0001:00013da8       _cftof_l                   0000000180014da8 f   LIBCMT:cvt.obj
 0001:00013e7c       _cftog_l                   0000000180014e7c f   LIBCMT:cvt.obj
 0001:00013fb0       _cropzeros                 0000000180014fb0 f   LIBCMT:cvt.obj
 0001:00013fb8       _cropzeros_l               0000000180014fb8 f   LIBCMT:cvt.obj
 0001:00014050       _fassign                   0000000180015050 f   LIBCMT:cvt.obj
 0001:00014058       _fassign_l                 0000000180015058 f   LIBCMT:cvt.obj
 0001:00014098       _forcdecpt                 0000000180015098 f   LIBCMT:cvt.obj
 0001:000140a0       _forcdecpt_l               00000001800150a0 f   LIBCMT:cvt.obj
 0001:00014120       _positive                  0000000180015120 f   LIBCMT:cvt.obj
 0001:00014134       _initp_misc_cfltcvt_tab    0000000180015134 f   LIBCMT:cmiscdat.obj
 0001:00014170       strcpy_s                   0000000180015170 f   LIBCMT:strcpy_s.obj
 0001:000141d4       _fileno                    00000001800151d4 f   LIBCMT:fileno.obj
 0001:000141fc       _isatty                    00000001800151fc f   LIBCMT:isatty.obj
 0001:0001425c       _write                     000000018001525c f   LIBCMT:write.obj
 0001:00014340       _write_nolock              0000000180015340 f   LIBCMT:write.obj
 0001:00014b34       _lseeki64                  0000000180015b34 f   LIBCMT:lseeki64.obj
 0001:00014c1c       _lseeki64_nolock           0000000180015c1c f   LIBCMT:lseeki64.obj
 0001:00014cb0       _getbuf                    0000000180015cb0 f   LIBCMT:_getbuf.obj
 0001:00014d04       _isleadbyte_l              0000000180015d04 f i LIBCMT:_wctype.obj
 0001:00014d48       isleadbyte                 0000000180015d48 f i LIBCMT:_wctype.obj
 0001:00014d90       _get_printf_count_output   0000000180015d90 f   LIBCMT:printf.obj
 0001:00014da8       _wctomb_s_l                0000000180015da8 f   LIBCMT:wctomb.obj
 0001:00014f34       wctomb_s                   0000000180015f34 f   LIBCMT:wctomb.obj
 0001:00014f48       _lock                      0000000180015f48 f   LIBCMT:mlock.obj
 0001:00014f8c       _mtdeletelocks             0000000180015f8c f   LIBCMT:mlock.obj
 0001:00015014       _mtinitlocknum             0000000180016014 f   LIBCMT:mlock.obj
 0001:000150d4       _mtinitlocks               00000001800160d4 f   LIBCMT:mlock.obj
 0001:00015138       _unlock                    0000000180016138 f   LIBCMT:mlock.obj
 0001:00015150       _FindPESection             0000000180016150 f   LIBCMT:pesect.obj
 0001:000151a0       _IsNonwritableInCurrentImage 00000001800161a0 f   LIBCMT:pesect.obj
 0001:000151f0       _ValidateImageBase         00000001800161f0 f   LIBCMT:pesect.obj
 0001:00015220       _initp_misc_rand_s         0000000180016220 f   LIBCMT:rand_s.obj
 0001:00015228       _ftbuf                     0000000180016228 f   LIBCMT:_sftbuf.obj
 0001:00015260       _stbuf                     0000000180016260 f   LIBCMT:_sftbuf.obj
 0001:00015330       wcsncpy_s                  0000000180016330 f   LIBCMT:wcsncpy_s.obj
 0001:000153fc       _fcloseall                 00000001800163fc f   LIBCMT:closeall.obj
 0001:000154a4       _commit                    00000001800164a4 f   LIBCMT:commit.obj
 0001:0001557c       _freebuf                   000000018001657c f   LIBCMT:_freebuf.obj
 0001:000155b4       _woutput_l                 00000001800165b4 f   LIBCMT:woutput.obj
 0001:00016174       realloc                    0000000180017174 f   LIBCMT:realloc.obj
 0001:00016248       _calloc_impl               0000000180017248 f   LIBCMT:calloc_impl.obj
 0001:00016300       _local_unwind              0000000180017300 f   LIBCMT:jmpuwind.obj
 0001:00016330       _NLG_Notify                0000000180017330 f   LIBCMT:jmpuwind.obj
 0001:00016350       __NLG_Dispatch2            0000000180017350 f   LIBCMT:jmpuwind.obj
 0001:00016360       __NLG_Return2              0000000180017360 f   LIBCMT:jmpuwind.obj
 0001:00016364       GetTableIndexFromLocaleName 0000000180017364 f   LIBCMT:winapinls.obj
 0001:000163f0       __crtDownlevelLocaleNameToLCID 00000001800173f0 f   LIBCMT:winapinls.obj
 0001:00016424       __crtLCMapStringEx         0000000180017424 f   LIBCMT:winapinls.obj
 0001:000164b4       __wcsnicmp_ascii           00000001800174b4 f   LIBCMT:winapinls.obj
 0001:0001650c       _validdrive                000000018001750c f   LIBCMT:getcwd.obj
 0001:0001658c       _getdrive                  000000018001758c f   LIBCMT:drive.obj
 0001:00016690       _get_fpsr                  0000000180017690 f   LIBCMT:fpsr.obj
 0001:000166a0       _set_fpsr                  00000001800176a0 f   LIBCMT:fpsr.obj
 0001:000166aa       _fclrf                     00000001800176aa f   LIBCMT:fpsr.obj
 0001:000166be       _frnd                      00000001800176be f   LIBCMT:fpsr.obj
 0001:000166e0       __free_lconv_mon           00000001800176e0 f   LIBCMT:initmon.obj
 0001:000167ec       __free_lconv_num           00000001800177ec f   LIBCMT:initnum.obj
 0001:00016858       __free_lc_time             0000000180017858 f   LIBCMT:inittime.obj
 0001:00016f40       __crtLCMapStringA          0000000180017f40 f   LIBCMT:a_map.obj
 0001:00017150       __crtGetStringTypeA        0000000180018150 f   LIBCMT:a_str.obj
 0001:000171cc       _isctype_l                 00000001800181cc f   LIBCMT:isctype.obj
 0001:000172c0       memcmp                     00000001800182c0 f   LIBCMT:memcmp.obj
 0001:00017404       _ismbblead                 0000000180018404 f   LIBCMT:ismbbyte.obj
 0001:00017430       _CallSettingFrame          0000000180018430 f   LIBCMT:handlers.obj
 0001:00017470       _GetNextInstrOffset        0000000180018470 f   LIBCMT:handlers.obj
 0001:00017478       isdigit                    0000000180018478 f i LIBCMT:_ctype.obj
 0001:000174f4       strrchr                    00000001800184f4 f   LIBCMT:strrchr.obj
 0001:00017638       _fptostr                   0000000180018638 f   LIBCMT:_fptostr.obj
 0001:00017704       __crt_atoflt_l             0000000180018704 f   LIBCMT:atodbl.obj
 0001:000177d4       _atodbl_l                  00000001800187d4 f   LIBCMT:atodbl.obj
 0001:0001789c       _atoflt_l                  000000018001889c f   LIBCMT:atodbl.obj
 0001:000178a4       __dtold                    00000001800188a4 f   LIBCMT:cfout.obj
 0001:00017974       _fltout2                   0000000180018974 f   LIBCMT:cfout.obj
 0001:00017a2c       _fptrap                    0000000180018a2c f   LIBCMT:crt0fp.obj
 0001:00017a38       __lock_fhandle             0000000180018a38 f   LIBCMT:osfinfo.obj
 0001:00017ad0       _free_osfhnd               0000000180018ad0 f   LIBCMT:osfinfo.obj
 0001:00017b7c       _get_osfhandle             0000000180018b7c f   LIBCMT:osfinfo.obj
 0001:00017bf0       _unlock_fhandle            0000000180018bf0 f   LIBCMT:osfinfo.obj
 0001:00017c1c       _mbtowc_l                  0000000180018c1c f   LIBCMT:mbtowc.obj
 0001:00017d70       mbtowc                     0000000180018d70 f   LIBCMT:mbtowc.obj
 0001:00017d78       _putwch_nolock             0000000180018d78 f   LIBCMT:putwch.obj
 0001:00017df0       __chkstk                   0000000180018df0 f   LIBCMT:chkstk.obj
 0001:00017df0       _alloca_probe              0000000180018df0 f   LIBCMT:chkstk.obj
 0001:00017e40       _fclose_nolock             0000000180018e40 f   LIBCMT:fclose.obj
 0001:00017ebc       fclose                     0000000180018ebc f   LIBCMT:fclose.obj
 0001:00017f24       _fputwc_nolock             0000000180018f24 f   LIBCMT:fputwc.obj
 0001:00018118       _ld12tod                   0000000180019118 f   LIBCMT:intrncvt.obj
 0001:000186d0       _ld12tof                   00000001800196d0 f   LIBCMT:intrncvt.obj
 0001:00018c88       __strgtold12_l             0000000180019c88 f   LIBCMT:strgtold.obj
 0001:000194ec       $I10_OUTPUT                000000018001a4ec f   LIBCMT:x10fout.obj
 0001:00019fc4       __termconout               000000018001afc4 f   LIBCMT:initcon.obj
 0001:00019fe4       __initconout               000000018001afe4 f   LIBCMT:initcon.obj
 0001:0001a020       _close                     000000018001b020 f   LIBCMT:close.obj
 0001:0001a0e4       _close_nolock              000000018001b0e4 f   LIBCMT:close.obj
 0001:0001a1a0       _flswbuf                   000000018001b1a0 f   LIBCMT:_flswbuf.obj
 0001:0001a330       __mtold12                  000000018001b330 f   LIBCMT:mantold.obj
 0001:0001a560       IsProcessorFeaturePresent  000000018001b560 f   kernel32:KERNEL32.dll
 0001:0001a566       RtlUnwindEx                000000018001b566 f   kernel32:KERNEL32.dll
 0002:00000000       __imp_GetModuleHandleW     000000018001c000     kernel32:KERNEL32.dll
 0002:00000008       __imp_GetModuleFileNameW   000000018001c008     kernel32:KERNEL32.dll
 0002:00000010       __imp_GetProcAddress       000000018001c010     kernel32:KERNEL32.dll
 0002:00000018       __imp_GetModuleHandleA     000000018001c018     kernel32:KERNEL32.dll
 0002:00000020       __imp_CreateFileW          000000018001c020     kernel32:KERNEL32.dll
 0002:00000028       __imp_SetStdHandle         000000018001c028     kernel32:KERNEL32.dll
 0002:00000030       __imp_GetStringTypeW       000000018001c030     kernel32:KERNEL32.dll
 0002:00000038       __imp_GetCurrentDirectoryW 000000018001c038     kernel32:KERNEL32.dll
 0002:00000040       __imp_GetDriveTypeW        000000018001c040     kernel32:KERNEL32.dll
 0002:00000048       __imp_LCMapStringW         000000018001c048     kernel32:KERNEL32.dll
 0002:00000050       __imp_HeapReAlloc          000000018001c050     kernel32:KERNEL32.dll
 0002:00000058       __imp_FlushFileBuffers     000000018001c058     kernel32:KERNEL32.dll
 0002:00000060       __imp_SetFilePointerEx     000000018001c060     kernel32:KERNEL32.dll
 0002:00000068       __imp_GetConsoleMode       000000018001c068     kernel32:KERNEL32.dll
 0002:00000070       __imp_GetConsoleCP         000000018001c070     kernel32:KERNEL32.dll
 0002:00000078       __imp_FreeEnvironmentStringsW 000000018001c078     kernel32:KERNEL32.dll
 0002:00000080       __imp_GetEnvironmentStringsW 000000018001c080     kernel32:KERNEL32.dll
 0002:00000088       __imp_GetSystemTimeAsFileTime 000000018001c088     kernel32:KERNEL32.dll
 0002:00000090       __imp_GetCurrentProcessId  000000018001c090     kernel32:KERNEL32.dll
 0002:00000098       __imp_QueryPerformanceCounter 000000018001c098     kernel32:KERNEL32.dll
 0002:000000a0       __imp_GetModuleFileNameA   000000018001c0a0     kernel32:KERNEL32.dll
 0002:000000a8       __imp_DeleteCriticalSection 000000018001c0a8     kernel32:KERNEL32.dll
 0002:000000b0       __imp_GetCPInfo            000000018001c0b0     kernel32:KERNEL32.dll
 0002:000000b8       __imp_GetOEMCP             000000018001c0b8     kernel32:KERNEL32.dll
 0002:000000c0       __imp_GetACP               000000018001c0c0     kernel32:KERNEL32.dll
 0002:000000c8       __imp_IsValidCodePage      000000018001c0c8     kernel32:KERNEL32.dll
 0002:000000d0       __imp_HeapSize             000000018001c0d0     kernel32:KERNEL32.dll
 0002:000000d8       __imp_LoadLibraryExW       000000018001c0d8     kernel32:KERNEL32.dll
 0002:000000e0       __imp_OutputDebugStringW   000000018001c0e0     kernel32:KERNEL32.dll
 0002:000000e8       __imp_LeaveCriticalSection 000000018001c0e8     kernel32:KERNEL32.dll
 0002:000000f0       __imp_EnterCriticalSection 000000018001c0f0     kernel32:KERNEL32.dll
 0002:000000f8       __imp_WriteFile            000000018001c0f8     kernel32:KERNEL32.dll
 0002:00000100       __imp_WideCharToMultiByte  000000018001c100     kernel32:KERNEL32.dll
 0002:00000108       __imp_MultiByteToWideChar  000000018001c108     kernel32:KERNEL32.dll
 0002:00000110       __imp_ExitProcess          000000018001c110     kernel32:KERNEL32.dll
 0002:00000118       __imp_GetProcessHeap       000000018001c118     kernel32:KERNEL32.dll
 0002:00000120       __imp_GetStartupInfoW      000000018001c120     kernel32:KERNEL32.dll
 0002:00000128       __imp_TlsFree              000000018001c128     kernel32:KERNEL32.dll
 0002:00000130       __imp_TlsSetValue          000000018001c130     kernel32:KERNEL32.dll
 0002:00000138       __imp_TlsGetValue          000000018001c138     kernel32:KERNEL32.dll
 0002:00000140       __imp_TlsAlloc             000000018001c140     kernel32:KERNEL32.dll
 0002:00000148       __imp_TerminateProcess     000000018001c148     kernel32:KERNEL32.dll
 0002:00000150       __imp_GetCurrentProcess    000000018001c150     kernel32:KERNEL32.dll
 0002:00000158       __imp_Sleep                000000018001c158     kernel32:KERNEL32.dll
 0002:00000160       __imp_InitializeCriticalSectionAndSpinCount 000000018001c160     kernel32:KERNEL32.dll
 0002:00000168       __imp_SetLastError         000000018001c168     kernel32:KERNEL32.dll
 0002:00000170       __imp_SetUnhandledExceptionFilter 000000018001c170     kernel32:KERNEL32.dll
 0002:00000178       __imp_UnhandledExceptionFilter 000000018001c178     kernel32:KERNEL32.dll
 0002:00000180       __imp_RtlVirtualUnwind     000000018001c180     kernel32:KERNEL32.dll
 0002:00000188       __imp_RtlCaptureContext    000000018001c188     kernel32:KERNEL32.dll
 0002:00000190       __imp_RtlUnwindEx          000000018001c190     kernel32:KERNEL32.dll
 0002:00000198       __imp_RtlLookupFunctionEntry 000000018001c198     kernel32:KERNEL32.dll
 0002:000001a0       __imp_RtlPcToFileHeader    000000018001c1a0     kernel32:KERNEL32.dll
 0002:000001a8       __imp_GetCurrentThreadId   000000018001c1a8     kernel32:KERNEL32.dll
 0002:000001b0       __imp_GetCommandLineA      000000018001c1b0     kernel32:KERNEL32.dll
 0002:000001b8       __imp_GetFullPathNameW     000000018001c1b8     kernel32:KERNEL32.dll
 0002:000001c0       __imp_WriteConsoleW        000000018001c1c0     kernel32:KERNEL32.dll
 0002:000001c8       __imp_GetModuleHandleExW   000000018001c1c8     kernel32:KERNEL32.dll
 0002:000001d0       __imp_GetFileType          000000018001c1d0     kernel32:KERNEL32.dll
 0002:000001d8       __imp_GetStdHandle         000000018001c1d8     kernel32:KERNEL32.dll
 0002:000001e0       __imp_HeapAlloc            000000018001c1e0     kernel32:KERNEL32.dll
 0002:000001e8       __imp_HeapFree             000000018001c1e8     kernel32:KERNEL32.dll
 0002:000001f0       __imp_IsProcessorFeaturePresent 000000018001c1f0     kernel32:KERNEL32.dll
 0002:000001f8       __imp_DecodePointer        000000018001c1f8     kernel32:KERNEL32.dll
 0002:00000200       __imp_EncodePointer        000000018001c200     kernel32:KERNEL32.dll
 0002:00000208       __imp_IsDebuggerPresent    000000018001c208     kernel32:KERNEL32.dll
 0002:00000210       __imp_LoadLibraryExA       000000018001c210     kernel32:KERNEL32.dll
 0002:00000218       __imp_FreeLibrary          000000018001c218     kernel32:KERNEL32.dll
 0002:00000220       __imp_GetLastError         000000018001c220     kernel32:KERNEL32.dll
 0002:00000228       __imp_RaiseException       000000018001c228     kernel32:KERNEL32.dll
 0002:00000230       __imp_CloseHandle          000000018001c230     kernel32:KERNEL32.dll
 0002:00000238       \177KERNEL32_NULL_THUNK_DATA 000000018001c238     kernel32:KERNEL32.dll
 0002:00000240       __imp_?SetCaptureStackTraceForUncaughtExceptions@Isolate@v8@@QEAAX_NHW4StackTraceOptions@StackTrace@2@@Z 000000018001c240     iojs:node.dll
 0002:00000248       __imp_?SetFailedAccessCheckCallbackFunction@Isolate@v8@@QEAAXP6AXV?$Local@VObject@v8@@@2@W4AccessType@2@V?$Local@VValue@v8@@@2@@Z@Z 000000018001c248     iojs:node.dll
 0002:00000250       __imp_?RemoveMessageListeners@Isolate@v8@@QEAAXP6AXV?$Local@VMessage@v8@@@2@V?$Local@VValue@v8@@@2@@Z@Z 000000018001c250     iojs:node.dll
 0002:00000258       __imp_?AddMessageListener@Isolate@v8@@QEAA_NP6AXV?$Local@VMessage@v8@@@2@V?$Local@VValue@v8@@@2@@Z1@Z 000000018001c258     iojs:node.dll
 0002:00000260       __imp_?IsDead@Isolate@v8@@QEAA_NXZ 000000018001c260     iojs:node.dll
 0002:00000268       __imp_?SetAllowCodeGenerationFromStringsCallback@Isolate@v8@@QEAAXP6A_NV?$Local@VContext@v8@@@2@@Z@Z 000000018001c268     iojs:node.dll
 0002:00000270       __imp_?SetFatalErrorHandler@Isolate@v8@@QEAAXP6AXPEBD0@Z@Z 000000018001c270     iojs:node.dll
 0002:00000278       __imp_?CancelTerminateExecution@Isolate@v8@@QEAAXXZ 000000018001c278     iojs:node.dll
 0002:00000280       __imp_?IsExecutionTerminating@Isolate@v8@@QEAA_NXZ 000000018001c280     iojs:node.dll
 0002:00000288       __imp_?TerminateExecution@Isolate@v8@@QEAAXXZ 000000018001c288     iojs:node.dll
 0002:00000290       __imp_?RemoveGCEpilogueCallback@Isolate@v8@@QEAAXP6AXPEAV12@W4GCType@2@W4GCCallbackFlags@2@@Z@Z 000000018001c290     iojs:node.dll
 0002:00000298       __imp_?RemoveGCPrologueCallback@Isolate@v8@@QEAAXP6AXPEAV12@W4GCType@2@W4GCCallbackFlags@2@@Z@Z 000000018001c298     iojs:node.dll
 0002:000002a0       __imp_?AddMemoryAllocationCallback@Isolate@v8@@QEAAXP6AXW4ObjectSpace@2@W4AllocationAction@2@H@Z01@Z 000000018001c2a0     iojs:node.dll
 0002:000002a8       __imp_?GetCurrentContext@Isolate@v8@@QEAA?AV?$Local@VContext@v8@@@2@XZ 000000018001c2a8     iojs:node.dll
 0002:000002b0       __imp_?Exit@Isolate@v8@@QEAAXXZ 000000018001c2b0     iojs:node.dll
 0002:000002b8       __imp_?Enter@Isolate@v8@@QEAAXXZ 000000018001c2b8     iojs:node.dll
 0002:000002c0       __imp_?GetCurrent@Isolate@v8@@SAPEAV12@XZ 000000018001c2c0     iojs:node.dll
 0002:000002c8       __imp_?ResetToBookmark@ExternalSourceStream@ScriptCompiler@v8@@UEAAXXZ 000000018001c2c8     iojs:node.dll
 0002:000002d0       __imp_?SetBookmark@ExternalSourceStream@ScriptCompiler@v8@@UEAA_NXZ 000000018001c2d0     iojs:node.dll
 0002:000002d8       __imp_?Value@External@v8@@QEBAPEAXXZ 000000018001c2d8     iojs:node.dll
 0002:000002e0       __imp_?New@External@v8@@SA?AV?$Local@VExternal@v8@@@2@PEAVIsolate@2@PEAX@Z 000000018001c2e0     iojs:node.dll
 0002:000002e8       __imp_uv_timer_stop        000000018001c2e8     iojs:node.dll
 0002:000002f0       __imp_uv_poll_start        000000018001c2f0     iojs:node.dll
 0002:000002f8       __imp_uv_timer_init        000000018001c2f8     iojs:node.dll
 0002:00000300       __imp_uv_timer_start       000000018001c300     iojs:node.dll
 0002:00000308       __imp_uv_queue_work        000000018001c308     iojs:node.dll
 0002:00000310       __imp_uv_close             000000018001c310     iojs:node.dll
 0002:00000318       __imp_uv_ref               000000018001c318     iojs:node.dll
[...]
      137    ?Cast@Integer@v8@@SAPEAV12@PEAVValue@2@@Z (public: static class v8::Integer * __cdecl v8::Integer::Cast(class v8::Value *))
      138    ?Cast@Map@v8@@SAPEAV12@PEAVValue@2@@Z (public: static class v8::Map * __cdecl v8::Map::Cast(class v8::Value *))
      139    ?Cast@Name@v8@@SAPEAV12@PEAVValue@2@@Z (public: static class v8::Name * __cdecl v8::Name::Cast(class v8::Value *))
      140    ?Cast@Number@v8@@SAPEAV12@PEAVValue@2@@Z (public: static class v8::Number * __cdecl v8::Number::Cast(class v8::Value *))
      141    ?Cast@NumberObject@v8@@SAPEAV12@PEAVValue@2@@Z (public: static class v8::NumberObject * __cdecl v8::NumberObject::Cast(class v8::Value *))
      142    ?Cast@Object@v8@@SAPEAV12@PEAVValue@2@@Z (public: static class v8::Object * __cdecl v8::Object::Cast(class v8::Value *))
      143    ?Cast@Promise@v8@@SAPEAV12@PEAVValue@2@@Z (public: static class v8::Promise * __cdecl v8::Promise::Cast(class v8::Value *))
      144    ?Cast@Proxy@v8@@SAPEAV12@PEAVValue@2@@Z (public: static class v8::Proxy * __cdecl v8::Proxy::Cast(class v8::Value *))
      145    ?Cast@RegExp@v8@@SAPEAV12@PEAVValue@2@@Z (public: static class v8::RegExp * __cdecl v8::RegExp::Cast(class v8::Value *))
      146    ?Cast@Resolver@Promise@v8@@SAPEAV123@PEAVValue@3@@Z (public: static class v8::Promise::Resolver * __cdecl v8::Promise::Resolver::Cast(class v8::Value *))
      147    ?Cast@Set@v8@@SAPEAV12@PEAVValue@2@@Z (public: static class v8::Set * __cdecl v8::Set::Cast(class v8::Value *))
      148    ?Cast@SharedArrayBuffer@v8@@SAPEAV12@PEAVValue@2@@Z (public: static class v8::SharedArrayBuffer * __cdecl v8::SharedArrayBuffer::Cast(class v8::Value *))
      149    ?Cast@String@v8@@SAPEAV12@PEAVValue@2@@Z (public: static class v8::String * __cdecl v8::String::Cast(class v8::Value *))
      150    ?Cast@StringObject@v8@@SAPEAV12@PEAVValue@2@@Z (public: static class v8::StringObject * __cdecl v8::StringObject::Cast(class v8::Value *))
      151    ?Cast@Symbol@v8@@SAPEAV12@PEAVValue@2@@Z (public: static class v8::Symbol * __cdecl v8::Symbol::Cast(class v8::Value *))
      152    ?Cast@SymbolObject@v8@@SAPEAV12@PEAVValue@2@@Z (public: static class v8::SymbolObject * __cdecl v8::SymbolObject::Cast(class v8::Value *))
      153    ?Cast@TypedArray@v8@@SAPEAV12@PEAVValue@2@@Z (public: static class v8::TypedArray * __cdecl v8::TypedArray::Cast(class v8::Value *))
      154    ?Cast@Uint16Array@v8@@SAPEAV12@PEAVValue@2@@Z (public: static class v8::Uint16Array * __cdecl v8::Uint16Array::Cast(class v8::Value *))
      155    ?Cast@Uint32@v8@@SAPEAV12@PEAVValue@2@@Z (public: static class v8::Uint32 * __cdecl v8::Uint32::Cast(class v8::Value *))
      156    ?Cast@Uint32Array@v8@@SAPEAV12@PEAVValue@2@@Z (public: static class v8::Uint32Array * __cdecl v8::Uint32Array::Cast(class v8::Value *))
      157    ?Cast@Uint8Array@v8@@SAPEAV12@PEAVValue@2@@Z (public: static class v8::Uint8Array * __cdecl v8::Uint8Array::Cast(class v8::Value *))
      158    ?Cast@Uint8ClampedArray@v8@@SAPEAV12@PEAVValue@2@@Z (public: static class v8::Uint8ClampedArray * __cdecl v8::Uint8ClampedArray::Cast(class v8::Value *))
      159    ?Data@Contents@ArrayBuffer@v8@@QEBAPEAXXZ (public: void * __cdecl v8::ArrayBuffer::Contents::Data(void)const )
      160    ?Data@Contents@SharedArrayBuffer@v8@@QEBAPEAXXZ (public: void * __cdecl v8::SharedArrayBuffer::Contents::Data(void)const )
      161    ?Dispose@ExternalStringResourceBase@String@v8@@MEAAXXZ (protected: virtual void __cdecl v8::String::ExternalStringResourceBase::Dispose(void))
      162    ?Empty@String@v8@@SA?AV?$Local@VString@v8@@@2@PEAVIsolate@2@@Z (public: static class v8::Local<class v8::String> __cdecl v8::String::Empty(class v8::Isolate *))
      163    ?GetAlignedPointerFromEmbedderData@Context@v8@@QEAAPEAXH@Z (public: void * __cdecl v8::Context::GetAlignedPointerFromEmbedderData(int))
      164    ?GetAlignedPointerFromInternalField@Object@v8@@QEAAPEAXH@Z (public: void * __cdecl v8::Object::GetAlignedPointerFromInternalField(int))
      165    ?GetAlignedPointerFromInternalField@Object@v8@@SAPEAXAEBV?$PersistentBase@VObject@v8@@@2@H@Z (public: static void * __cdecl v8::Object::GetAlignedPointerFromInternalField(class v8::PersistentBase<class v8::Object> const &,int))
      166    ?GetData@Isolate@v8@@QEAAPEAXI@Z (public: void * __cdecl v8::Isolate::GetData(unsigned int))
      167    ?GetEmbedderData@Context@v8@@QEAA?AV?$Local@VValue@v8@@@2@H@Z (public: class v8::Local<class v8::Value> __cdecl v8::Context::GetEmbedderData(int))
      168    ?GetExternalStringResource@String@v8@@QEBAPEAVExternalStringResource@12@XZ (public: class v8::String::ExternalStringResource * __cdecl v8::String::GetExternalStringResource(void)const )
      169    ?GetExternalStringResourceBase@String@v8@@QEBAPEAVExternalStringResourceBase@12@PEAW4Encoding@12@@Z (public: class v8::String::ExternalStringResourceBase * __cdecl v8::String::GetExternalStringResourceBase(enum v8::String::Encoding *)const )
      170    ?GetInternalField@Object@v8@@QEAA?AV?$Local@VValue@v8@@@2@H@Z (public: class v8::Local<class v8::Value> __cdecl v8::Object::GetInternalField(int))
      171    ?GetIsolate@HandleScope@v8@@QEBAPEAVIsolate@2@XZ (public: class v8::Isolate * __cdecl v8::HandleScope::GetIsolate(void)const )
      172    ?GetNativeFunctionTemplate@Extension@v8@@UEAA?AV?$Local@VFunctionTemplate@v8@@@2@PEAVIsolate@2@V?$Local@VString@v8@@@2@@Z (public: virtual class v8::Local<class v8::FunctionTemplate> __cdecl v8::Extension::GetNativeFunctionTemplate(class v8::Isolate *,class v8::Local<class v8::String>))
      173    ?GetNumberOfDataSlots@Isolate@v8@@SAIXZ (public: static unsigned int __cdecl v8::Isolate::GetNumberOfDataSlots(void))
      174    ?InternalFieldCount@Object@v8@@SAHAEBV?$PersistentBase@VObject@v8@@@2@@Z (public: static int __cdecl v8::Object::InternalFieldCount(class v8::PersistentBase<class v8::Object> const &))
      175    ?IsCompressible@ExternalStringResourceBase@String@v8@@UEBA_NXZ (public: virtual bool __cdecl v8::String::ExternalStringResourceBase::IsCompressible(void)const )
      176    ?IsDead@V8@v8@@SA_NXZ (public: static bool __cdecl v8::V8::IsDead(void))
      177    ?IsExecutionTerminating@V8@v8@@SA_NPEAVIsolate@2@@Z (public: static bool __cdecl v8::V8::IsExecutionTerminating(class v8::Isolate *))
      178    ?IsNull@Value@v8@@QEBA_NXZ (public: bool __cdecl v8::Value::IsNull(void)const )
      179    ?IsString@Value@v8@@QEBA_NXZ (public: bool __cdecl v8::Value::IsString(void)const )
      180    ?IsUndefined@Value@v8@@QEBA_NXZ (public: bool __cdecl v8::Value::IsUndefined(void)const )
      181    ?JSStackComparableAddress@TryCatch@v8@@SAPEAXPEAV12@@Z (public: static void * __cdecl v8::TryCatch::JSStackComparableAddress(class v8::TryCatch *))
      182    ?New@Boolean@v8@@SA?AV?$Local@VBoolean@v8@@@2@PEAVIsolate@2@_N@Z (public: static class v8::Local<class v8::Boolean> __cdecl v8::Boolean::New(class v8::Isolate *,bool))
      183    ?NewInstance@Function@v8@@QEBA?AV?$MaybeLocal@VObject@v8@@@2@V?$Local@VContext@v8@@@2@@Z (public: class v8::MaybeLocal<class v8::Object> __cdecl v8::Function::NewInstance(class v8::Local<class v8::Context>)const )
      184    ?QuickIsNull@Value@v8@@AEBA_NXZ (private: bool __cdecl v8::Value::QuickIsNull(void)const )
      185    ?QuickIsString@Value@v8@@AEBA_NXZ (private: bool __cdecl v8::Value::QuickIsString(void)const )
      186    ?QuickIsUndefined@Value@v8@@AEBA_NXZ (private: bool __cdecl v8::Value::QuickIsUndefined(void)const )
      187    ?RemoveGCEpilogueCallback@V8@v8@@SAXP6AXW4GCType@2@W4GCCallbackFlags@2@@Z@Z (public: static void __cdecl v8::V8::RemoveGCEpilogueCallback(void (__cdecl*)(enum v8::GCType,enum v8::GCCallbackFlags)))
      188    ?RemoveGCPrologueCallback@V8@v8@@SAXP6AXW4GCType@2@W4GCCallbackFlags@2@@Z@Z (public: static void __cdecl v8::V8::RemoveGCPrologueCallback(void (__cdecl*)(enum v8::GCType,enum v8::GCCallbackFlags)))
      189    ?RemoveMemoryAllocationCallback@V8@v8@@SAXP6AXW4ObjectSpace@2@W4AllocationAction@2@H@Z@Z (public: static void __cdecl v8::V8::RemoveMemoryAllocationCallback(void (__cdecl*)(enum v8::ObjectSpace,enum v8::AllocationAction,int)))
      190    ?RemoveMessageListeners@V8@v8@@SAXP6AXV?$Local@VMessage@v8@@@2@V?$Local@VValue@v8@@@2@@Z@Z (public: static void __cdecl v8::V8::RemoveMessageListeners(void (__cdecl*)(class v8::Local<class v8::Message>,class v8::Local<class v8::Value>)))
      191    ?Set@Template@v8@@QEAAXPEAVIsolate@2@PEBDV?$Local@VData@v8@@@2@@Z (public: void __cdecl v8::Template::Set(class v8::Isolate *,char const *,class v8::Local<class v8::Data>))
      192    ?SetAllowCodeGenerationFromStringsCallback@V8@v8@@SAXP6A_NV?$Local@VContext@v8@@@2@@Z@Z (public: static void __cdecl v8::V8::SetAllowCodeGenerationFromStringsCallback(bool (__cdecl*)(class v8::Local<class v8::Context>)))
      193    ?SetCaptureStackTraceForUncaughtExceptions@V8@v8@@SAX_NHW4StackTraceOptions@StackTrace@2@@Z (public: static void __cdecl v8::V8::SetCaptureStackTraceForUncaughtExceptions(bool,int,enum v8::StackTrace::StackTraceOptions))
      194    ?SetData@Isolate@v8@@QEAAXIPEAX@Z (public: void __cdecl v8::Isolate::SetData(unsigned int,void *))
      195    ?SetFailedAccessCheckCallbackFunction@V8@v8@@SAXP6AXV?$Local@VObject@v8@@@2@W4AccessType@2@V?$Local@VValue@v8@@@2@@Z@Z (public: static void __cdecl v8::V8::SetFailedAccessCheckCallbackFunction(void (__cdecl*)(class v8::Local<class v8::Object>,enum v8::AccessType,class v8::Local<class v8::Value>)))
      196    ?SetFatalErrorHandler@V8@v8@@SAXP6AXPEBD0@Z@Z (public: static void __cdecl v8::V8::SetFatalErrorHandler(void (__cdecl*)(char const *,char const *)))
      197    ?SetIndexedPropertyHandler@ObjectTemplate@v8@@QEAAXP6AXIAEBV?$PropertyCallbackInfo@VValue@v8@@@2@@ZP6AXIV?$Local@VValue@v8@@@2@0@ZP6AXIAEBV?$PropertyCallbackInfo@VInteger@v8@@@2@@ZP6AXIAEBV?$PropertyCallbackInfo@VBoolean@v8@@@2@@ZP6AXAEBV?$PropertyCallbackInfo@VArray@v8@@@2@@Z2@Z (public: void __cdecl v8::ObjectTemplate::SetIndexedPropertyHandler(void (__cdecl*)(unsigned int,class v8::PropertyCallbackInfo<class v8::Value> const &),void (__cdecl*)(unsigned int,class v8::Local<class v8::Value>,class v8::PropertyCallbackInfo<class v8::Value> const &),void (__cdecl*)(unsigned int,class v8::PropertyCallbackInfo<class v8::Integer> const &),void (__cdecl*)(unsigned int,class v8::PropertyCallbackInfo<class v8::Boolean> const &),void (__cdecl*)(class v8::PropertyCallbackInfo<class v8::Array> const &),class v8::Local<class v8::Value>))
      198    ?TerminateExecution@V8@v8@@SAXPEAVIsolate@2@@Z (public: static void __cdecl v8::V8::TerminateExecution(class v8::Isolate *))
      199    ?ToBoolean@Value@v8@@QEBA?AV?$Local@VBoolean@v8@@@2@XZ (public: class v8::Local<class v8::Boolean> __cdecl v8::Value::ToBoolean(void)const )
      200    ?ToDetailString@Value@v8@@QEBA?AV?$Local@VString@v8@@@2@XZ (public: class v8::Local<class v8::String> __cdecl v8::Value::ToDetailString(void)const )
      201    ?ToInt32@Value@v8@@QEBA?AV?$Local@VInt32@v8@@@2@XZ (public: class v8::Local<class v8::Int32> __cdecl v8::Value::ToInt32(void)const )
      202    ?ToInteger@Value@v8@@QEBA?AV?$Local@VInteger@v8@@@2@XZ (public: class v8::Local<class v8::Integer> __cdecl v8::Value::ToInteger(void)const )
      203    ?ToNumber@Value@v8@@QEBA?AV?$Local@VNumber@v8@@@2@XZ (public: class v8::Local<class v8::Number> __cdecl v8::Value::ToNumber(void)const )
      204    ?ToObject@Value@v8@@QEBA?AV?$Local@VObject@v8@@@2@XZ (public: class v8::Local<class v8::Object> __cdecl v8::Value::ToObject(void)const )
      205    ?ToString@Value@v8@@QEBA?AV?$Local@VString@v8@@@2@XZ (public: class v8::Local<class v8::String> __cdecl v8::Value::ToString(void)const )
      206    ?ToUint32@Value@v8@@QEBA?AV?$Local@VUint32@v8@@@2@XZ (public: class v8::Local<class v8::Uint32> __cdecl v8::Value::ToUint32(void)const )
      207    ?VisitExternalResources@V8@v8@@SAXPEAVExternalResourceVisitor@2@@Z (public: static void __cdecl v8::V8::VisitExternalResources(class v8::ExternalResourceVisitor *))
      208    ?VisitExternalString@ExternalResourceVisitor@v8@@UEAAXV?$Local@VString@v8@@@2@@Z (public: virtual void __cdecl v8::ExternalResourceVisitor::VisitExternalString(class v8::Local<class v8::String>))
      209    ?VisitHandlesForPartialDependence@V8@v8@@SAXPEAVIsolate@2@PEAVPersistentHandleVisitor@2@@Z (public: static void __cdecl v8::V8::VisitHandlesForPartialDependence(class v8::Isolate *,class v8::PersistentHandleVisitor *))
      210    ?VisitHandlesWithClassIds@V8@v8@@SAXPEAVIsolate@2@PEAVPersistentHandleVisitor@2@@Z (public: static void __cdecl v8::V8::VisitHandlesWithClassIds(class v8::Isolate *,class v8::PersistentHandleVisitor *))
      211    ?VisitHandlesWithClassIds@V8@v8@@SAXPEAVPersistentHandleVisitor@2@@Z (public: static void __cdecl v8::V8::VisitHandlesWithClassIds(class v8::PersistentHandleVisitor *))
      212    ?VisitPersistentHandle@PersistentHandleVisitor@v8@@UEAAXPEAV?$Persistent@VValue@v8@@V?$NonCopyablePersistentTraits@VValue@v8@@@2@@2@G@Z (public: virtual void __cdecl v8::PersistentHandleVisitor::VisitPersistentHandle(class v8::Persistent<class v8::Value,class v8::NonCopyablePersistentTraits<class v8::Value> > *,unsigned short))
      213    ?auto_enable@Extension@v8@@QEAA_NXZ (public: bool __cdecl v8::Extension::auto_enable(void))
      214    ?begin@ExtensionConfiguration@v8@@QEBAPEAPEBDXZ (public: char const * * __cdecl v8::ExtensionConfiguration::begin(void)const )
      215    ?code_range_size@ResourceConstraints@v8@@QEBA_KXZ (public: unsigned __int64 __cdecl v8::ResourceConstraints::code_range_size(void)const )
      216    ?data@ExternalOneByteStringResourceImpl@v8@@UEBAPEBDXZ (public: virtual char const * __cdecl v8::ExternalOneByteStringResourceImpl::data(void)const )
      217    ?dependencies@Extension@v8@@QEAAPEAPEBDXZ (public: char const * * __cdecl v8::Extension::dependencies(void))
      218    ?dependency_count@Extension@v8@@QEAAHXZ (public: int __cdecl v8::Extension::dependency_count(void))
      219    ?does_zap_garbage@HeapStatistics@v8@@QEAA_KXZ (public: unsigned __int64 __cdecl v8::HeapStatistics::does_zap_garbage(void))
      220    ?end@ExtensionConfiguration@v8@@QEBAPEAPEBDXZ (public: char const * * __cdecl v8::ExtensionConfiguration::end(void)const )
      221    ?heap_size_limit@HeapStatistics@v8@@QEAA_KXZ (public: unsigned __int64 __cdecl v8::HeapStatistics::heap_size_limit(void))
      222    ?impl@StreamedSource@ScriptCompiler@v8@@QEBAPEAU1internal@3@XZ (public: struct v8::internal::StreamedSource * __cdecl v8::ScriptCompiler::StreamedSource::impl(void)const )
      223    ?kInternalFieldCount@ArrayBuffer@v8@@2HB (public: static int const v8::ArrayBuffer::kInternalFieldCount)
      224    ?kInternalFieldCount@ArrayBufferView@v8@@2HB (public: static int const v8::ArrayBufferView::kInternalFieldCount)
      225    ?kInternalFieldCount@SharedArrayBuffer@v8@@2HB (public: static int const v8::SharedArrayBuffer::kInternalFieldCount)
      226    ?kMaxLength@String@v8@@2HB (public: static int const v8::String::kMaxLength)
      227    ?kNoColumnInfo@Message@v8@@2HB (public: static int const v8::Message::kNoColumnInfo)
      228    ?kNoLineNumberInfo@Message@v8@@2HB (public: static int const v8::Message::kNoLineNumberInfo)
      229    ?kNoScriptId@UnboundScript@v8@@2HB (public: static int const v8::UnboundScript::kNoScriptId)
      230    ?kNoScriptIdInfo@Message@v8@@2HB (public: static int const v8::Message::kNoScriptIdInfo)
      231    ?length@ExternalOneByteStringResourceImpl@v8@@UEBA_KXZ (public: virtual unsigned __int64 __cdecl v8::ExternalOneByteStringResourceImpl::length(void)const )
      232    ?length@Utf8Value@String@v8@@QEBAHXZ (public: int __cdecl v8::String::Utf8Value::length(void)const )
      233    ?length@Value@String@v8@@QEBAHXZ (public: int __cdecl v8::String::Value::length(void)const )
      234    ?malloced_memory@HeapStatistics@v8@@QEAA_KXZ (public: unsigned __int64 __cdecl v8::HeapStatistics::malloced_memory(void))
      235    ?max_executable_size@ResourceConstraints@v8@@QEBAHXZ (public: int __cdecl v8::ResourceConstraints::max_executable_size(void)const )
      236    ?max_old_space_size@ResourceConstraints@v8@@QEBAHXZ (public: int __cdecl v8::ResourceConstraints::max_old_space_size(void)const )
      237    ?max_semi_space_size@ResourceConstraints@v8@@QEBAHXZ (public: int __cdecl v8::ResourceConstraints::max_semi_space_size(void)const )
      238    ?name@Extension@v8@@QEBAPEBDXZ (public: char const * __cdecl v8::Extension::name(void)const )
      239    ?object_count@HeapObjectStatistics@v8@@QEAA_KXZ (public: unsigned __int64 __cdecl v8::HeapObjectStatistics::object_count(void))
      240    ?object_size@HeapObjectStatistics@v8@@QEAA_KXZ (public: unsigned __int64 __cdecl v8::HeapObjectStatistics::object_size(void))
      241    ?object_sub_type@HeapObjectStatistics@v8@@QEAAPEBDXZ (public: char const * __cdecl v8::HeapObjectStatistics::object_sub_type(void))
      242    ?object_type@HeapObjectStatistics@v8@@QEAAPEBDXZ (public: char const * __cdecl v8::HeapObjectStatistics::object_type(void))
      243    ?physical_space_size@HeapSpaceStatistics@v8@@QEAA_KXZ (public: unsigned __int64 __cdecl v8::HeapSpaceStatistics::physical_space_size(void))
      244    ?set_auto_enable@Extension@v8@@QEAAX_N@Z (public: void __cdecl v8::Extension::set_auto_enable(bool))
      245    ?set_code_range_size@ResourceConstraints@v8@@QEAAX_K@Z (public: void __cdecl v8::ResourceConstraints::set_code_range_size(unsigned __int64))
      246    ?set_max_executable_size@ResourceConstraints@v8@@QEAAXH@Z (public: void __cdecl v8::ResourceConstraints::set_max_executable_size(int))
      247    ?set_max_old_space_size@ResourceConstraints@v8@@QEAAXH@Z (public: void __cdecl v8::ResourceConstraints::set_max_old_space_size(int))
      248    ?set_max_semi_space_size@ResourceConstraints@v8@@QEAAXH@Z (public: void __cdecl v8::ResourceConstraints::set_max_semi_space_size(int))
      249    ?set_stack_limit@ResourceConstraints@v8@@QEAAXPEAI@Z (public: void __cdecl v8::ResourceConstraints::set_stack_limit(unsigned int *))
      250    ?source@Extension@v8@@QEBAPEBVExternalOneByteStringResource@String@2@XZ (public: class v8::String::ExternalOneByteStringResource const * __cdecl v8::Extension::source(void)const )
      251    ?source_length@Extension@v8@@QEBA_KXZ (public: unsigned __int64 __cdecl v8::Extension::source_length(void)const )
      252    ?space_available_size@HeapSpaceStatistics@v8@@QEAA_KXZ (public: unsigned __int64 __cdecl v8::HeapSpaceStatistics::space_available_size(void))
      253    ?space_name@HeapSpaceStatistics@v8@@QEAAPEBDXZ (public: char const * __cdecl v8::HeapSpaceStatistics::space_name(void))
      254    ?space_size@HeapSpaceStatistics@v8@@QEAA_KXZ (public: unsigned __int64 __cdecl v8::HeapSpaceStatistics::space_size(void))
      255    ?space_used_size@HeapSpaceStatistics@v8@@QEAA_KXZ (public: unsigned __int64 __cdecl v8::HeapSpaceStatistics::space_used_size(void))
      256    ?stack_limit@ResourceConstraints@v8@@QEBAPEAIXZ (public: unsigned int * __cdecl v8::ResourceConstraints::stack_limit(void)const )
      257    ?total_available_size@HeapStatistics@v8@@QEAA_KXZ (public: unsigned __int64 __cdecl v8::HeapStatistics::total_available_size(void))
      258    ?total_heap_size@HeapStatistics@v8@@QEAA_KXZ (public: unsigned __int64 __cdecl v8::HeapStatistics::total_heap_size(void))
      259    ?total_heap_size_executable@HeapStatistics@v8@@QEAA_KXZ (public: unsigned __int64 __cdecl v8::HeapStatistics::total_heap_size_executable(void))
      260    ?total_physical_size@HeapStatistics@v8@@QEAA_KXZ (public: unsigned __int64 __cdecl v8::HeapStatistics::total_physical_size(void))
      261    ?used_heap_size@HeapStatistics@v8@@QEAA_KXZ (public: unsigned __int64 __cdecl v8::HeapStatistics::used_heap_size(void))
      262    _register_zmq_
