 zmq

 Timestamp is 565f103e (Wed Dec 02 10:37:34 2015)

 Preferred load address is 0000000180000000

 Start         Length     Name                   Class
 0001:00000000 00000347H .text$di                CODE
 0001:00000350 0001b1fcH .text$mn                CODE
 0001:0001b550 000002a1H .text$x                 CODE
 0001:0001b800 00000253H .text$yd                CODE
 0002:00000000 00000590H .idata$5                DATA
 0002:00000590 00000008H .CRT$XCA                DATA
 0002:00000598 00000058H .CRT$XCU                DATA
 0002:000005f0 00000008H .CRT$XCZ                DATA
 0002:000005f8 00000008H .CRT$XIA                DATA
 0002:00000600 00000020H .CRT$XIC                DATA
 0002:00000620 00000008H .CRT$XIZ                DATA
 0002:00000628 00000008H .CRT$XPA                DATA
 0002:00000630 00000010H .CRT$XPX                DATA
 0002:00000640 00000008H .CRT$XPXA               DATA
 0002:00000648 00000008H .CRT$XPZ                DATA
 0002:00000650 00000008H .CRT$XTA                DATA
 0002:00000658 00000008H .CRT$XTZ                DATA
 0002:00000660 00007f10H .rdata                  DATA
 0002:00008570 0000005cH .rdata$debug            DATA
 0002:000085d0 000002f4H .rdata$r                DATA
 0002:000088c8 00000008H .rtc$IAA                DATA
 0002:000088d0 00000008H .rtc$IZZ                DATA
 0002:000088d8 00000008H .rtc$TAA                DATA
 0002:000088e0 00000008H .rtc$TZZ                DATA
 0002:000088e8 00001374H .xdata                  DATA
 0002:00009c60 0000019cH .xdata$x                DATA
 0002:00009dfc 00000020H .didat$2                DATA
 0002:00009e1c 00000020H .didat$3                DATA
 0002:00009e40 000000d8H .didat$4                DATA
 0002:00009f18 0000018eH .didat$6                DATA
 0002:0000a0a8 000000d8H .didat$7                DATA
 0002:0000a180 00003b52H .edata                  DATA
 0002:0000dcd4 00000028H .idata$2                DATA
 0002:0000dcfc 00000014H .idata$3                DATA
 0002:0000dd10 00000590H .idata$4                DATA
 0002:0000e2a0 00002186H .idata$6                DATA
 0003:00000000 00001888H .data                   DATA
 0003:00001888 0000010fH .data$r                 DATA
 0003:00001998 000000d8H .didat$5                DATA
 0003:00001a80 00002510H .bss                    DATA
 0004:00000000 0000159cH .pdata                  DATA
 0005:00000000 00000058H .rsrc$01                DATA
 0005:00000060 00000180H .rsrc$02                DATA

  Address         Publics by Value              Rva+Base               Lib:Object

 0000:00000000       ___safe_se_handler_count   0000000000000000     <absolute>
 0000:00000000       ___safe_se_handler_table   0000000000000000     <absolute>
 0000:00000000       __guard_fids_count         0000000000000000     <absolute>
 0000:00000000       __guard_fids_table         0000000000000000     <absolute>
 0000:00000000       __guard_flags              0000000000000000     <absolute>
 0000:00000000       __ImageBase                0000000180000000     <linker-defined>
 0001:00000350       ??DValue@String@v8@@QEBAPEBGXZ 0000000180001350 f i binding.obj
 0001:00000350       ??DUtf8Value@String@v8@@QEBAPEBDXZ 0000000180001350 f i binding.obj
 0001:00000350       ?Data@Contents@SharedArrayBuffer@v8@@QEBAPEAXXZ 0000000180001350 f i binding.obj
 0001:00000350       ?space_name@HeapSpaceStatistics@v8@@QEAAPEBDXZ 0000000180001350 f i binding.obj
 0001:00000350       ?object_type@HeapObjectStatistics@v8@@QEAAPEBDXZ 0000000180001350 f i binding.obj
 0001:00000350       ?Data@Contents@ArrayBuffer@v8@@QEBAPEAXXZ 0000000180001350 f i binding.obj
 0001:00000350       ?GetIsolate@HandleScope@v8@@QEBAPEAVIsolate@2@XZ 0000000180001350 f i binding.obj
 0001:00000350       ??DValue@String@v8@@QEAAPEAGXZ 0000000180001350 f i binding.obj
 0001:00000350       ??DUtf8Value@String@v8@@QEAAPEADXZ 0000000180001350 f i binding.obj
 0001:00000350       ?total_heap_size@HeapStatistics@v8@@QEAA_KXZ 0000000180001350 f i binding.obj
 0001:00000350       ?impl@StreamedSource@ScriptCompiler@v8@@QEBAPEAU1internal@3@XZ 0000000180001350 f i binding.obj
 0001:00000360       ?Cast@DataView@v8@@SAPEAV12@PEAVValue@2@@Z 0000000180001360 f i binding.obj
 0001:00000360       ??4Number@v8@@QEAAAEAV01@AEBV01@@Z 0000000180001360 f i binding.obj
 0001:00000360       ??4ArrayBufferView@v8@@QEAAAEAV01@AEBV01@@Z 0000000180001360 f i binding.obj
 0001:00000360       ?Cast@Boolean@v8@@SAPEAV12@PEAVValue@2@@Z 0000000180001360 f i binding.obj
 0001:00000360       ?Cast@Float64Array@v8@@SAPEAV12@PEAVValue@2@@Z 0000000180001360 f i binding.obj
 0001:00000360       ??4Symbol@v8@@QEAAAEAV01@AEBV01@@Z 0000000180001360 f i binding.obj
 0001:00000360       ?Cast@Integer@v8@@SAPEAV12@PEAVValue@2@@Z 0000000180001360 f i binding.obj
 0001:00000360       ??4Value@v8@@QEAAAEAV01@AEBV01@@Z 0000000180001360 f i binding.obj
 0001:00000360       ??4Uint16Array@v8@@QEAAAEAV01@AEBV01@@Z 0000000180001360 f i binding.obj
 0001:00000360       ??4StackFrame@v8@@QEAAAEAV01@AEBV01@@Z 0000000180001360 f i binding.obj
 0001:00000360       ?Cast@Uint16Array@v8@@SAPEAV12@PEAVValue@2@@Z 0000000180001360 f i binding.obj
 0001:00000360       ?Cast@Int32Array@v8@@SAPEAV12@PEAVValue@2@@Z 0000000180001360 f i binding.obj
 0001:00000360       ??4V8@v8@@QEAAAEAV01@AEBV01@@Z 0000000180001360 f i binding.obj
 0001:00000360       ?Cast@Number@v8@@SAPEAV12@PEAVValue@2@@Z 0000000180001360 f i binding.obj
 0001:00000360       ??4Int32@v8@@QEAAAEAV01@AEBV01@@Z 0000000180001360 f i binding.obj
 0001:00000360       ?Cast@ArrayBuffer@v8@@SAPEAV12@PEAVValue@2@@Z 0000000180001360 f i binding.obj
 0001:00000360       ??0HandleScope@v8@@IEAA@XZ 0000000180001360 f i binding.obj
 0001:00000360       ?Cast@Map@v8@@SAPEAV12@PEAVValue@2@@Z 0000000180001360 f i binding.obj
 0001:00000360       ??4Resolver@Promise@v8@@QEAAAEAV012@AEBV012@@Z 0000000180001360 f i binding.obj
 0001:00000360       ?Cast@Array@v8@@SAPEAV12@PEAVValue@2@@Z 0000000180001360 f i binding.obj
 0001:00000360       ??4RegExp@v8@@QEAAAEAV01@AEBV01@@Z 0000000180001360 f i binding.obj
 0001:00000360       ?Cast@BooleanObject@v8@@SAPEAV12@PEAVValue@2@@Z 0000000180001360 f i binding.obj
 0001:00000360       ??4JSON@v8@@QEAAAEAV01@AEBV01@@Z 0000000180001360 f i binding.obj
 0001:00000360       ??4Float32Array@v8@@QEAAAEAV01@AEBV01@@Z 0000000180001360 f i binding.obj
 0001:00000360       ?Cast@Float32Array@v8@@SAPEAV12@PEAVValue@2@@Z 0000000180001360 f i binding.obj
 0001:00000360       ?Cast@Uint32Array@v8@@SAPEAV12@PEAVValue@2@@Z 0000000180001360 f i binding.obj
 0001:00000360       ??4Array@v8@@QEAAAEAV01@AEBV01@@Z 0000000180001360 f i binding.obj
 0001:00000360       ??4ScriptCompiler@v8@@QEAAAEAV01@AEBV01@@Z 0000000180001360 f i binding.obj
 0001:00000360       ??4Message@v8@@QEAAAEAV01@AEBV01@@Z 0000000180001360 f i binding.obj
 0001:00000360       ?Cast@Int8Array@v8@@SAPEAV12@PEAVValue@2@@Z 0000000180001360 f i binding.obj
 0001:00000360       ?Cast@RegExp@v8@@SAPEAV12@PEAVValue@2@@Z 0000000180001360 f i binding.obj
 0001:00000360       ?Cast@Object@v8@@SAPEAV12@PEAVValue@2@@Z 0000000180001360 f i binding.obj
 0001:00000360       ??4DataView@v8@@QEAAAEAV01@AEBV01@@Z 0000000180001360 f i binding.obj
 0001:00000360       ?Cast@NumberObject@v8@@SAPEAV12@PEAVValue@2@@Z 0000000180001360 f i binding.obj
 0001:00000360       ??4Name@v8@@QEAAAEAV01@AEBV01@@Z 0000000180001360 f i binding.obj
 0001:00000360       ??4Boolean@v8@@QEAAAEAV01@AEBV01@@Z 0000000180001360 f i binding.obj
 0001:00000360       ??4ExternalResourceVisitor@v8@@QEAAAEAV01@AEBV01@@Z 0000000180001360 f i binding.obj
 0001:00000360       ??4BooleanObject@v8@@QEAAAEAV01@AEBV01@@Z 0000000180001360 f i binding.obj
 0001:00000360       ?Cast@Date@v8@@SAPEAV12@PEAVValue@2@@Z 0000000180001360 f i binding.obj
 0001:00000360       ??4StackTrace@v8@@QEAAAEAV01@AEBV01@@Z 0000000180001360 f i binding.obj
 0001:00000360       ?Cast@Name@v8@@SAPEAV12@PEAVValue@2@@Z 0000000180001360 f i binding.obj
 0001:00000360       ?Cast@Uint32@v8@@SAPEAV12@PEAVValue@2@@Z 0000000180001360 f i binding.obj
 0001:00000360       ??4AccessorSignature@v8@@QEAAAEAV01@AEBV01@@Z 0000000180001360 f i binding.obj
 0001:00000360       ?Cast@String@v8@@SAPEAV12@PEAVValue@2@@Z 0000000180001360 f i binding.obj
 0001:00000360       ??4Function@v8@@QEAAAEAV01@AEBV01@@Z 0000000180001360 f i binding.obj
 0001:00000360       ??4Set@v8@@QEAAAEAV01@AEBV01@@Z 0000000180001360 f i binding.obj
 0001:00000360       ?Cast@Function@v8@@SAPEAV12@PEAVValue@2@@Z 0000000180001360 f i binding.obj
 0001:00000360       ??4Data@v8@@QEAAAEAV01@AEBV01@@Z 0000000180001360 f i binding.obj
 0001:00000360       ??4NumberObject@v8@@QEAAAEAV01@AEBV01@@Z 0000000180001360 f i binding.obj
 0001:00000360       ??4Context@v8@@QEAAAEAV01@AEBV01@@Z 0000000180001360 f i binding.obj
 0001:00000360       ?Cast@External@v8@@SAPEAV12@PEAVValue@2@@Z 0000000180001360 f i binding.obj
 0001:00000360       ??4Uint8ClampedArray@v8@@QEAAAEAV01@AEBV01@@Z 0000000180001360 f i binding.obj
 0001:00000360       ??0?$_Wrap_alloc@V?$allocator@U?$_Tree_node@HPEAX@std@@@std@@@std@@QEAA@XZ 0000000180001360 f i binding.obj
 0001:00000360       ??4ExternalSourceStream@ScriptCompiler@v8@@QEAAAEAV012@AEBV012@@Z 0000000180001360 f i binding.obj
 0001:00000360       ??4Float64Array@v8@@QEAAAEAV01@AEBV01@@Z 0000000180001360 f i binding.obj
 0001:00000360       ??4SymbolObject@v8@@QEAAAEAV01@AEBV01@@Z 0000000180001360 f i binding.obj
 0001:00000360       ?Cast@Uint8ClampedArray@v8@@SAPEAV12@PEAVValue@2@@Z 0000000180001360 f i binding.obj
 0001:00000360       ??4Signature@v8@@QEAAAEAV01@AEBV01@@Z 0000000180001360 f i binding.obj
 0001:00000360       ?Cast@Promise@v8@@SAPEAV12@PEAVValue@2@@Z 0000000180001360 f i binding.obj
 0001:00000360       ?Cast@Resolver@Promise@v8@@SAPEAV123@PEAVValue@3@@Z 0000000180001360 f i binding.obj
 0001:00000360       ??4Integer@v8@@QEAAAEAV01@AEBV01@@Z 0000000180001360 f i binding.obj
 0001:00000360       ??4Date@v8@@QEAAAEAV01@AEBV01@@Z 0000000180001360 f i binding.obj
 0001:00000360       ??4Map@v8@@QEAAAEAV01@AEBV01@@Z 0000000180001360 f i binding.obj
 0001:00000360       ??4Int32Array@v8@@QEAAAEAV01@AEBV01@@Z 0000000180001360 f i binding.obj
 0001:00000360       ?Cast@Symbol@v8@@SAPEAV12@PEAVValue@2@@Z 0000000180001360 f i binding.obj
 0001:00000360       ??4Template@v8@@QEAAAEAV01@AEBV01@@Z 0000000180001360 f i binding.obj
 0001:00000360       ??4Uint32Array@v8@@QEAAAEAV01@AEBV01@@Z 0000000180001360 f i binding.obj
 0001:00000360       ??4TypedArray@v8@@QEAAAEAV01@AEBV01@@Z 0000000180001360 f i binding.obj
 0001:00000360       ?Cast@StringObject@v8@@SAPEAV12@PEAVValue@2@@Z 0000000180001360 f i binding.obj
 0001:00000360       ??4Uint32@v8@@QEAAAEAV01@AEBV01@@Z 0000000180001360 f i binding.obj
 0001:00000360       ??4ArrayBuffer@v8@@QEAAAEAV01@AEBV01@@Z 0000000180001360 f i binding.obj
 0001:00000360       ??4FunctionTemplate@v8@@QEAAAEAV01@AEBV01@@Z 0000000180001360 f i binding.obj
 0001:00000360       ??4String@v8@@QEAAAEAV01@AEBV01@@Z 0000000180001360 f i binding.obj
 0001:00000360       ??4TypeSwitch@v8@@QEAAAEAV01@AEBV01@@Z 0000000180001360 f i binding.obj
 0001:00000360       ?Cast@SharedArrayBuffer@v8@@SAPEAV12@PEAVValue@2@@Z 0000000180001360 f i binding.obj
 0001:00000360       ?Cast@SymbolObject@v8@@SAPEAV12@PEAVValue@2@@Z 0000000180001360 f i binding.obj
 0001:00000360       ?Cast@TypedArray@v8@@SAPEAV12@PEAVValue@2@@Z 0000000180001360 f i binding.obj
 0001:00000360       ??4NativeWeakMap@v8@@QEAAAEAV01@AEBV01@@Z 0000000180001360 f i binding.obj
 0001:00000360       ??4StringObject@v8@@QEAAAEAV01@AEBV01@@Z 0000000180001360 f i binding.obj
 0001:00000360       ??4SharedArrayBuffer@v8@@QEAAAEAV01@AEBV01@@Z 0000000180001360 f i binding.obj
 0001:00000360       ??4Int8Array@v8@@QEAAAEAV01@AEBV01@@Z 0000000180001360 f i binding.obj
 0001:00000360       ?Cast@ArrayBufferView@v8@@SAPEAV12@PEAVValue@2@@Z 0000000180001360 f i binding.obj
 0001:00000360       ??4Promise@v8@@QEAAAEAV01@AEBV01@@Z 0000000180001360 f i binding.obj
 0001:00000360       ??4Script@v8@@QEAAAEAV01@AEBV01@@Z 0000000180001360 f i binding.obj
 0001:00000360       ??4UnboundScript@v8@@QEAAAEAV01@AEBV01@@Z 0000000180001360 f i binding.obj
 0001:00000360       ??4Object@v8@@QEAAAEAV01@AEBV01@@Z 0000000180001360 f i binding.obj
 0001:00000360       ??4PersistentHandleVisitor@v8@@QEAAAEAV01@AEBV01@@Z 0000000180001360 f i binding.obj
 0001:00000360       ??4Allocator@ArrayBuffer@v8@@QEAAAEAV012@AEBV012@@Z 0000000180001360 f i binding.obj
 0001:00000360       ?Cast@Uint8Array@v8@@SAPEAV12@PEAVValue@2@@Z 0000000180001360 f i binding.obj
 0001:00000360       ?Cast@Int32@v8@@SAPEAV12@PEAVValue@2@@Z 0000000180001360 f i binding.obj
 0001:00000360       ??4Int16Array@v8@@QEAAAEAV01@AEBV01@@Z 0000000180001360 f i binding.obj
 0001:00000360       ??4Uint8Array@v8@@QEAAAEAV01@AEBV01@@Z 0000000180001360 f i binding.obj
 0001:00000360       ?Cast@Set@v8@@SAPEAV12@PEAVValue@2@@Z 0000000180001360 f i binding.obj
 0001:00000360       ??4External@v8@@QEAAAEAV01@AEBV01@@Z 0000000180001360 f i binding.obj
 0001:00000360       ??4ObjectTemplate@v8@@QEAAAEAV01@AEBV01@@Z 0000000180001360 f i binding.obj
 0001:00000360       ??4Primitive@v8@@QEAAAEAV01@AEBV01@@Z 0000000180001360 f i binding.obj
 0001:00000360       ??4Exception@v8@@QEAAAEAV01@AEBV01@@Z 0000000180001360 f i binding.obj
 0001:00000360       ?Cast@Int16Array@v8@@SAPEAV12@PEAVValue@2@@Z 0000000180001360 f i binding.obj
 0001:00000370       ??1EscapableHandleScope@v8@@QEAA@XZ 0000000180001370 f i binding.obj
 0001:00000380       ?GetId@Script@v8@@QEAAHXZ  0000000180001380 f i binding.obj
 0001:000003a0       ??0CachedData@ScriptCompiler@v8@@QEAA@XZ 00000001800013a0 f i binding.obj
 0001:000003c0       ??1ExternalSourceStream@ScriptCompiler@v8@@UEAA@XZ 00000001800013c0 f i binding.obj
 0001:000003d0       ??0ExternalSourceStream@ScriptCompiler@v8@@QEAA@XZ 00000001800013d0 f i binding.obj
 0001:000003d0       ??0ExternalSourceStream@ScriptCompiler@v8@@QEAA@AEBV012@@Z 00000001800013d0 f i binding.obj
 0001:000003e0       ??_EExternalSourceStream@ScriptCompiler@v8@@UEAAPEAXI@Z 00000001800013e0 f i binding.obj
 0001:00000460       ??1ExternalOneByteStringResource@String@v8@@UEAA@XZ 0000000180001460 f i binding.obj
 0001:00000460       ??1ExternalOneByteStringResourceImpl@v8@@UEAA@XZ 0000000180001460 f i binding.obj
 0001:00000460       ??1ExternalStringResource@String@v8@@UEAA@XZ 0000000180001460 f i binding.obj
 0001:00000460       ??1ExternalStringResourceBase@String@v8@@UEAA@XZ 0000000180001460 f i binding.obj
 0001:00000470       ??0ExternalStringResourceBase@String@v8@@IEAA@XZ 0000000180001470 f i binding.obj
 0001:00000480       ?Dispose@ExternalStringResourceBase@String@v8@@MEAAXXZ 0000000180001480 f i binding.obj
 0001:000004a0       ??0ExternalStringResource@String@v8@@IEAA@XZ 00000001800014a0 f i binding.obj
 0001:000004a0       ??0ExternalOneByteStringResource@String@v8@@IEAA@XZ 00000001800014a0 f i binding.obj
 0001:000004b0       ?max_executable_size@ResourceConstraints@v8@@QEBAHXZ 00000001800014b0 f i binding.obj
 0001:000004b0       ?length@Utf8Value@String@v8@@QEBAHXZ 00000001800014b0 f i binding.obj
 0001:000004b0       ?length@Value@String@v8@@QEBAHXZ 00000001800014b0 f i binding.obj
 0001:000004c0       ??_EExternalStringResourceBase@String@v8@@UEAAPEAXI@Z 00000001800014c0 f i binding.obj
 0001:000004c0       ??_EExternalStringResource@String@v8@@UEAAPEAXI@Z 00000001800014c0 f i binding.obj
 0001:000004c0       ??_EExternalOneByteStringResource@String@v8@@UEAAPEAXI@Z 00000001800014c0 f i binding.obj
 0001:00000540       ?InternalFieldCount@Object@v8@@SAHAEBV?$PersistentBase@VObject@v8@@@2@@Z 0000000180001540 f i binding.obj
 0001:00000550       ?GetAlignedPointerFromInternalField@Object@v8@@SAPEAXAEBV?$PersistentBase@VObject@v8@@@2@H@Z 0000000180001550 f i binding.obj
 0001:00000580       ?NewInstance@Function@v8@@QEBA?AV?$MaybeLocal@VObject@v8@@@2@V?$Local@VContext@v8@@@2@@Z 0000000180001580 f i binding.obj
 0001:000005b0       ??1Allocator@ArrayBuffer@v8@@UEAA@XZ 00000001800015b0 f i binding.obj
 0001:000005c0       ??0Contents@ArrayBuffer@v8@@QEAA@XZ 00000001800015c0 f i binding.obj
 0001:000005c0       ??0Contents@SharedArrayBuffer@v8@@QEAA@XZ 00000001800015c0 f i binding.obj
 0001:000005d0       ?object_sub_type@HeapObjectStatistics@v8@@QEAAPEBDXZ 00000001800015d0 f i binding.obj
 0001:000005d0       ?begin@ExtensionConfiguration@v8@@QEBAPEAPEBDXZ 00000001800015d0 f i binding.obj
 0001:000005d0       ?total_heap_size_executable@HeapStatistics@v8@@QEAA_KXZ 00000001800015d0 f i binding.obj
 0001:000005d0       ?data@ExternalOneByteStringResourceImpl@v8@@UEBAPEBDXZ 00000001800015d0 f i binding.obj
 0001:000005d0       ?space_size@HeapSpaceStatistics@v8@@QEAA_KXZ 00000001800015d0 f i binding.obj
 0001:000005d0       ?name@Extension@v8@@QEBAPEBDXZ 00000001800015d0 f i binding.obj
 0001:000005d0       ?ByteLength@Contents@SharedArrayBuffer@v8@@QEBA_KXZ 00000001800015d0 f i binding.obj
 0001:000005d0       ?ByteLength@Contents@ArrayBuffer@v8@@QEBA_KXZ 00000001800015d0 f i binding.obj
 0001:000005e0       ??0Allocator@ArrayBuffer@v8@@QEAA@XZ 00000001800015e0 f i binding.obj
 0001:000005e0       ??0Allocator@ArrayBuffer@v8@@QEAA@AEBV012@@Z 00000001800015e0 f i binding.obj
 0001:000005f0       ??_EAllocator@ArrayBuffer@v8@@UEAAPEAXI@Z 00000001800015f0 f i binding.obj
 0001:00000670       ??4Contents@SharedArrayBuffer@v8@@QEAAAEAV012@AEBV012@@Z 0000000180001670 f i binding.obj
 0001:00000670       ??4StartupData@v8@@QEAAAEAV01@AEBV01@@Z 0000000180001670 f i binding.obj
 0001:00000670       ??4Contents@ArrayBuffer@v8@@QEAAAEAV012@AEBV012@@Z 0000000180001670 f i binding.obj
 0001:00000680       ?SetIndexedPropertyHandler@ObjectTemplate@v8@@QEAAXP6AXIAEBV?$PropertyCallbackInfo@VValue@v8@@@2@@ZP6AXIV?$Local@VValue@v8@@@2@0@ZP6AXIAEBV?$PropertyCallbackInfo@VInteger@v8@@@2@@ZP6AXIAEBV?$PropertyCallbackInfo@VBoolean@v8@@@2@@ZP6AXAEBV?$PropertyCallbackInfo@VArray@v8@@@2@@Z2@Z 0000000180001680 f i binding.obj
 0001:000006d0       ??0ExternalOneByteStringResourceImpl@v8@@QEAA@XZ 00000001800016d0 f i binding.obj
 0001:000006f0       ??0ExternalOneByteStringResourceImpl@v8@@QEAA@PEBD_K@Z 00000001800016f0 f i binding.obj
 0001:00000710       ?total_physical_size@HeapStatistics@v8@@QEAA_KXZ 0000000180001710 f i binding.obj
 0001:00000710       ?length@ExternalOneByteStringResourceImpl@v8@@UEBA_KXZ 0000000180001710 f i binding.obj
 0001:00000710       ?source_length@Extension@v8@@QEBA_KXZ 0000000180001710 f i binding.obj
 0001:00000710       ?stack_limit@ResourceConstraints@v8@@QEBAPEAIXZ 0000000180001710 f i binding.obj
 0001:00000710       ?space_used_size@HeapSpaceStatistics@v8@@QEAA_KXZ 0000000180001710 f i binding.obj
 0001:00000710       ?object_count@HeapObjectStatistics@v8@@QEAA_KXZ 0000000180001710 f i binding.obj
 0001:00000720       ??_EExternalOneByteStringResourceImpl@v8@@UEAAPEAXI@Z 0000000180001720 f i binding.obj
 0001:000007a0       ??1Extension@v8@@UEAA@XZ   00000001800017a0 f i binding.obj
 0001:000007c0       ?GetNativeFunctionTemplate@Extension@v8@@UEAA?AV?$Local@VFunctionTemplate@v8@@@2@PEAVIsolate@2@V?$Local@VString@v8@@@2@@Z 00000001800017c0 f i binding.obj
 0001:000007d0       ?source@Extension@v8@@QEBAPEBVExternalOneByteStringResource@String@2@XZ 00000001800017d0 f i binding.obj
 0001:000007e0       ?dependency_count@Extension@v8@@QEAAHXZ 00000001800017e0 f i binding.obj
 0001:000007f0       ?dependencies@Extension@v8@@QEAAPEAPEBDXZ 00000001800017f0 f i binding.obj
 0001:00000800       ?set_auto_enable@Extension@v8@@QEAAX_N@Z 0000000180001800 f i binding.obj
 0001:00000810       ?auto_enable@Extension@v8@@QEAA_NXZ 0000000180001810 f i binding.obj
 0001:00000820       ??_EExtension@v8@@UEAAPEAXI@Z 0000000180001820 f i binding.obj
 0001:000008c0       ?max_semi_space_size@ResourceConstraints@v8@@QEBAHXZ 00000001800018c0 f i binding.obj
 0001:000008d0       ?set_max_semi_space_size@ResourceConstraints@v8@@QEAAXH@Z 00000001800018d0 f i binding.obj
 0001:000008e0       ?max_old_space_size@ResourceConstraints@v8@@QEBAHXZ 00000001800018e0 f i binding.obj
 0001:000008f0       ?set_max_old_space_size@ResourceConstraints@v8@@QEAAXH@Z 00000001800018f0 f i binding.obj
 0001:00000900       ?set_max_executable_size@ResourceConstraints@v8@@QEAAXH@Z 0000000180001900 f i binding.obj
 0001:00000910       ?set_stack_limit@ResourceConstraints@v8@@QEAAXPEAI@Z 0000000180001910 f i binding.obj
 0001:00000920       ?max_available_threads@ResourceConstraints@v8@@QEBAHXZ 0000000180001920 f i binding.obj
 0001:00000930       ?set_max_available_threads@ResourceConstraints@v8@@QEAAXH@Z 0000000180001930 f i binding.obj
 0001:00000940       ?physical_space_size@HeapSpaceStatistics@v8@@QEAA_KXZ 0000000180001940 f i binding.obj
 0001:00000940       ?code_range_size@ResourceConstraints@v8@@QEBA_KXZ 0000000180001940 f i binding.obj
 0001:00000940       ?used_heap_size@HeapStatistics@v8@@QEAA_KXZ 0000000180001940 f i binding.obj
 0001:00000950       ?set_code_range_size@ResourceConstraints@v8@@QEAAX_K@Z 0000000180001950 f i binding.obj
 0001:00000960       ??4HeapSpaceStatistics@v8@@QEAAAEAV01@AEBV01@@Z 0000000180001960 f i binding.obj
 0001:00000960       ??4ResourceConstraints@v8@@QEAAAEAV01@AEBV01@@Z 0000000180001960 f i binding.obj
 0001:00000980       ?object_size@HeapObjectStatistics@v8@@QEAA_KXZ 0000000180001980 f i binding.obj
 0001:00000980       ?space_available_size@HeapSpaceStatistics@v8@@QEAA_KXZ 0000000180001980 f i binding.obj
 0001:00000980       ?total_available_size@HeapStatistics@v8@@QEAA_KXZ 0000000180001980 f i binding.obj
 0001:00000990       ?heap_size_limit@HeapStatistics@v8@@QEAA_KXZ 0000000180001990 f i binding.obj
 0001:000009a0       ??4HeapStatistics@v8@@QEAAAEAV01@AEBV01@@Z 00000001800019a0 f i binding.obj
 0001:000009c0       ??4HeapObjectStatistics@v8@@QEAAAEAV01@AEBV01@@Z 00000001800019c0 f i binding.obj
 0001:000009e0       ??1PersistentHandleVisitor@v8@@UEAA@XZ 00000001800019e0 f i binding.obj
 0001:000009e0       ??1ExternalResourceVisitor@v8@@UEAA@XZ 00000001800019e0 f i binding.obj
 0001:000009f0       ?VisitExternalString@ExternalResourceVisitor@v8@@UEAAXV?$Local@VString@v8@@@2@@Z 00000001800019f0 f i binding.obj
 0001:000009f0       ??$destroy@PEAU?$_Tree_node@HPEAX@std@@@?$_Wrap_alloc@V?$allocator@U?$_Tree_node@HPEAX@std@@@std@@@std@@QEAAXPEAPEAU?$_Tree_node@HPEAX@1@@Z 00000001800019f0 f i binding.obj
 0001:000009f0       ?VisitPersistentHandle@PersistentHandleVisitor@v8@@UEAAXPEAV?$Persistent@VValue@v8@@V?$NonCopyablePersistentTraits@VValue@v8@@@2@@2@G@Z 00000001800019f0 f i binding.obj
 0001:000009f0       ?_Doraise@exception@stdext@@MEBAXXZ 00000001800019f0 f i binding.obj
 0001:00000a00       ??0ExternalResourceVisitor@v8@@QEAA@AEBV01@@Z 0000000180001a00 f i binding.obj
 0001:00000a00       ??0PersistentHandleVisitor@v8@@QEAA@XZ 0000000180001a00 f i binding.obj
 0001:00000a00       ??0PersistentHandleVisitor@v8@@QEAA@AEBV01@@Z 0000000180001a00 f i binding.obj
 0001:00000a00       ??0ExternalResourceVisitor@v8@@QEAA@XZ 0000000180001a00 f i binding.obj
 0001:00000a10       ??_EExternalResourceVisitor@v8@@UEAAPEAXI@Z 0000000180001a10 f i binding.obj
 0001:00000a10       ??_EPersistentHandleVisitor@v8@@UEAAPEAXI@Z 0000000180001a10 f i binding.obj
 0001:00000a90       ??0Scope@Isolate@v8@@QEAA@PEAV12@@Z 0000000180001a90 f i binding.obj
 0001:00000ab0       ??1Scope@Isolate@v8@@QEAA@XZ 0000000180001ab0 f i binding.obj
 0001:00000ac0       ?JSStackComparableAddress@TryCatch@v8@@SAPEAXPEAV12@@Z 0000000180001ac0 f i binding.obj
 0001:00000ad0       ??0ExtensionConfiguration@v8@@QEAA@XZ 0000000180001ad0 f i binding.obj
 0001:00000ae0       ??0ExtensionConfiguration@v8@@QEAA@HQEAPEBD@Z 0000000180001ae0 f i binding.obj
 0001:00000af0       ?end@ExtensionConfiguration@v8@@QEBAPEAPEBDXZ 0000000180001af0 f i binding.obj
 0001:00000b00       ??0Unlocker@v8@@QEAA@PEAVIsolate@1@@Z 0000000180001b00 f i binding.obj
 0001:00000b20       ??4Unlocker@v8@@QEAAAEAV01@AEBV01@@Z 0000000180001b20 f i binding.obj
 0001:00000b30       ??0Locker@v8@@QEAA@PEAVIsolate@1@@Z 0000000180001b30 f i binding.obj
 0001:00000b50       ?New@Boolean@v8@@SA?AV?$Local@VBoolean@v8@@@2@PEAVIsolate@2@_N@Z 0000000180001b50 f i binding.obj
 0001:00000b80       ?Set@Template@v8@@QEAAXPEAVIsolate@2@PEBDV?$Local@VData@v8@@@2@@Z 0000000180001b80 f i binding.obj
 0001:00000be0       ?GetInternalField@Object@v8@@QEAA?AV?$Local@VValue@v8@@@2@H@Z 0000000180001be0 f i binding.obj
 0001:00000c30       ?GetAlignedPointerFromInternalField@Object@v8@@QEAAPEAXH@Z 0000000180001c30 f i binding.obj
 0001:00000c50       ?Empty@String@v8@@SA?AV?$Local@VString@v8@@@2@PEAVIsolate@2@@Z 0000000180001c50 f i binding.obj
 0001:00000c60       ?GetExternalStringResource@String@v8@@QEBAPEAVExternalStringResource@12@XZ 0000000180001c60 f i binding.obj
 0001:00000c80       ?GetExternalStringResourceBase@String@v8@@QEBAPEAVExternalStringResourceBase@12@PEAW4Encoding@12@@Z 0000000180001c80 f i binding.obj
 0001:00000cb0       ?IsUndefined@Value@v8@@QEBA_NXZ 0000000180001cb0 f i binding.obj
 0001:00000ce0       ?QuickIsUndefined@Value@v8@@AEBA_NXZ 0000000180001ce0 f i binding.obj
 0001:00000d10       ?IsNull@Value@v8@@QEBA_NXZ 0000000180001d10 f i binding.obj
 0001:00000d40       ?QuickIsNull@Value@v8@@AEBA_NXZ 0000000180001d40 f i binding.obj
 0001:00000d70       ?IsString@Value@v8@@QEBA_NXZ 0000000180001d70 f i binding.obj
 0001:00000da0       ?QuickIsString@Value@v8@@AEBA_NXZ 0000000180001da0 f i binding.obj
 0001:00000dd0       ?ToBoolean@Value@v8@@QEBA?AV?$Local@VBoolean@v8@@@2@XZ 0000000180001dd0 f i binding.obj
 0001:00000e40       ?ToNumber@Value@v8@@QEBA?AV?$Local@VNumber@v8@@@2@XZ 0000000180001e40 f i binding.obj
 0001:00000eb0       ?ToString@Value@v8@@QEBA?AV?$Local@VString@v8@@@2@XZ 0000000180001eb0 f i binding.obj
 0001:00000f20       ?ToDetailString@Value@v8@@QEBA?AV?$Local@VString@v8@@@2@XZ 0000000180001f20 f i binding.obj
 0001:00000f90       ?ToObject@Value@v8@@QEBA?AV?$Local@VObject@v8@@@2@XZ 0000000180001f90 f i binding.obj
 0001:00001000       ?ToInteger@Value@v8@@QEBA?AV?$Local@VInteger@v8@@@2@XZ 0000000180002000 f i binding.obj
 0001:00001070       ?ToUint32@Value@v8@@QEBA?AV?$Local@VUint32@v8@@@2@XZ 0000000180002070 f i binding.obj
 0001:000010e0       ?ToInt32@Value@v8@@QEBA?AV?$Local@VInt32@v8@@@2@XZ 00000001800020e0 f i binding.obj
 0001:00001150       ?SetData@Isolate@v8@@QEAAXIPEAX@Z 0000000180002150 f i binding.obj
 0001:00001160       ?GetData@Isolate@v8@@QEAAPEAXI@Z 0000000180002160 f i binding.obj
 0001:00001170       ?GetNumberOfDataSlots@Isolate@v8@@SAIXZ 0000000180002170 f i binding.obj
 0001:00001180       ?AdjustAmountOfExternalAllocatedMemory@Isolate@v8@@QEAA_J_J@Z 0000000180002180 f i binding.obj
 0001:000011e0       ?GetEmbedderData@Context@v8@@QEAA?AV?$Local@VValue@v8@@@2@H@Z 00000001800021e0 f i binding.obj
 0001:00001210       ?GetAlignedPointerFromEmbedderData@Context@v8@@QEAAPEAXH@Z 0000000180002210 f i binding.obj
 0001:00001230       ?SetAllowCodeGenerationFromStringsCallback@V8@v8@@SAXP6A_NV?$Local@VContext@v8@@@2@@Z@Z 0000000180002230 f i binding.obj
 0001:00001260       ?IsDead@V8@v8@@SA_NXZ      0000000180002260 f i binding.obj
 0001:00001280       ?AddMessageListener@V8@v8@@SA_NP6AXV?$Local@VMessage@v8@@@2@V?$Local@VValue@v8@@@2@@Z1@Z 0000000180002280 f i binding.obj
 0001:000012b0       ?RemoveMessageListeners@V8@v8@@SAXP6AXV?$Local@VMessage@v8@@@2@V?$Local@VValue@v8@@@2@@Z@Z 00000001800022b0 f i binding.obj
 0001:000012e0       ?SetFailedAccessCheckCallbackFunction@V8@v8@@SAXP6AXV?$Local@VObject@v8@@@2@W4AccessType@2@V?$Local@VValue@v8@@@2@@Z@Z 00000001800022e0 f i binding.obj
 0001:00001310       ?SetCaptureStackTraceForUncaughtExceptions@V8@v8@@SAX_NHW4StackTraceOptions@StackTrace@2@@Z 0000000180002310 f i binding.obj
 0001:00001350       ?SetFatalErrorHandler@V8@v8@@SAXP6AXPEBD0@Z@Z 0000000180002350 f i binding.obj
 0001:00001380       ?RemoveGCPrologueCallback@V8@v8@@SAXP6AXW4GCType@2@W4GCCallbackFlags@2@@Z@Z 0000000180002380 f i binding.obj
 0001:000013b0       ?RemoveGCEpilogueCallback@V8@v8@@SAXP6AXW4GCType@2@W4GCCallbackFlags@2@@Z@Z 00000001800023b0 f i binding.obj
 0001:000013e0       ?AddMemoryAllocationCallback@V8@v8@@SAXP6AXW4ObjectSpace@2@W4AllocationAction@2@H@Z01@Z 00000001800023e0 f i binding.obj
 0001:00001420       ?RemoveMemoryAllocationCallback@V8@v8@@SAXP6AXW4ObjectSpace@2@W4AllocationAction@2@H@Z@Z 0000000180002420 f i binding.obj
 0001:00001450       ?TerminateExecution@V8@v8@@SAXPEAVIsolate@2@@Z 0000000180002450 f i binding.obj
 0001:00001460       ?IsExecutionTerminating@V8@v8@@SA_NPEAVIsolate@2@@Z 0000000180002460 f i binding.obj
 0001:00001480       ?CancelTerminateExecution@V8@v8@@SAXPEAVIsolate@2@@Z 0000000180002480 f i binding.obj
 0001:00001490       ?VisitExternalResources@V8@v8@@SAXPEAVExternalResourceVisitor@2@@Z 0000000180002490 f i binding.obj
 0001:000014c0       ?VisitHandlesWithClassIds@V8@v8@@SAXPEAVPersistentHandleVisitor@2@@Z 00000001800024c0 f i binding.obj
 0001:000014f0       ?VisitHandlesWithClassIds@V8@v8@@SAXPEAVIsolate@2@PEAVPersistentHandleVisitor@2@@Z 00000001800024f0 f i binding.obj
 0001:00001500       ?VisitHandlesForPartialDependence@V8@v8@@SAXPEAVIsolate@2@PEAVPersistentHandleVisitor@2@@Z 0000000180002500 f i binding.obj
 0001:00001510       ??0exception@stdext@@QEAA@AEBV01@@Z 0000000180002510 f i binding.obj
 0001:00001530       ?what@exception@stdext@@UEBAPEBDXZ 0000000180002530 f i binding.obj
 0001:00001550       ??_Gruntime_error@std@@UEAAPEAXI@Z 0000000180002550 f i binding.obj
 0001:00001550       ??_Gexception@stdext@@UEAAPEAXI@Z 0000000180002550 f i binding.obj
 0001:00001550       ??_Eruntime_error@std@@UEAAPEAXI@Z 0000000180002550 f i * CIL library *:* CIL module *
 0001:00001550       ??_Eexception@stdext@@UEAAPEAXI@Z 0000000180002550 f i * CIL library *:* CIL module *
 0001:00001580       ??1runtime_error@std@@UEAA@XZ 0000000180002580 f i binding.obj
 0001:000017b0       ?New@?$Factory@VFunctionTemplate@v8@@@imp@Nan@@SA?AV?$Local@VFunctionTemplate@v8@@@v8@@P6AXAEBV?$FunctionCallbackInfo@VValue@v8@@@3@@ZV?$Local@VValue@v8@@@5@V?$Local@VSignature@v8@@@5@@Z 00000001800027b0 f i binding.obj
 0001:00001940       ?SetAccessor@Nan@@YAXV?$Local@VObjectTemplate@v8@@@v8@@V?$Local@VString@v8@@@3@P6AX1AEBV?$PropertyCallbackInfo@VValue@v8@@@1@@ZP6AX1V?$Local@VValue@v8@@@3@AEBV?$PropertyCallbackInfo@X@1@@Z4W4AccessControl@3@W4PropertyAttribute@3@V?$Local@VAccessorSignature@v8@@@3@@Z 0000000180002940 f i binding.obj
 0001:00001ac0       ?Wrap@ObjectWrap@Nan@@IEAAXV?$Local@VObject@v8@@@v8@@@Z 0000000180002ac0 f i binding.obj
 0001:00001ba0       ?Ref@ObjectWrap@Nan@@MEAAXXZ 0000000180002ba0 f i binding.obj
 0001:00001be0       ?Unref@ObjectWrap@Nan@@MEAAXXZ 0000000180002be0 f i binding.obj
 0001:00001c90       ?WeakCallback@ObjectWrap@Nan@@CAXAEBV?$WeakCallbackInfo@VObjectWrap@Nan@@@v8@@@Z 0000000180002c90 f i binding.obj
 0001:00001d20       ??_EObjectWrap@Nan@@UEAAPEAXI@Z 0000000180002d20 f i * CIL library *:* CIL module *
 0001:00001d20       ??_GObjectWrap@Nan@@UEAAPEAXI@Z 0000000180002d20 f i binding.obj
 0001:00001e50       ?Initialize@Context@zmq@@SAXV?$Local@VObject@v8@@@v8@@@Z 0000000180002e50 f   binding.obj
 0001:00002230       ??1Context@zmq@@UEAA@XZ    0000000180003230 f   binding.obj
 0001:00002300       ??_EContext@zmq@@UEAAPEAXI@Z 0000000180003300 f i * CIL library *:* CIL module *
 0001:00002300       ??_GContext@zmq@@UEAAPEAXI@Z 0000000180003300 f i binding.obj
 0001:00002330       ?New@Context@zmq@@CAXAEBV?$FunctionCallbackInfo@VValue@v8@@@Nan@@@Z 0000000180003330 f   binding.obj
 0001:000025a0       ??0runtime_error@std@@QEAA@AEBV01@@Z 00000001800035a0 f i binding.obj
 0001:000025c0       ?GetContext@Context@zmq@@CAPEAV12@AEBV?$FunctionCallbackInfo@VValue@v8@@@Nan@@@Z 00000001800035c0 f   binding.obj
 0001:000025c0       ?GetSocket@Socket@zmq@@CAPEAV12@AEBV?$FunctionCallbackInfo@VValue@v8@@@Nan@@@Z 00000001800035c0 f   binding.obj
 0001:00002640       ?Close@Context@zmq@@CAXAEBV?$FunctionCallbackInfo@VValue@v8@@@Nan@@@Z 0000000180003640 f   binding.obj
 0001:00002710       ?SetOpt@Context@zmq@@CAXAEBV?$FunctionCallbackInfo@VValue@v8@@@Nan@@@Z 0000000180003710 f   binding.obj
 0001:00002940       ?GetOpt@Context@zmq@@CAXAEBV?$FunctionCallbackInfo@VValue@v8@@@Nan@@@Z 0000000180003940 f   binding.obj
 0001:00002b40       ?Initialize@Socket@zmq@@SAXV?$Local@VObject@v8@@@v8@@@Z 0000000180003b40 f   binding.obj
 0001:00003a80       ??1Socket@zmq@@UEAA@XZ     0000000180004a80 f   binding.obj
 0001:00003b00       ??_GSocket@zmq@@UEAAPEAXI@Z 0000000180004b00 f i binding.obj
 0001:00003b00       ??_ESocket@zmq@@UEAAPEAXI@Z 0000000180004b00 f i * CIL library *:* CIL module *
 0001:00003b30       ?New@Socket@zmq@@CAXAEBV?$FunctionCallbackInfo@VValue@v8@@@Nan@@@Z 0000000180004b30 f   binding.obj
 0001:00003da0       ?IsReady@Socket@zmq@@AEAA_NXZ 0000000180004da0 f   binding.obj
 0001:00003e40       ?CallbackIfReady@Socket@zmq@@QEAAXXZ 0000000180004e40 f   binding.obj
 0001:00003f70       ?UV_PollCallback@Socket@zmq@@CAXPEAUuv_poll_s@@HH@Z 0000000180004f70 f   binding.obj
 0001:00004020       ?MonitorEvent@Socket@zmq@@QEAAXGHPEAD@Z 0000000180005020 f   binding.obj
 0001:00004260       ?MonitorError@Socket@zmq@@QEAAXPEBD@Z 0000000180005260 f   binding.obj
 0001:000043f0       ?UV_MonitorCallback@Socket@zmq@@CAXPEAUuv_timer_s@@H@Z 00000001800053f0 f   binding.obj
 0001:00004620       ??0Socket@zmq@@AEAA@PEAVContext@1@H@Z 0000000180005620 f   binding.obj
 0001:00004820       ?GetState@Socket@zmq@@CAXV?$Local@VString@v8@@@v8@@AEBV?$PropertyCallbackInfo@VValue@v8@@@Nan@@@Z 0000000180005820 f   binding.obj
 0001:00004920       ?GetPending@Socket@zmq@@CAXV?$Local@VString@v8@@@v8@@AEBV?$PropertyCallbackInfo@VValue@v8@@@Nan@@@Z 0000000180005920 f   binding.obj
 0001:00004a20       ?SetPending@Socket@zmq@@CAXV?$Local@VString@v8@@@v8@@V?$Local@VValue@v8@@@4@AEBV?$PropertyCallbackInfo@X@Nan@@@Z 0000000180005a20 f   binding.obj
 0001:00004b80       ??$GetSockOpt@PEAD@Socket@zmq@@AEAA?AV?$Local@VValue@v8@@@v8@@H@Z 0000000180005b80 f   binding.obj
 0001:00004d00       ??$SetSockOpt@PEAD@Socket@zmq@@AEAA?AV?$Local@VValue@v8@@@v8@@HV23@@Z 0000000180005d00 f   binding.obj
 0001:00004e40       ?GetSockOpt@Socket@zmq@@CAXAEBV?$FunctionCallbackInfo@VValue@v8@@@Nan@@@Z 0000000180005e40 f   binding.obj
 0001:000052d0       ?SetSockOpt@Socket@zmq@@CAXAEBV?$FunctionCallbackInfo@VValue@v8@@@Nan@@@Z 00000001800062d0 f   binding.obj
 0001:000057c0       ??0BindState@Socket@zmq@@QEAA@PEAV12@V?$Local@VFunction@v8@@@v8@@V?$Local@VString@v8@@@4@@Z 00000001800067c0 f i binding.obj
 0001:00005980       ?Bind@Socket@zmq@@CAXAEBV?$FunctionCallbackInfo@VValue@v8@@@Nan@@@Z 0000000180006980 f   binding.obj
 0001:00005c10       ?UV_BindAsync@Socket@zmq@@CAXPEAUuv_work_s@@@Z 0000000180006c10 f   binding.obj
 0001:00005c40       ?UV_BindAsyncAfter@Socket@zmq@@CAXPEAUuv_work_s@@@Z 0000000180006c40 f   binding.obj
 0001:00005eb0       ?BindSync@Socket@zmq@@CAXAEBV?$FunctionCallbackInfo@VValue@v8@@@Nan@@@Z 0000000180006eb0 f   binding.obj
 0001:000062a0       ?Unbind@Socket@zmq@@CAXAEBV?$FunctionCallbackInfo@VValue@v8@@@Nan@@@Z 00000001800072a0 f   binding.obj
 0001:00006530       ?UV_UnbindAsync@Socket@zmq@@CAXPEAUuv_work_s@@@Z 0000000180007530 f   binding.obj
 0001:00006560       ?UV_UnbindAsyncAfter@Socket@zmq@@CAXPEAUuv_work_s@@@Z 0000000180007560 f   binding.obj
 0001:000067c0       ?UnbindSync@Socket@zmq@@CAXAEBV?$FunctionCallbackInfo@VValue@v8@@@Nan@@@Z 00000001800077c0 f   binding.obj
 0001:00006bb0       ?Connect@Socket@zmq@@CAXAEBV?$FunctionCallbackInfo@VValue@v8@@@Nan@@@Z 0000000180007bb0 f   binding.obj
 0001:00006fe0       ?Disconnect@Socket@zmq@@CAXAEBV?$FunctionCallbackInfo@VValue@v8@@@Nan@@@Z 0000000180007fe0 f   binding.obj
 0001:00007410       ?FreeCallback@IncomingMessage@Socket@zmq@@CAXPEADPEAX@Z 0000000180008410 f i binding.obj
 0001:00007470       ??_GMessageReference@IncomingMessage@Socket@zmq@@QEAAPEAXI@Z 0000000180008470 f i binding.obj
 0001:000074d0       ?Monitor@Socket@zmq@@CAXAEBV?$FunctionCallbackInfo@VValue@v8@@@Nan@@@Z 00000001800084d0 f   binding.obj
 0001:00007a40       ?Unmonitor@Socket@zmq@@AEAAXXZ 0000000180008a40 f   binding.obj
 0001:00007ac0       ?Unmonitor@Socket@zmq@@CAXAEBV?$FunctionCallbackInfo@VValue@v8@@@Nan@@@Z 0000000180008ac0 f   binding.obj
 0001:00007b50       ?Recv@Socket@zmq@@CAXAEBV?$FunctionCallbackInfo@VValue@v8@@@Nan@@@Z 0000000180008b50 f   binding.obj
 0001:00008090       ?Send@Socket@zmq@@CAXAEBV?$FunctionCallbackInfo@VValue@v8@@@Nan@@@Z 0000000180009090 f   binding.obj
 0001:00008540       ?Close@Socket@zmq@@AEAAXXZ 0000000180009540 f   binding.obj
 0001:000085f0       ?Close@Socket@zmq@@CAXAEBV?$FunctionCallbackInfo@VValue@v8@@@Nan@@@Z 00000001800095f0 f   binding.obj
 0001:0000a310       init                       000000018000b310 f   binding.obj
 0001:0000a500       _register_zmq              000000018000b500 f   binding.obj
 0001:0000a510       ?count@?$_Tree@V?$_Tset_traits@HU?$less@H@std@@V?$allocator@H@2@$0A@@std@@@std@@QEBA_KAEBH@Z 000000018000b510 f i binding.obj
 0001:0000a5f0       ?erase@?$_Tree@V?$_Tset_traits@HU?$less@H@std@@V?$allocator@H@2@$0A@@std@@@std@@QEAA?AV?$_Tree_const_iterator@V?$_Tree_val@U?$_Tree_simple_types@H@std@@@std@@@2@V32@0@Z 000000018000b5f0 f i binding.obj
 0001:0000a720       ?erase@?$_Tree@V?$_Tset_traits@HU?$less@H@std@@V?$allocator@H@2@$0A@@std@@@std@@QEAA?AV?$_Tree_const_iterator@V?$_Tree_val@U?$_Tree_simple_types@H@std@@@std@@@2@V32@@Z 000000018000b720 f i binding.obj
 0001:0000ab70       ?_Erase@?$_Tree@V?$_Tset_traits@HU?$less@H@std@@V?$allocator@H@2@$0A@@std@@@std@@IEAAXPEAU?$_Tree_node@HPEAX@2@@Z 000000018000bb70 f i binding.obj
 0001:0000abc0       ?_Lrotate@?$_Tree@V?$_Tset_traits@HU?$less@H@std@@V?$allocator@H@2@$0A@@std@@@std@@IEAAXPEAU?$_Tree_node@HPEAX@2@@Z 000000018000bbc0 f i binding.obj
 0001:0000ac20       ?_Rrotate@?$_Tree@V?$_Tset_traits@HU?$less@H@std@@V?$allocator@H@2@$0A@@std@@@std@@IEAAXPEAU?$_Tree_node@HPEAX@2@@Z 000000018000bc20 f i binding.obj
 0001:0000ac80       ??$Unwrap@VContext@zmq@@@ObjectWrap@Nan@@SAPEAVContext@zmq@@V?$Local@VObject@v8@@@v8@@@Z 000000018000bc80 f i binding.obj
 0001:0000ad00       ??$GetSockOpt@H@Socket@zmq@@AEAA?AV?$Local@VValue@v8@@@v8@@H@Z 000000018000bd00 f i binding.obj
 0001:0000ae60       ??$GetSockOpt@I@Socket@zmq@@AEAA?AV?$Local@VValue@v8@@@v8@@H@Z 000000018000be60 f i binding.obj
 0001:0000afd0       ??$GetSockOpt@_J@Socket@zmq@@AEAA?AV?$Local@VValue@v8@@@v8@@H@Z 000000018000bfd0 f i binding.obj
 0001:0000b130       ??$GetSockOpt@_K@Socket@zmq@@AEAA?AV?$Local@VValue@v8@@@v8@@H@Z 000000018000c130 f i binding.obj
 0001:0000b2a0       ??$SetSockOpt@H@Socket@zmq@@AEAA?AV?$Local@VValue@v8@@@v8@@HV23@@Z 000000018000c2a0 f i binding.obj
 0001:0000b400       ??$SetSockOpt@I@Socket@zmq@@AEAA?AV?$Local@VValue@v8@@@v8@@HV23@@Z 000000018000c400 f i binding.obj
 0001:0000b560       ??$SetSockOpt@_J@Socket@zmq@@AEAA?AV?$Local@VValue@v8@@@v8@@HV23@@Z 000000018000c560 f i binding.obj
 0001:0000b6d0       ??$_snprintf_s@$0BA@@@YAHAEAY0BA@D_KPEBDZZ 000000018000c6d0 f i binding.obj
 0001:0000b700       ??$_Insert_nohint@HU_Nil@std@@@?$_Tree@V?$_Tset_traits@HU?$less@H@std@@V?$allocator@H@2@$0A@@std@@@std@@IEAA?AU?$pair@V?$_Tree_const_iterator@V?$_Tree_val@U?$_Tree_simple_types@H@std@@@std@@@std@@_N@1@_N$$QEAHU_Nil@1@@Z 000000018000c700 f i binding.obj
 0001:0000b850       ??$_Insert_at@HU_Nil@std@@@?$_Tree@V?$_Tset_traits@HU?$less@H@std@@V?$allocator@H@2@$0A@@std@@@std@@IEAA?AV?$_Tree_const_iterator@V?$_Tree_val@U?$_Tree_simple_types@H@std@@@std@@@1@_NPEAU?$_Tree_node@HPEAX@1@$$QEAHU_Nil@1@@Z 000000018000c850 f i binding.obj
 0001:0000bc4c       __HrLoadAllImportsForDll   000000018000cc4c f   DelayImp:delayhlp.obj
 0001:0000bcc0       __delayLoadHelper2         000000018000ccc0 f   DelayImp:delayhlp.obj
 0001:0000bf58       ?ResetToBookmark@ExternalSourceStream@ScriptCompiler@v8@@UEAAXXZ 000000018000cf58 f   node:node.dll
 0001:0000bf5e       ?SetBookmark@ExternalSourceStream@ScriptCompiler@v8@@UEAA_NXZ 000000018000cf5e f   node:node.dll
 0001:0000bf64       __imp_load_zmq_socket_monitor 000000018000cf64 f   libzmq-v100-mt-4_0_4:libzmq-v100-mt-4_0_4.dll
 0001:0000bf70       __tailMerge_libzmq_v100_mt_4_0_4_dll 000000018000cf70 f i libzmq-v100-mt-4_0_4:libzmq-v100-mt-4_0_4.dll
 0001:0000bfe9       __imp_load_zmq_msg_more    000000018000cfe9 f   libzmq-v100-mt-4_0_4:libzmq-v100-mt-4_0_4.dll
 0001:0000bff5       __imp_load_zmq_bind        000000018000cff5 f   libzmq-v100-mt-4_0_4:libzmq-v100-mt-4_0_4.dll
 0001:0000c001       __imp_load_zmq_close       000000018000d001 f   libzmq-v100-mt-4_0_4:libzmq-v100-mt-4_0_4.dll
 0001:0000c00d       __imp_load_zmq_errno       000000018000d00d f   libzmq-v100-mt-4_0_4:libzmq-v100-mt-4_0_4.dll
 0001:0000c019       __imp_load_zmq_msg_size    000000018000d019 f   libzmq-v100-mt-4_0_4:libzmq-v100-mt-4_0_4.dll
 0001:0000c025       __imp_load_zmq_init        000000018000d025 f   libzmq-v100-mt-4_0_4:libzmq-v100-mt-4_0_4.dll
 0001:0000c031       __imp_load_zmq_version     000000018000d031 f   libzmq-v100-mt-4_0_4:libzmq-v100-mt-4_0_4.dll
 0001:0000c03d       __imp_load_zmq_poll        000000018000d03d f   libzmq-v100-mt-4_0_4:libzmq-v100-mt-4_0_4.dll
 0001:0000c049       __imp_load_zmq_msg_data    000000018000d049 f   libzmq-v100-mt-4_0_4:libzmq-v100-mt-4_0_4.dll
 0001:0000c055       __imp_load_zmq_strerror    000000018000d055 f   libzmq-v100-mt-4_0_4:libzmq-v100-mt-4_0_4.dll
 0001:0000c061       __imp_load_zmq_socket      000000018000d061 f   libzmq-v100-mt-4_0_4:libzmq-v100-mt-4_0_4.dll
 0001:0000c06d       __imp_load_zmq_msg_init_size 000000018000d06d f   libzmq-v100-mt-4_0_4:libzmq-v100-mt-4_0_4.dll
 0001:0000c079       __imp_load_zmq_setsockopt  000000018000d079 f   libzmq-v100-mt-4_0_4:libzmq-v100-mt-4_0_4.dll
 0001:0000c085       __imp_load_zmq_unbind      000000018000d085 f   libzmq-v100-mt-4_0_4:libzmq-v100-mt-4_0_4.dll
 0001:0000c091       __imp_load_zmq_term        000000018000d091 f   libzmq-v100-mt-4_0_4:libzmq-v100-mt-4_0_4.dll
 0001:0000c09d       __imp_load_zmq_connect     000000018000d09d f   libzmq-v100-mt-4_0_4:libzmq-v100-mt-4_0_4.dll
 0001:0000c0a9       __imp_load_zmq_msg_close   000000018000d0a9 f   libzmq-v100-mt-4_0_4:libzmq-v100-mt-4_0_4.dll
 0001:0000c0b5       __imp_load_zmq_msg_send    000000018000d0b5 f   libzmq-v100-mt-4_0_4:libzmq-v100-mt-4_0_4.dll
 0001:0000c0c1       __imp_load_zmq_ctx_set     000000018000d0c1 f   libzmq-v100-mt-4_0_4:libzmq-v100-mt-4_0_4.dll
 0001:0000c0cd       __imp_load_zmq_recvmsg     000000018000d0cd f   libzmq-v100-mt-4_0_4:libzmq-v100-mt-4_0_4.dll
 0001:0000c0d9       __imp_load_zmq_curve_keypair 000000018000d0d9 f   libzmq-v100-mt-4_0_4:libzmq-v100-mt-4_0_4.dll
 0001:0000c0e5       __imp_load_zmq_getsockopt  000000018000d0e5 f   libzmq-v100-mt-4_0_4:libzmq-v100-mt-4_0_4.dll
 0001:0000c0f1       __imp_load_zmq_ctx_get     000000018000d0f1 f   libzmq-v100-mt-4_0_4:libzmq-v100-mt-4_0_4.dll
 0001:0000c0fd       __imp_load_zmq_disconnect  000000018000d0fd f   libzmq-v100-mt-4_0_4:libzmq-v100-mt-4_0_4.dll
 0001:0000c109       __imp_load_zmq_msg_init    000000018000d109 f   libzmq-v100-mt-4_0_4:libzmq-v100-mt-4_0_4.dll
 0001:0000c118       ??0bad_alloc@std@@QEAA@AEBV01@@Z 000000018000d118 f i libcpmt:xthrow.obj
 0001:0000c13c       ??0length_error@std@@QEAA@AEBV01@@Z 000000018000d13c f i libcpmt:xthrow.obj
 0001:0000c160       ??0logic_error@std@@QEAA@AEBV01@@Z 000000018000d160 f i libcpmt:xthrow.obj
 0001:0000c184       ??1bad_alloc@std@@UEAA@XZ  000000018000d184 f i libcpmt:xthrow.obj
 0001:0000c194       ??1length_error@std@@UEAA@XZ 000000018000d194 f i libcpmt:xthrow.obj
 0001:0000c19c       ??_Ebad_alloc@std@@UEAAPEAXI@Z 000000018000d19c f i libcpmt:xthrow.obj
 0001:0000c19c       ??_Gbad_alloc@std@@UEAAPEAXI@Z 000000018000d19c f i libcpmt:xthrow.obj
 0001:0000c1d8       ??_Elength_error@std@@UEAAPEAXI@Z 000000018000d1d8 f i libcpmt:xthrow.obj
 0001:0000c1d8       ??_Glogic_error@std@@UEAAPEAXI@Z 000000018000d1d8 f i libcpmt:xthrow.obj
 0001:0000c1d8       ??_Glength_error@std@@UEAAPEAXI@Z 000000018000d1d8 f i libcpmt:xthrow.obj
 0001:0000c1d8       ??_Elogic_error@std@@UEAAPEAXI@Z 000000018000d1d8 f i libcpmt:xthrow.obj
 0001:0000c208       ?_Xbad_alloc@std@@YAXXZ    000000018000d208 f   libcpmt:xthrow.obj
 0001:0000c24c       ?_Xlength_error@std@@YAXPEBD@Z 000000018000d24c f   libcpmt:xthrow.obj
 0001:0000c2a0       __security_check_cookie    000000018000d2a0 f   LIBCMT:amdsecgs.obj
 0001:0000c2c0       _call_reportfault          000000018000d2c0 f   LIBCMT:invarg.obj
 0001:0000c3b4       _initp_misc_invarg         000000018000d3b4 f   LIBCMT:invarg.obj
 0001:0000c3bc       _invalid_parameter         000000018000d3bc f   LIBCMT:invarg.obj
 0001:0000c424       _invalid_parameter_noinfo  000000018000d424 f   LIBCMT:invarg.obj
 0001:0000c444       _invoke_watson             000000018000d444 f   LIBCMT:invarg.obj
 0001:0000c480       sprintf                    000000018000d480 f   LIBCMT:sprintf.obj
 0001:0000c530       memcpy                     000000018000d530 f   LIBCMT:memcpy.obj
 0001:0000c530       memmove                    000000018000d530 f   LIBCMT:memcpy.obj
 0001:0000ca98       _vsnprintf_helper          000000018000da98 f   LIBCMT:vsnprnc.obj
 0001:0000cb80       _vsnprintf_s               000000018000db80 f   LIBCMT:vsnprnc.obj
 0001:0000cba0       _vsnprintf_s_l             000000018000dba0 f   LIBCMT:vsnprnc.obj
 0001:0000cce8       free                       000000018000dce8 f   LIBCMT:free.obj
 0001:0000cd28       malloc                     000000018000dd28 f   LIBCMT:malloc.obj
 0001:0000cde0       wcsncpy                    000000018000dde0 f   LIBCMT:wcsncpy.obj
 0001:0000ce28       _wassert                   000000018000de28 f   LIBCMT:wassert.obj
 0001:0000d78c       __onexitinit               000000018000e78c f   LIBCMT:onexit.obj
 0001:0000d7d0       _onexit                    000000018000e7d0 f   LIBCMT:onexit.obj
 0001:0000d8dc       atexit                     000000018000e8dc f   LIBCMT:onexit.obj
 0001:0000d8f4       wcsrchr                    000000018000e8f4 f   LIBCMT:wcsrchr.obj
 0001:0000d9a4       _purecall                  000000018000e9a4 f   LIBCMT:purevirt.obj
 0001:0000d9d0       ??3@YAXPEAX@Z              000000018000e9d0 f   LIBCMT:delete.obj
 0001:0000d9d8       __raise_securityfailure    000000018000e9d8 f   LIBCMT:gs_report.obj
 0001:0000da24       __report_gsfailure         000000018000ea24 f   LIBCMT:gs_report.obj
 0001:0000daf8       __report_rangecheckfailure 000000018000eaf8 f   LIBCMT:gs_report.obj
 0001:0000db0c       __report_securityfailure   000000018000eb0c f   LIBCMT:gs_report.obj
 0001:0000dba8       _wfullpath                 000000018000eba8 f   LIBCMT:wfullpat.obj
 0001:0000dcdc       ??_Gtype_info@@UEAAPEAXI@Z 000000018000ecdc f i LIBCMT:typinfo.obj
 0001:0000dcdc       ??_Etype_info@@UEAAPEAXI@Z 000000018000ecdc f i LIBCMT:typinfo.obj
 0001:0000dd18       ??2@YAPEAX_K@Z             000000018000ed18 f   LIBCMT:new.obj
 0001:0000dd84       ??0_LocaleUpdate@@QEAA@PEAUlocaleinfo_struct@@@Z 000000018000ed84 f i LIBCMT:stricmp.obj
 0001:0000de2c       __ascii_stricmp            000000018000ee2c f   LIBCMT:stricmp.obj
 0001:0000de68       _stricmp                   000000018000ee68 f   LIBCMT:stricmp.obj
 0001:0000deb0       _stricmp_l                 000000018000eeb0 f   LIBCMT:stricmp.obj
 0001:0000df64       _CRT_INIT                  000000018000ef64 f   LIBCMT:dllcrt0.obj
 0001:0000e0c4       _DllMainCRTStartup         000000018000f0c4 f   LIBCMT:dllcrt0.obj
 0001:0000e240       strlen                     000000018000f240 f   LIBCMT:strlen.obj
 0001:0000e2e8       _CxxThrowException         000000018000f2e8 f   LIBCMT:throw.obj
 0001:0000e3b0       _fpmath                    000000018000f3b0 f   LIBCMT:fpinit.obj
 0001:0000e3b8       _cfltcvt_init              000000018000f3b8 f   LIBCMT:fpinit.obj
 0001:0000e440       ??0exception@std@@QEAA@AEBQEBD@Z 000000018000f440 f   LIBCMT:stdexcpt.obj
 0001:0000e470       ??0exception@std@@QEAA@AEBQEBDH@Z 000000018000f470 f   LIBCMT:stdexcpt.obj
 0001:0000e48c       ??0exception@std@@QEAA@AEBV01@@Z 000000018000f48c f   LIBCMT:stdexcpt.obj
 0001:0000e4b8       ??1exception@std@@UEAA@XZ  000000018000f4b8 f   LIBCMT:stdexcpt.obj
 0001:0000e4c8       ??4exception@std@@QEAAAEAV01@AEBV01@@Z 000000018000f4c8 f   LIBCMT:stdexcpt.obj
 0001:0000e50c       ??_Eexception@std@@UEAAPEAXI@Z 000000018000f50c f i LIBCMT:stdexcpt.obj
 0001:0000e50c       ??_Gexception@std@@UEAAPEAXI@Z 000000018000f50c f i LIBCMT:stdexcpt.obj
 0001:0000e548       ?_Copy_str@exception@std@@AEAAXPEBD@Z 000000018000f548 f   LIBCMT:stdexcpt.obj
 0001:0000e5a4       ?_Tidy@exception@std@@AEAAXXZ 000000018000f5a4 f   LIBCMT:stdexcpt.obj
 0001:0000e5cc       ?what@exception@std@@UEBAPEBDXZ 000000018000f5cc f   LIBCMT:stdexcpt.obj
 0001:0000e5e0       __crtCaptureCurrentContext 000000018000f5e0 f   LIBCMT:winapisupp.obj
 0001:0000e650       __crtCapturePreviousContext 000000018000f650 f   LIBCMT:winapisupp.obj
 0001:0000e6c4       __crtFlsAlloc              000000018000f6c4 f   LIBCMT:winapisupp.obj
 0001:0000e6e0       __crtFlsFree               000000018000f6e0 f   LIBCMT:winapisupp.obj
 0001:0000e6fc       __crtFlsGetValue           000000018000f6fc f   LIBCMT:winapisupp.obj
 0001:0000e718       __crtFlsSetValue           000000018000f718 f   LIBCMT:winapisupp.obj
 0001:0000e734       __crtInitializeCriticalSectionEx 000000018000f734 f   LIBCMT:winapisupp.obj
 0001:0000e760       __crtIsPackagedApp         000000018000f760 f   LIBCMT:winapisupp.obj
 0001:0000e7ac       __crtLoadWinApiPointers    000000018000f7ac f   LIBCMT:winapisupp.obj
 0001:0000eba8       __crtSleep                 000000018000fba8 f   LIBCMT:winapisupp.obj
 0001:0000ebb0       __crtTerminateProcess      000000018000fbb0 f   LIBCMT:winapisupp.obj
 0001:0000ebd0       __crtUnhandledException    000000018000fbd0 f   LIBCMT:winapisupp.obj
 0001:0000ebf0       __crt_debugger_hook        000000018000fbf0 f   LIBCMT:dbghook.obj
 0001:0000ebf8       __GSHandlerCheck           000000018000fbf8 f   LIBCMT:gshandler.obj
 0001:0000ec18       __GSHandlerCheckCommon     000000018000fc18 f   LIBCMT:gshandler.obj
 0001:0000ec90       memset                     000000018000fc90 f   LIBCMT:memset.obj
 0001:0000eebc       _flsbuf                    000000018000febc f   LIBCMT:_flsbuf.obj
 0001:0000f048       _output_l                  0000000180010048 f   LIBCMT:output.obj
 0001:0000faa0       __doserrno                 0000000180010aa0 f   LIBCMT:dosmap.obj
 0001:0000fac0       _dosmaperr                 0000000180010ac0 f   LIBCMT:dosmap.obj
 0001:0000fb10       _errno                     0000000180010b10 f   LIBCMT:dosmap.obj
 0001:0000fb30       _get_errno_from_oserr      0000000180010b30 f   LIBCMT:dosmap.obj
 0001:0000fb80       __isa_available_init       0000000180010b80 f   LIBCMT:cpu_disp.obj
 0001:0000fd24       _output_s_l                0000000180010d24 f   LIBCMT:outputs.obj
 0001:00010834       _heap_init                 0000000180011834 f   LIBCMT:heapinit.obj
 0001:00010854       _heap_term                 0000000180011854 f   LIBCMT:heapinit.obj
 0001:00010860       _callnewh                  0000000180011860 f   LIBCMT:handler.obj
 0001:00010894       _initp_heap_handler        0000000180011894 f   LIBCMT:handler.obj
 0001:0001089c       __crtCorExitProcess        000000018001189c f   LIBCMT:crt0dat.obj
 0001:000108e0       __crtExitProcess           00000001800118e0 f   LIBCMT:crt0dat.obj
 0001:000108f8       __freeCrtMemory            00000001800118f8 f   LIBCMT:crt0dat.obj
 0001:00010a40       _amsg_exit                 0000000180011a40 f   LIBCMT:crt0dat.obj
 0001:00010a68       _cexit                     0000000180011a68 f   LIBCMT:crt0dat.obj
 0001:00010a78       _cinit                     0000000180011a78 f   LIBCMT:crt0dat.obj
 0001:00010b10       _exit                      0000000180011b10 f   LIBCMT:crt0dat.obj
 0001:00010b1c       _init_pointers             0000000180011b1c f   LIBCMT:crt0dat.obj
 0001:00010bc8       _initterm_e                0000000180011bc8 f   LIBCMT:crt0dat.obj
 0001:00010c04       _lockexit                  0000000180011c04 f   LIBCMT:crt0dat.obj
 0001:00010c10       _unlockexit                0000000180011c10 f   LIBCMT:crt0dat.obj
 0001:00010db4       _FF_MSGBANNER              0000000180011db4 f   LIBCMT:crt0msg.obj
 0001:00010df8       _GET_RTERRMSG              0000000180011df8 f   LIBCMT:crt0msg.obj
 0001:00010e28       _NMSG_WRITE                0000000180011e28 f   LIBCMT:crt0msg.obj
 0001:00011098       memcpy_s                   0000000180012098 f   LIBCMT:memcpy_s.obj
 0001:00011120       wcscat_s                   0000000180012120 f   LIBCMT:wcscat_s.obj
 0001:000111a8       wcscpy_s                   00000001800121a8 f   LIBCMT:wcscpy_s.obj
 0001:00011214       wcslen                     0000000180012214 f   LIBCMT:wcslen.obj
 0001:00011230       wcsncat_s                  0000000180012230 f   LIBCMT:wcsncat_s.obj
 0001:00011318       _set_abort_behavior        0000000180012318 f   LIBCMT:abort.obj
 0001:00011334       abort                      0000000180012334 f   LIBCMT:abort.obj
 0001:0001138c       _set_error_mode            000000018001238c f   LIBCMT:errmode.obj
 0001:000113cc       _itow_s                    00000001800123cc f   LIBCMT:xtows.obj
 0001:00011504       __initstdio                0000000180012504 f   LIBCMT:_file.obj
 0001:0001159c       __endstdio                 000000018001259c f   LIBCMT:_file.obj
 0001:000115cc       __iob_func                 00000001800125cc f   LIBCMT:_file.obj
 0001:000115d4       _lock_file                 00000001800125d4 f   LIBCMT:_file.obj
 0001:0001163c       _lock_file2                000000018001263c f   LIBCMT:_file.obj
 0001:00011670       _unlock_file               0000000180012670 f   LIBCMT:_file.obj
 0001:000116c0       _unlock_file2              00000001800126c0 f   LIBCMT:_file.obj
 0001:000116e0       _fflush_nolock             00000001800126e0 f   LIBCMT:fflush.obj
 0001:0001172c       _flush                     000000018001272c f   LIBCMT:fflush.obj
 0001:000117a8       _flushall                  00000001800127a8 f   LIBCMT:fflush.obj
 0001:000117b4       fflush                     00000001800127b4 f   LIBCMT:fflush.obj
 0001:000118e0       setvbuf                    00000001800128e0 f   LIBCMT:setvbuf.obj
 0001:000119f8       fwprintf                   00000001800129f8 f   LIBCMT:fwprintf.obj
 0001:00011a8c       _vswprintf_c_l             0000000180012a8c f   LIBCMT:vswprnc.obj
 0001:00011ac4       _vswprintf_helper          0000000180012ac4 f   LIBCMT:vswprnc.obj
 0001:00011be0       __get_sigabrt              0000000180012be0 f   LIBCMT:winsig.obj
 0001:00011bf0       _initp_misc_winsig         0000000180012bf0 f   LIBCMT:winsig.obj
 0001:00011c10       raise                      0000000180012c10 f   LIBCMT:winsig.obj
 0001:00011e44       __crtMessageBoxW           0000000180012e44 f   LIBCMT:crtmboxw.obj
 0001:000120b8       _msize                     00000001800130b8 f   LIBCMT:msize.obj
 0001:000120f4       _calloc_crt                00000001800130f4 f   LIBCMT:crtheap.obj
 0001:00012174       _malloc_crt                0000000180013174 f   LIBCMT:crtheap.obj
 0001:000121f0       _realloc_crt               00000001800131f0 f   LIBCMT:crtheap.obj
 0001:00012274       __C_specific_handler       0000000180013274 f   LIBCMT:chandler.obj
 0001:00012458       _initp_misc_purevirt       0000000180013458 f   LIBCMT:inithelp.obj
 0001:00012460       _wgetcwd                   0000000180013460 f   LIBCMT:wgetcwd.obj
 0001:00012470       _wgetdcwd                  0000000180013470 f   LIBCMT:wgetcwd.obj
 0001:000125c0       calloc                     00000001800135c0 f   LIBCMT:calloc.obj
 0001:00012620       strcmp                     0000000180013620 f   LIBCMT:strcmp.obj
 0001:00012688       ?_Type_info_dtor@type_info@@CAXPEAV1@@Z 0000000180013688 f   LIBCMT:typname.obj
 0001:000126f4       __addlocaleref             00000001800136f4 f   LIBCMT:localref.obj
 0001:00012780       __freetlocinfo             0000000180013780 f   LIBCMT:localref.obj
 0001:00012918       __removelocaleref          0000000180013918 f   LIBCMT:localref.obj
 0001:000129bc       __updatetlocinfo           00000001800139bc f   LIBCMT:localref.obj
 0001:00012a34       _updatetlocinfoEx_nolock   0000000180013a34 f   LIBCMT:localref.obj
 0001:00012a98       __initmbctable             0000000180013a98 f   LIBCMT:mbctype.obj
 0001:00012db4       __updatetmbcinfo           0000000180013db4 f   LIBCMT:mbctype.obj
 0001:00012e70       _setmbcp                   0000000180013e70 f   LIBCMT:mbctype.obj
 0001:000130b4       _setmbcp_nolock            00000001800140b4 f   LIBCMT:mbctype.obj
 0001:00013364       _tolower_l                 0000000180014364 f   LIBCMT:tolower.obj
 0001:000134b8       tolower                    00000001800144b8 f   LIBCMT:tolower.obj
 0001:000134d8       _freefls                   00000001800144d8 f   LIBCMT:tidtable.obj
 0001:0001360c       _freeptd                   000000018001460c f   LIBCMT:tidtable.obj
 0001:00013648       _getptd                    0000000180014648 f   LIBCMT:tidtable.obj
 0001:0001366c       _getptd_noexit             000000018001466c f   LIBCMT:tidtable.obj
 0001:000136f0       _initptd                   00000001800146f0 f   LIBCMT:tidtable.obj
 0001:000137b4       _mtinit                    00000001800147b4 f   LIBCMT:tidtable.obj
 0001:00013834       _mtterm                    0000000180014834 f   LIBCMT:tidtable.obj
 0001:00013858       _locterm                   0000000180014858 f   LIBCMT:wsetloca.obj
 0001:000138a0       _XcptFilter                00000001800148a0 f   LIBCMT:winxfltr.obj
 0001:00013a6c       __CppXcptFilter            0000000180014a6c f   LIBCMT:winxfltr.obj
 0001:00013a80       _ioinit                    0000000180014a80 f   LIBCMT:ioinit.obj
 0001:00013db0       _ioterm                    0000000180014db0 f   LIBCMT:ioinit.obj
 0001:00013e24       _setargv                   0000000180014e24 f   LIBCMT:stdargv.obj
 0001:000140e0       _setenvp                   00000001800150e0 f   LIBCMT:stdenvp.obj
 0001:00014214       __security_init_cookie     0000000180015214 f   LIBCMT:gs_support.obj
 0001:000142c0       DllMain                    00000001800152c0 f   LIBCMT:dllmain.obj
 0001:000142c8       __crtGetEnvironmentStringsA 00000001800152c8 f   LIBCMT:a_env.obj
 0001:000143bc       _RTC_Initialize            00000001800153bc f   LIBCMT:initsect.obj
 0001:000143f4       _RTC_Terminate             00000001800153f4 f   LIBCMT:initsect.obj
 0001:0001442c       __DestructExceptionObject  000000018001542c f   LIBCMT:frame.obj
 0001:0001449c       ?terminate@@YAXXZ          000000018001549c f   LIBCMT:hooks.obj
 0001:000144bc       _initp_eh_hooks            00000001800154bc f   LIBCMT:hooks.obj
 0001:000144dc       _cfltcvt                   00000001800154dc f   LIBCMT:cvt.obj
 0001:00014500       _cfltcvt_l                 0000000180015500 f   LIBCMT:cvt.obj
 0001:00014580       _cftoa_l                   0000000180015580 f   LIBCMT:cvt.obj
 0001:00014b2c       _cftoe_l                   0000000180015b2c f   LIBCMT:cvt.obj
 0001:00014d88       _cftof_l                   0000000180015d88 f   LIBCMT:cvt.obj
 0001:00014e5c       _cftog_l                   0000000180015e5c f   LIBCMT:cvt.obj
 0001:00014f90       _cropzeros                 0000000180015f90 f   LIBCMT:cvt.obj
 0001:00014f98       _cropzeros_l               0000000180015f98 f   LIBCMT:cvt.obj
 0001:00015030       _fassign                   0000000180016030 f   LIBCMT:cvt.obj
 0001:00015038       _fassign_l                 0000000180016038 f   LIBCMT:cvt.obj
 0001:00015078       _forcdecpt                 0000000180016078 f   LIBCMT:cvt.obj
 0001:00015080       _forcdecpt_l               0000000180016080 f   LIBCMT:cvt.obj
 0001:00015100       _positive                  0000000180016100 f   LIBCMT:cvt.obj
 0001:00015114       _initp_misc_cfltcvt_tab    0000000180016114 f   LIBCMT:cmiscdat.obj
 0001:00015150       strcpy_s                   0000000180016150 f   LIBCMT:strcpy_s.obj
 0001:000151b4       _fileno                    00000001800161b4 f   LIBCMT:fileno.obj
 0001:000151dc       _isatty                    00000001800161dc f   LIBCMT:isatty.obj
 0001:0001523c       _write                     000000018001623c f   LIBCMT:write.obj
 0001:00015320       _write_nolock              0000000180016320 f   LIBCMT:write.obj
 0001:00015b14       _lseeki64                  0000000180016b14 f   LIBCMT:lseeki64.obj
 0001:00015bfc       _lseeki64_nolock           0000000180016bfc f   LIBCMT:lseeki64.obj
 0001:00015c90       _getbuf                    0000000180016c90 f   LIBCMT:_getbuf.obj
 0001:00015ce4       _isleadbyte_l              0000000180016ce4 f i LIBCMT:_wctype.obj
 0001:00015d28       isleadbyte                 0000000180016d28 f i LIBCMT:_wctype.obj
 0001:00015d70       _get_printf_count_output   0000000180016d70 f   LIBCMT:printf.obj
 0001:00015d88       _wctomb_s_l                0000000180016d88 f   LIBCMT:wctomb.obj
 0001:00015f14       wctomb_s                   0000000180016f14 f   LIBCMT:wctomb.obj
 0001:00015f28       _lock                      0000000180016f28 f   LIBCMT:mlock.obj
 0001:00015f6c       _mtdeletelocks             0000000180016f6c f   LIBCMT:mlock.obj
 0001:00015ff4       _mtinitlocknum             0000000180016ff4 f   LIBCMT:mlock.obj
 0001:000160b4       _mtinitlocks               00000001800170b4 f   LIBCMT:mlock.obj
 0001:00016118       _unlock                    0000000180017118 f   LIBCMT:mlock.obj
 0001:00016130       _FindPESection             0000000180017130 f   LIBCMT:pesect.obj
 0001:00016180       _IsNonwritableInCurrentImage 0000000180017180 f   LIBCMT:pesect.obj
 0001:000161d0       _ValidateImageBase         00000001800171d0 f   LIBCMT:pesect.obj
 0001:00016200       _initp_misc_rand_s         0000000180017200 f   LIBCMT:rand_s.obj
 0001:00016208       _ftbuf                     0000000180017208 f   LIBCMT:_sftbuf.obj
 0001:00016240       _stbuf                     0000000180017240 f   LIBCMT:_sftbuf.obj
 0001:00016310       wcsncpy_s                  0000000180017310 f   LIBCMT:wcsncpy_s.obj
 0001:000163dc       _fcloseall                 00000001800173dc f   LIBCMT:closeall.obj
 0001:00016484       _commit                    0000000180017484 f   LIBCMT:commit.obj
 0001:0001655c       _freebuf                   000000018001755c f   LIBCMT:_freebuf.obj
 0001:00016594       _woutput_l                 0000000180017594 f   LIBCMT:woutput.obj
 0001:00017154       realloc                    0000000180018154 f   LIBCMT:realloc.obj
 0001:00017228       _calloc_impl               0000000180018228 f   LIBCMT:calloc_impl.obj
 0001:000172e0       _local_unwind              00000001800182e0 f   LIBCMT:jmpuwind.obj
 0001:00017310       _NLG_Notify                0000000180018310 f   LIBCMT:jmpuwind.obj
 0001:00017330       __NLG_Dispatch2            0000000180018330 f   LIBCMT:jmpuwind.obj
 0001:00017340       __NLG_Return2              0000000180018340 f   LIBCMT:jmpuwind.obj
 0001:00017344       GetTableIndexFromLocaleName 0000000180018344 f   LIBCMT:winapinls.obj
 0001:000173d0       __crtDownlevelLocaleNameToLCID 00000001800183d0 f   LIBCMT:winapinls.obj
 0001:00017404       __crtLCMapStringEx         0000000180018404 f   LIBCMT:winapinls.obj
 0001:00017494       __wcsnicmp_ascii           0000000180018494 f   LIBCMT:winapinls.obj
 0001:000174ec       _validdrive                00000001800184ec f   LIBCMT:getcwd.obj
 0001:0001756c       _getdrive                  000000018001856c f   LIBCMT:drive.obj
 0001:00017670       _get_fpsr                  0000000180018670 f   LIBCMT:fpsr.obj
 0001:00017680       _set_fpsr                  0000000180018680 f   LIBCMT:fpsr.obj
 0001:0001768a       _fclrf                     000000018001868a f   LIBCMT:fpsr.obj
 0001:0001769e       _frnd                      000000018001869e f   LIBCMT:fpsr.obj
 0001:000176c0       __free_lconv_mon           00000001800186c0 f   LIBCMT:initmon.obj
 0001:000177cc       __free_lconv_num           00000001800187cc f   LIBCMT:initnum.obj
 0001:00017838       __free_lc_time             0000000180018838 f   LIBCMT:inittime.obj
 0001:00017f20       __crtLCMapStringA          0000000180018f20 f   LIBCMT:a_map.obj
 0001:00018130       __crtGetStringTypeA        0000000180019130 f   LIBCMT:a_str.obj
 0001:000181ac       _isctype_l                 00000001800191ac f   LIBCMT:isctype.obj
 0001:000182a0       memcmp                     00000001800192a0 f   LIBCMT:memcmp.obj
 0001:000183e4       _ismbblead                 00000001800193e4 f   LIBCMT:ismbbyte.obj
 0001:00018410       _CallSettingFrame          0000000180019410 f   LIBCMT:handlers.obj
 0001:00018450       _GetNextInstrOffset        0000000180019450 f   LIBCMT:handlers.obj
 0001:00018458       isdigit                    0000000180019458 f i LIBCMT:_ctype.obj
 0001:000184d4       strrchr                    00000001800194d4 f   LIBCMT:strrchr.obj
 0001:00018618       _fptostr                   0000000180019618 f   LIBCMT:_fptostr.obj
 0001:000186e4       __crt_atoflt_l             00000001800196e4 f   LIBCMT:atodbl.obj
 0001:000187b4       _atodbl_l                  00000001800197b4 f   LIBCMT:atodbl.obj
 0001:0001887c       _atoflt_l                  000000018001987c f   LIBCMT:atodbl.obj
 0001:00018884       __dtold                    0000000180019884 f   LIBCMT:cfout.obj
 0001:00018954       _fltout2                   0000000180019954 f   LIBCMT:cfout.obj
 0001:00018a0c       _fptrap                    0000000180019a0c f   LIBCMT:crt0fp.obj
 0001:00018a18       __lock_fhandle             0000000180019a18 f   LIBCMT:osfinfo.obj
 0001:00018ab0       _free_osfhnd               0000000180019ab0 f   LIBCMT:osfinfo.obj
 0001:00018b5c       _get_osfhandle             0000000180019b5c f   LIBCMT:osfinfo.obj
 0001:00018bd0       _unlock_fhandle            0000000180019bd0 f   LIBCMT:osfinfo.obj
 0001:00018bfc       _mbtowc_l                  0000000180019bfc f   LIBCMT:mbtowc.obj
 0001:00018d50       mbtowc                     0000000180019d50 f   LIBCMT:mbtowc.obj
 0001:00018d58       _putwch_nolock             0000000180019d58 f   LIBCMT:putwch.obj
 0001:00018dd0       __chkstk                   0000000180019dd0 f   LIBCMT:chkstk.obj
 0001:00018dd0       _alloca_probe              0000000180019dd0 f   LIBCMT:chkstk.obj
 0001:00018e20       _fclose_nolock             0000000180019e20 f   LIBCMT:fclose.obj
 0001:00018e9c       fclose                     0000000180019e9c f   LIBCMT:fclose.obj
 0001:00018f04       _fputwc_nolock             0000000180019f04 f   LIBCMT:fputwc.obj
 0001:000190f8       _ld12tod                   000000018001a0f8 f   LIBCMT:intrncvt.obj
 0001:000196b0       _ld12tof                   000000018001a6b0 f   LIBCMT:intrncvt.obj
 0001:00019c68       __strgtold12_l             000000018001ac68 f   LIBCMT:strgtold.obj
 0001:0001a4cc       $I10_OUTPUT                000000018001b4cc f   LIBCMT:x10fout.obj
 0001:0001afa4       __termconout               000000018001bfa4 f   LIBCMT:initcon.obj
 0001:0001afc4       __initconout               000000018001bfc4 f   LIBCMT:initcon.obj
 0001:0001b000       _close                     000000018001c000 f   LIBCMT:close.obj
 0001:0001b0c4       _close_nolock              000000018001c0c4 f   LIBCMT:close.obj
 0001:0001b180       _flswbuf                   000000018001c180 f   LIBCMT:_flswbuf.obj
 0001:0001b310       __mtold12                  000000018001c310 f   LIBCMT:mantold.obj
 0001:0001b540       IsProcessorFeaturePresent  000000018001c540 f   kernel32:KERNEL32.dll
 0001:0001b546       RtlUnwindEx                000000018001c546 f   kernel32:KERNEL32.dll
 0002:00000000       __imp_GetModuleHandleW     000000018001d000     kernel32:KERNEL32.dll
 0002:00000008       __imp_GetModuleFileNameW   000000018001d008     kernel32:KERNEL32.dll
 0002:00000010       __imp_GetProcAddress       000000018001d010     kernel32:KERNEL32.dll
 0002:00000018       __imp_GetModuleHandleA     000000018001d018     kernel32:KERNEL32.dll
 0002:00000020       __imp_CreateFileW          000000018001d020     kernel32:KERNEL32.dll
 0002:00000028       __imp_SetStdHandle         000000018001d028     kernel32:KERNEL32.dll
 0002:00000030       __imp_GetStringTypeW       000000018001d030     kernel32:KERNEL32.dll
 0002:00000038       __imp_GetCurrentDirectoryW 000000018001d038     kernel32:KERNEL32.dll
 0002:00000040       __imp_GetDriveTypeW        000000018001d040     kernel32:KERNEL32.dll
 0002:00000048       __imp_LCMapStringW         000000018001d048     kernel32:KERNEL32.dll
 0002:00000050       __imp_HeapReAlloc          000000018001d050     kernel32:KERNEL32.dll
 0002:00000058       __imp_FlushFileBuffers     000000018001d058     kernel32:KERNEL32.dll
 0002:00000060       __imp_SetFilePointerEx     000000018001d060     kernel32:KERNEL32.dll
 0002:00000068       __imp_GetConsoleMode       000000018001d068     kernel32:KERNEL32.dll
 0002:00000070       __imp_GetConsoleCP         000000018001d070     kernel32:KERNEL32.dll
 0002:00000078       __imp_FreeEnvironmentStringsW 000000018001d078     kernel32:KERNEL32.dll
 0002:00000080       __imp_GetEnvironmentStringsW 000000018001d080     kernel32:KERNEL32.dll
 0002:00000088       __imp_GetSystemTimeAsFileTime 000000018001d088     kernel32:KERNEL32.dll
 0002:00000090       __imp_GetCurrentProcessId  000000018001d090     kernel32:KERNEL32.dll
 0002:00000098       __imp_QueryPerformanceCounter 000000018001d098     kernel32:KERNEL32.dll
 0002:000000a0       __imp_GetModuleFileNameA   000000018001d0a0     kernel32:KERNEL32.dll
 0002:000000a8       __imp_DeleteCriticalSection 000000018001d0a8     kernel32:KERNEL32.dll
 0002:000000b0       __imp_GetCPInfo            000000018001d0b0     kernel32:KERNEL32.dll
 0002:000000b8       __imp_GetOEMCP             000000018001d0b8     kernel32:KERNEL32.dll
 0002:000000c0       __imp_GetACP               000000018001d0c0     kernel32:KERNEL32.dll
 0002:000000c8       __imp_IsValidCodePage      000000018001d0c8     kernel32:KERNEL32.dll
 0002:000000d0       __imp_HeapSize             000000018001d0d0     kernel32:KERNEL32.dll
 0002:000000d8       __imp_LoadLibraryExW       000000018001d0d8     kernel32:KERNEL32.dll
 0002:000000e0       __imp_OutputDebugStringW   000000018001d0e0     kernel32:KERNEL32.dll
 0002:000000e8       __imp_LeaveCriticalSection 000000018001d0e8     kernel32:KERNEL32.dll
 0002:000000f0       __imp_EnterCriticalSection 000000018001d0f0     kernel32:KERNEL32.dll
 0002:000000f8       __imp_WriteFile            000000018001d0f8     kernel32:KERNEL32.dll
 0002:00000100       __imp_WideCharToMultiByte  000000018001d100     kernel32:KERNEL32.dll
 0002:00000108       __imp_MultiByteToWideChar  000000018001d108     kernel32:KERNEL32.dll
 0002:00000110       __imp_ExitProcess          000000018001d110     kernel32:KERNEL32.dll
 0002:00000118       __imp_GetProcessHeap       000000018001d118     kernel32:KERNEL32.dll
 0002:00000120       __imp_GetStartupInfoW      000000018001d120     kernel32:KERNEL32.dll
 0002:00000128       __imp_TlsFree              000000018001d128     kernel32:KERNEL32.dll
 0002:00000130       __imp_TlsSetValue          000000018001d130     kernel32:KERNEL32.dll
 0002:00000138       __imp_TlsGetValue          000000018001d138     kernel32:KERNEL32.dll
 0002:00000140       __imp_TlsAlloc             000000018001d140     kernel32:KERNEL32.dll
 0002:00000148       __imp_TerminateProcess     000000018001d148     kernel32:KERNEL32.dll
 0002:00000150       __imp_GetCurrentProcess    000000018001d150     kernel32:KERNEL32.dll
 0002:00000158       __imp_Sleep                000000018001d158     kernel32:KERNEL32.dll
 0002:00000160       __imp_InitializeCriticalSectionAndSpinCount 000000018001d160     kernel32:KERNEL32.dll
 0002:00000168       __imp_SetLastError         000000018001d168     kernel32:KERNEL32.dll
 0002:00000170       __imp_SetUnhandledExceptionFilter 000000018001d170     kernel32:KERNEL32.dll
 0002:00000178       __imp_UnhandledExceptionFilter 000000018001d178     kernel32:KERNEL32.dll
 0002:00000180       __imp_RtlVirtualUnwind     000000018001d180     kernel32:KERNEL32.dll
 0002:00000188       __imp_RtlCaptureContext    000000018001d188     kernel32:KERNEL32.dll
 0002:00000190       __imp_RtlUnwindEx          000000018001d190     kernel32:KERNEL32.dll
 0002:00000198       __imp_RtlLookupFunctionEntry 000000018001d198     kernel32:KERNEL32.dll
 0002:000001a0       __imp_RtlPcToFileHeader    000000018001d1a0     kernel32:KERNEL32.dll
 0002:000001a8       __imp_GetCurrentThreadId   000000018001d1a8     kernel32:KERNEL32.dll
 0002:000001b0       __imp_GetCommandLineA      000000018001d1b0     kernel32:KERNEL32.dll
 0002:000001b8       __imp_GetFullPathNameW     000000018001d1b8     kernel32:KERNEL32.dll
 0002:000001c0       __imp_WriteConsoleW        000000018001d1c0     kernel32:KERNEL32.dll
 0002:000001c8       __imp_GetModuleHandleExW   000000018001d1c8     kernel32:KERNEL32.dll
 0002:000001d0       __imp_GetFileType          000000018001d1d0     kernel32:KERNEL32.dll
 0002:000001d8       __imp_GetStdHandle         000000018001d1d8     kernel32:KERNEL32.dll
 0002:000001e0       __imp_HeapAlloc            000000018001d1e0     kernel32:KERNEL32.dll
 0002:000001e8       __imp_HeapFree             000000018001d1e8     kernel32:KERNEL32.dll
 0002:000001f0       __imp_IsProcessorFeaturePresent 000000018001d1f0     kernel32:KERNEL32.dll
 0002:000001f8       __imp_DecodePointer        000000018001d1f8     kernel32:KERNEL32.dll
 0002:00000200       __imp_EncodePointer        000000018001d200     kernel32:KERNEL32.dll
 0002:00000208       __imp_IsDebuggerPresent    000000018001d208     kernel32:KERNEL32.dll
 0002:00000210       __imp_LoadLibraryExA       000000018001d210     kernel32:KERNEL32.dll
 0002:00000218       __imp_FreeLibrary          000000018001d218     kernel32:KERNEL32.dll
 0002:00000220       __imp_GetLastError         000000018001d220     kernel32:KERNEL32.dll
 0002:00000228       __imp_RaiseException       000000018001d228     kernel32:KERNEL32.dll
 0002:00000230       __imp_CloseHandle          000000018001d230     kernel32:KERNEL32.dll
 0002:00000238       \177KERNEL32_NULL_THUNK_DATA 000000018001d238     kernel32:KERNEL32.dll
 0002:00000240       __imp_?SetAllowCodeGenerationFromStringsCallback@Isolate@v8@@QEAAXP6A_NV?$Local@VContext@v8@@@2@@Z@Z 000000018001d240     node:node.dll
 0002:00000248       __imp_?SetFatalErrorHandler@Isolate@v8@@QEAAXP6AXPEBD0@Z@Z 000000018001d248     node:node.dll
 0002:00000250       __imp_?CancelTerminateExecution@Isolate@v8@@QEAAXXZ 000000018001d250     node:node.dll
 0002:00000258       __imp_?IsExecutionTerminating@Isolate@v8@@QEAA_NXZ 000000018001d258     node:node.dll
 0002:00000260       __imp_?TerminateExecution@Isolate@v8@@QEAAXXZ 000000018001d260     node:node.dll
 0002:00000268       __imp_?RemoveGCEpilogueCallback@Isolate@v8@@QEAAXP6AXPEAV12@W4GCType@2@W4GCCallbackFlags@2@@Z@Z 000000018001d268     node:node.dll
 0002:00000270       __imp_?RemoveGCPrologueCallback@Isolate@v8@@QEAAXP6AXPEAV12@W4GCType@2@W4GCCallbackFlags@2@@Z@Z 000000018001d270     node:node.dll
 0002:00000278       __imp_?ThrowException@Isolate@v8@@QEAA?AV?$Local@VValue@v8@@@2@V32@@Z 000000018001d278     node:node.dll
 0002:00000280       __imp_?GetCurrentContext@Isolate@v8@@QEAA?AV?$Local@VContext@v8@@@2@XZ 000000018001d280     node:node.dll
 0002:00000288       __imp_?IsDead@Isolate@v8@@QEAA_NXZ 000000018001d288     node:node.dll
 0002:00000290       __imp_?Enter@Isolate@v8@@QEAAXXZ 000000018001d290     node:node.dll
 0002:00000298       __imp_?GetCurrent@Isolate@v8@@SAPEAV12@XZ 000000018001d298     node:node.dll
 0002:000002a0       __imp_?ResetToBookmark@ExternalSourceStream@ScriptCompiler@v8@@UEAAXXZ 000000018001d2a0     node:node.dll
 0002:000002a8       __imp_?SetBookmark@ExternalSourceStream@ScriptCompiler@v8@@UEAA_NXZ 000000018001d2a8     node:node.dll
 0002:000002b0       __imp_?Value@External@v8@@QEBAPEAXXZ 000000018001d2b0     node:node.dll
 0002:000002b8       __imp_?New@External@v8@@SA?AV?$Local@VExternal@v8@@@2@PEAVIsolate@2@PEAX@Z 000000018001d2b8     node:node.dll
 0002:000002c0       __imp_uv_timer_stop        000000018001d2c0     node:node.dll
 0002:000002c8       __imp_uv_poll_start        000000018001d2c8     node:node.dll
 0002:000002d0       __imp_uv_timer_init        000000018001d2d0     node:node.dll
 0002:000002d8       __imp_uv_timer_start       000000018001d2d8     node:node.dll
 0002:000002e0       __imp_uv_queue_work        000000018001d2e0     node:node.dll
 0002:000002e8       __imp_uv_close             000000018001d2e8     node:node.dll
 0002:000002f0       __imp_?AddMessageListener@Isolate@v8@@QEAA_NP6AXV?$Local@VMessage@v8@@@2@V?$Local@VValue@v8@@@2@@Z1@Z 000000018001d2f0     node:node.dll
 0002:000002f8       __imp_?RemoveMessageListeners@Isolate@v8@@QEAAXP6AXV?$Local@VMessage@v8@@@2@V?$Local@VValue@v8@@@2@@Z@Z 000000018001d2f8     node:node.dll
 0002:00000300       __imp_?SetFailedAccessCheckCallbackFunction@Isolate@v8@@QEAAXP6AXV?$Local@VObject@v8@@@2@W4AccessType@2@V?$Local@VValue@v8@@@2@@Z@Z 000000018001d300     node:node.dll
 0002:00000308       __imp_?SetCaptureStackTraceForUncaughtExceptions@Isolate@v8@@QEAAX_NHW4StackTraceOptions@StackTrace@2@@Z 000000018001d308     node:node.dll
 0002:00000310       __imp_?AddMemoryAllocationCallback@Isolate@v8@@QEAAXP6AXW4ObjectSpace@2@W4AllocationAction@2@H@Z01@Z 000000018001d310     node:node.dll
 0002:00000318       __imp_?RemoveMemoryAllocationCallback@Isolate@v8@@QEAAXP6AXW4ObjectSpace@2@W4AllocationAction@2@H@Z@Z 000000018001d318     node:node.dll
 0002:00000320       __imp_?VisitExternalResources@Isolate@v8@@QEAAXPEAVExternalResourceVisitor@2@@Z 000000018001d320     node:node.dll
 0002:00000328       __imp_?VisitHandlesWithClassIds@Isolate@v8@@QEAAXPEAVPersistentHandleVisitor@2@@Z 000000018001d328     node:node.dll
 0002:00000330       __imp_?VisitHandlesForPartialDependence@Isolate@v8@@QEAAXPEAVPersistentHandleVisitor@2@@Z 000000018001d330     node:node.dll
 0002:00000338       __imp_?CollectAllGarbage@Isolate@v8@@AEAAXPEBD@Z 000000018001d338     node:node.dll
 0002:00000340       __imp_?NewInstance@Function@v8@@QEBA?AV?$MaybeLocal@VObject@v8@@@2@V?$Local@VContext@v8@@@2@HQEAV?$Local@VValue@v8@@@2@@Z 000000018001d340     node:node.dll
 0002:00000348       __imp_?SetName@Function@v8@@QEAAXV?$Local@VString@v8@@@2@@Z 000000018001d348     node:node.dll
 0002:00000350       __imp_?New@Integer@v8@@SA?AV?$Local@VInteger@v8@@@2@PEAVIsolate@2@H@Z 000000018001d350     node:node.dll
 0002:00000358       __imp_?New@ObjectTemplate@v8@@SA?AV?$Local@VObjectTemplate@v8@@@2@PEAVIsolate@2@V?$Local@VFunctionTemplate@v8@@@2@@Z 000000018001d358     node:node.dll
 0002:00000360       __imp_?NewInstance@ObjectTemplate@v8@@QEAA?AV?$MaybeLocal@VObject@v8@@@2@V?$Local@VContext@v8@@@2@@Z 000000018001d360     node:node.dll
 0002:00000368       __imp_?SetAccessor@ObjectTemplate@v8@@QEAAXV?$Local@VName@v8@@@2@P6AX0AEBV?$PropertyCallbackInfo@VValue@v8@@@2@@ZP6AX0V?$Local@VValue@v8@@@2@AEBV?$PropertyCallbackInfo@X@2@@Z3W4AccessControl@2@W4PropertyAttribute@2@V?$Local@VAccessorSignature@v8@@@2@@Z 000000018001d368     node:node.dll
 0002:00000370       __imp_?SetHandler@ObjectTemplate@v8@@QEAAXAEBUIndexedPropertyHandlerConfiguration@2@@Z 000000018001d370     node:node.dll
 0002:00000378       __imp_?SetInternalFieldCount@ObjectTemplate@v8@@QEAAXH@Z 000000018001d378     node:node.dll
 0002:00000380       __imp_?Set@Template@v8@@QEAAXV?$Local@VName@v8@@@2@V?$Local@VData@v8@@@2@W4PropertyAttribute@2@@Z 000000018001d380     node:node.dll
[...]
      134    ?Cast@Int32Array@v8@@SAPEAV12@PEAVValue@2@@Z (public: static class v8::Int32Array * __cdecl v8::Int32Array::Cast(class v8::Value *))
      135    ?Cast@Int8Array@v8@@SAPEAV12@PEAVValue@2@@Z (public: static class v8::Int8Array * __cdecl v8::Int8Array::Cast(class v8::Value *))
      136    ?Cast@Integer@v8@@SAPEAV12@PEAVValue@2@@Z (public: static class v8::Integer * __cdecl v8::Integer::Cast(class v8::Value *))
      137    ?Cast@Map@v8@@SAPEAV12@PEAVValue@2@@Z (public: static class v8::Map * __cdecl v8::Map::Cast(class v8::Value *))
      138    ?Cast@Name@v8@@SAPEAV12@PEAVValue@2@@Z (public: static class v8::Name * __cdecl v8::Name::Cast(class v8::Value *))
      139    ?Cast@Number@v8@@SAPEAV12@PEAVValue@2@@Z (public: static class v8::Number * __cdecl v8::Number::Cast(class v8::Value *))
      140    ?Cast@NumberObject@v8@@SAPEAV12@PEAVValue@2@@Z (public: static class v8::NumberObject * __cdecl v8::NumberObject::Cast(class v8::Value *))
      141    ?Cast@Object@v8@@SAPEAV12@PEAVValue@2@@Z (public: static class v8::Object * __cdecl v8::Object::Cast(class v8::Value *))
      142    ?Cast@Promise@v8@@SAPEAV12@PEAVValue@2@@Z (public: static class v8::Promise * __cdecl v8::Promise::Cast(class v8::Value *))
      143    ?Cast@RegExp@v8@@SAPEAV12@PEAVValue@2@@Z (public: static class v8::RegExp * __cdecl v8::RegExp::Cast(class v8::Value *))
      144    ?Cast@Resolver@Promise@v8@@SAPEAV123@PEAVValue@3@@Z (public: static class v8::Promise::Resolver * __cdecl v8::Promise::Resolver::Cast(class v8::Value *))
      145    ?Cast@Set@v8@@SAPEAV12@PEAVValue@2@@Z (public: static class v8::Set * __cdecl v8::Set::Cast(class v8::Value *))
      146    ?Cast@SharedArrayBuffer@v8@@SAPEAV12@PEAVValue@2@@Z (public: static class v8::SharedArrayBuffer * __cdecl v8::SharedArrayBuffer::Cast(class v8::Value *))
      147    ?Cast@String@v8@@SAPEAV12@PEAVValue@2@@Z (public: static class v8::String * __cdecl v8::String::Cast(class v8::Value *))
      148    ?Cast@StringObject@v8@@SAPEAV12@PEAVValue@2@@Z (public: static class v8::StringObject * __cdecl v8::StringObject::Cast(class v8::Value *))
      149    ?Cast@Symbol@v8@@SAPEAV12@PEAVValue@2@@Z (public: static class v8::Symbol * __cdecl v8::Symbol::Cast(class v8::Value *))
      150    ?Cast@SymbolObject@v8@@SAPEAV12@PEAVValue@2@@Z (public: static class v8::SymbolObject * __cdecl v8::SymbolObject::Cast(class v8::Value *))
      151    ?Cast@TypedArray@v8@@SAPEAV12@PEAVValue@2@@Z (public: static class v8::TypedArray * __cdecl v8::TypedArray::Cast(class v8::Value *))
      152    ?Cast@Uint16Array@v8@@SAPEAV12@PEAVValue@2@@Z (public: static class v8::Uint16Array * __cdecl v8::Uint16Array::Cast(class v8::Value *))
      153    ?Cast@Uint32@v8@@SAPEAV12@PEAVValue@2@@Z (public: static class v8::Uint32 * __cdecl v8::Uint32::Cast(class v8::Value *))
      154    ?Cast@Uint32Array@v8@@SAPEAV12@PEAVValue@2@@Z (public: static class v8::Uint32Array * __cdecl v8::Uint32Array::Cast(class v8::Value *))
      155    ?Cast@Uint8Array@v8@@SAPEAV12@PEAVValue@2@@Z (public: static class v8::Uint8Array * __cdecl v8::Uint8Array::Cast(class v8::Value *))
      156    ?Cast@Uint8ClampedArray@v8@@SAPEAV12@PEAVValue@2@@Z (public: static class v8::Uint8ClampedArray * __cdecl v8::Uint8ClampedArray::Cast(class v8::Value *))
      157    ?Data@Contents@ArrayBuffer@v8@@QEBAPEAXXZ (public: void * __cdecl v8::ArrayBuffer::Contents::Data(void)const )
      158    ?Data@Contents@SharedArrayBuffer@v8@@QEBAPEAXXZ (public: void * __cdecl v8::SharedArrayBuffer::Contents::Data(void)const )
      159    ?Dispose@ExternalStringResourceBase@String@v8@@MEAAXXZ (protected: virtual void __cdecl v8::String::ExternalStringResourceBase::Dispose(void))
      160    ?Empty@String@v8@@SA?AV?$Local@VString@v8@@@2@PEAVIsolate@2@@Z (public: static class v8::Local<class v8::String> __cdecl v8::String::Empty(class v8::Isolate *))
      161    ?GetAlignedPointerFromEmbedderData@Context@v8@@QEAAPEAXH@Z (public: void * __cdecl v8::Context::GetAlignedPointerFromEmbedderData(int))
      162    ?GetAlignedPointerFromInternalField@Object@v8@@QEAAPEAXH@Z (public: void * __cdecl v8::Object::GetAlignedPointerFromInternalField(int))
      163    ?GetAlignedPointerFromInternalField@Object@v8@@SAPEAXAEBV?$PersistentBase@VObject@v8@@@2@H@Z (public: static void * __cdecl v8::Object::GetAlignedPointerFromInternalField(class v8::PersistentBase<class v8::Object> const &,int))
      164    ?GetData@Isolate@v8@@QEAAPEAXI@Z (public: void * __cdecl v8::Isolate::GetData(unsigned int))
      165    ?GetEmbedderData@Context@v8@@QEAA?AV?$Local@VValue@v8@@@2@H@Z (public: class v8::Local<class v8::Value> __cdecl v8::Context::GetEmbedderData(int))
      166    ?GetExternalStringResource@String@v8@@QEBAPEAVExternalStringResource@12@XZ (public: class v8::String::ExternalStringResource * __cdecl v8::String::GetExternalStringResource(void)const )
      167    ?GetExternalStringResourceBase@String@v8@@QEBAPEAVExternalStringResourceBase@12@PEAW4Encoding@12@@Z (public: class v8::String::ExternalStringResourceBase * __cdecl v8::String::GetExternalStringResourceBase(enum v8::String::Encoding *)const )
      168    ?GetId@Script@v8@@QEAAHXZ (public: int __cdecl v8::Script::GetId(void))
      169    ?GetInternalField@Object@v8@@QEAA?AV?$Local@VValue@v8@@@2@H@Z (public: class v8::Local<class v8::Value> __cdecl v8::Object::GetInternalField(int))
      170    ?GetIsolate@HandleScope@v8@@QEBAPEAVIsolate@2@XZ (public: class v8::Isolate * __cdecl v8::HandleScope::GetIsolate(void)const )
      171    ?GetNativeFunctionTemplate@Extension@v8@@UEAA?AV?$Local@VFunctionTemplate@v8@@@2@PEAVIsolate@2@V?$Local@VString@v8@@@2@@Z (public: virtual class v8::Local<class v8::FunctionTemplate> __cdecl v8::Extension::GetNativeFunctionTemplate(class v8::Isolate *,class v8::Local<class v8::String>))
      172    ?GetNumberOfDataSlots@Isolate@v8@@SAIXZ (public: static unsigned int __cdecl v8::Isolate::GetNumberOfDataSlots(void))
      173    ?InternalFieldCount@Object@v8@@SAHAEBV?$PersistentBase@VObject@v8@@@2@@Z (public: static int __cdecl v8::Object::InternalFieldCount(class v8::PersistentBase<class v8::Object> const &))
      174    ?IsDead@V8@v8@@SA_NXZ (public: static bool __cdecl v8::V8::IsDead(void))
      175    ?IsExecutionTerminating@V8@v8@@SA_NPEAVIsolate@2@@Z (public: static bool __cdecl v8::V8::IsExecutionTerminating(class v8::Isolate *))
      176    ?IsNull@Value@v8@@QEBA_NXZ (public: bool __cdecl v8::Value::IsNull(void)const )
      177    ?IsString@Value@v8@@QEBA_NXZ (public: bool __cdecl v8::Value::IsString(void)const )
      178    ?IsUndefined@Value@v8@@QEBA_NXZ (public: bool __cdecl v8::Value::IsUndefined(void)const )
      179    ?JSStackComparableAddress@TryCatch@v8@@SAPEAXPEAV12@@Z (public: static void * __cdecl v8::TryCatch::JSStackComparableAddress(class v8::TryCatch *))
      180    ?New@Boolean@v8@@SA?AV?$Local@VBoolean@v8@@@2@PEAVIsolate@2@_N@Z (public: static class v8::Local<class v8::Boolean> __cdecl v8::Boolean::New(class v8::Isolate *,bool))
      181    ?NewInstance@Function@v8@@QEBA?AV?$MaybeLocal@VObject@v8@@@2@V?$Local@VContext@v8@@@2@@Z (public: class v8::MaybeLocal<class v8::Object> __cdecl v8::Function::NewInstance(class v8::Local<class v8::Context>)const )
      182    ?QuickIsNull@Value@v8@@AEBA_NXZ (private: bool __cdecl v8::Value::QuickIsNull(void)const )
      183    ?QuickIsString@Value@v8@@AEBA_NXZ (private: bool __cdecl v8::Value::QuickIsString(void)const )
      184    ?QuickIsUndefined@Value@v8@@AEBA_NXZ (private: bool __cdecl v8::Value::QuickIsUndefined(void)const )
      185    ?RemoveGCEpilogueCallback@V8@v8@@SAXP6AXW4GCType@2@W4GCCallbackFlags@2@@Z@Z (public: static void __cdecl v8::V8::RemoveGCEpilogueCallback(void (__cdecl*)(enum v8::GCType,enum v8::GCCallbackFlags)))
      186    ?RemoveGCPrologueCallback@V8@v8@@SAXP6AXW4GCType@2@W4GCCallbackFlags@2@@Z@Z (public: static void __cdecl v8::V8::RemoveGCPrologueCallback(void (__cdecl*)(enum v8::GCType,enum v8::GCCallbackFlags)))
      187    ?RemoveMemoryAllocationCallback@V8@v8@@SAXP6AXW4ObjectSpace@2@W4AllocationAction@2@H@Z@Z (public: static void __cdecl v8::V8::RemoveMemoryAllocationCallback(void (__cdecl*)(enum v8::ObjectSpace,enum v8::AllocationAction,int)))
      188    ?RemoveMessageListeners@V8@v8@@SAXP6AXV?$Local@VMessage@v8@@@2@V?$Local@VValue@v8@@@2@@Z@Z (public: static void __cdecl v8::V8::RemoveMessageListeners(void (__cdecl*)(class v8::Local<class v8::Message>,class v8::Local<class v8::Value>)))
      189    ?Set@Template@v8@@QEAAXPEAVIsolate@2@PEBDV?$Local@VData@v8@@@2@@Z (public: void __cdecl v8::Template::Set(class v8::Isolate *,char const *,class v8::Local<class v8::Data>))
      190    ?SetAllowCodeGenerationFromStringsCallback@V8@v8@@SAXP6A_NV?$Local@VContext@v8@@@2@@Z@Z (public: static void __cdecl v8::V8::SetAllowCodeGenerationFromStringsCallback(bool (__cdecl*)(class v8::Local<class v8::Context>)))
      191    ?SetCaptureStackTraceForUncaughtExceptions@V8@v8@@SAX_NHW4StackTraceOptions@StackTrace@2@@Z (public: static void __cdecl v8::V8::SetCaptureStackTraceForUncaughtExceptions(bool,int,enum v8::StackTrace::StackTraceOptions))
      192    ?SetData@Isolate@v8@@QEAAXIPEAX@Z (public: void __cdecl v8::Isolate::SetData(unsigned int,void *))
      193    ?SetFailedAccessCheckCallbackFunction@V8@v8@@SAXP6AXV?$Local@VObject@v8@@@2@W4AccessType@2@V?$Local@VValue@v8@@@2@@Z@Z (public: static void __cdecl v8::V8::SetFailedAccessCheckCallbackFunction(void (__cdecl*)(class v8::Local<class v8::Object>,enum v8::AccessType,class v8::Local<class v8::Value>)))
      194    ?SetFatalErrorHandler@V8@v8@@SAXP6AXPEBD0@Z@Z (public: static void __cdecl v8::V8::SetFatalErrorHandler(void (__cdecl*)(char const *,char const *)))
      195    ?SetIndexedPropertyHandler@ObjectTemplate@v8@@QEAAXP6AXIAEBV?$PropertyCallbackInfo@VValue@v8@@@2@@ZP6AXIV?$Local@VValue@v8@@@2@0@ZP6AXIAEBV?$PropertyCallbackInfo@VInteger@v8@@@2@@ZP6AXIAEBV?$PropertyCallbackInfo@VBoolean@v8@@@2@@ZP6AXAEBV?$PropertyCallbackInfo@VArray@v8@@@2@@Z2@Z (public: void __cdecl v8::ObjectTemplate::SetIndexedPropertyHandler(void (__cdecl*)(unsigned int,class v8::PropertyCallbackInfo<class v8::Value> const &),void (__cdecl*)(unsigned int,class v8::Local<class v8::Value>,class v8::PropertyCallbackInfo<class v8::Value> const &),void (__cdecl*)(unsigned int,class v8::PropertyCallbackInfo<class v8::Integer> const &),void (__cdecl*)(unsigned int,class v8::PropertyCallbackInfo<class v8::Boolean> const &),void (__cdecl*)(class v8::PropertyCallbackInfo<class v8::Array> const &),class v8::Local<class v8::Value>))
      196    ?TerminateExecution@V8@v8@@SAXPEAVIsolate@2@@Z (public: static void __cdecl v8::V8::TerminateExecution(class v8::Isolate *))
      197    ?ToBoolean@Value@v8@@QEBA?AV?$Local@VBoolean@v8@@@2@XZ (public: class v8::Local<class v8::Boolean> __cdecl v8::Value::ToBoolean(void)const )
      198    ?ToDetailString@Value@v8@@QEBA?AV?$Local@VString@v8@@@2@XZ (public: class v8::Local<class v8::String> __cdecl v8::Value::ToDetailString(void)const )
      199    ?ToInt32@Value@v8@@QEBA?AV?$Local@VInt32@v8@@@2@XZ (public: class v8::Local<class v8::Int32> __cdecl v8::Value::ToInt32(void)const )
      200    ?ToInteger@Value@v8@@QEBA?AV?$Local@VInteger@v8@@@2@XZ (public: class v8::Local<class v8::Integer> __cdecl v8::Value::ToInteger(void)const )
      201    ?ToNumber@Value@v8@@QEBA?AV?$Local@VNumber@v8@@@2@XZ (public: class v8::Local<class v8::Number> __cdecl v8::Value::ToNumber(void)const )
      202    ?ToObject@Value@v8@@QEBA?AV?$Local@VObject@v8@@@2@XZ (public: class v8::Local<class v8::Object> __cdecl v8::Value::ToObject(void)const )
      203    ?ToString@Value@v8@@QEBA?AV?$Local@VString@v8@@@2@XZ (public: class v8::Local<class v8::String> __cdecl v8::Value::ToString(void)const )
      204    ?ToUint32@Value@v8@@QEBA?AV?$Local@VUint32@v8@@@2@XZ (public: class v8::Local<class v8::Uint32> __cdecl v8::Value::ToUint32(void)const )
      205    ?VisitExternalResources@V8@v8@@SAXPEAVExternalResourceVisitor@2@@Z (public: static void __cdecl v8::V8::VisitExternalResources(class v8::ExternalResourceVisitor *))
      206    ?VisitExternalString@ExternalResourceVisitor@v8@@UEAAXV?$Local@VString@v8@@@2@@Z (public: virtual void __cdecl v8::ExternalResourceVisitor::VisitExternalString(class v8::Local<class v8::String>))
      207    ?VisitHandlesForPartialDependence@V8@v8@@SAXPEAVIsolate@2@PEAVPersistentHandleVisitor@2@@Z (public: static void __cdecl v8::V8::VisitHandlesForPartialDependence(class v8::Isolate *,class v8::PersistentHandleVisitor *))
      208    ?VisitHandlesWithClassIds@V8@v8@@SAXPEAVIsolate@2@PEAVPersistentHandleVisitor@2@@Z (public: static void __cdecl v8::V8::VisitHandlesWithClassIds(class v8::Isolate *,class v8::PersistentHandleVisitor *))
      209    ?VisitHandlesWithClassIds@V8@v8@@SAXPEAVPersistentHandleVisitor@2@@Z (public: static void __cdecl v8::V8::VisitHandlesWithClassIds(class v8::PersistentHandleVisitor *))
      210    ?VisitPersistentHandle@PersistentHandleVisitor@v8@@UEAAXPEAV?$Persistent@VValue@v8@@V?$NonCopyablePersistentTraits@VValue@v8@@@2@@2@G@Z (public: virtual void __cdecl v8::PersistentHandleVisitor::VisitPersistentHandle(class v8::Persistent<class v8::Value,class v8::NonCopyablePersistentTraits<class v8::Value> > *,unsigned short))
      211    ?auto_enable@Extension@v8@@QEAA_NXZ (public: bool __cdecl v8::Extension::auto_enable(void))
      212    ?begin@ExtensionConfiguration@v8@@QEBAPEAPEBDXZ (public: char const * * __cdecl v8::ExtensionConfiguration::begin(void)const )
      213    ?code_range_size@ResourceConstraints@v8@@QEBA_KXZ (public: unsigned __int64 __cdecl v8::ResourceConstraints::code_range_size(void)const )
      214    ?data@ExternalOneByteStringResourceImpl@v8@@UEBAPEBDXZ (public: virtual char const * __cdecl v8::ExternalOneByteStringResourceImpl::data(void)const )
      215    ?dependencies@Extension@v8@@QEAAPEAPEBDXZ (public: char const * * __cdecl v8::Extension::dependencies(void))
      216    ?dependency_count@Extension@v8@@QEAAHXZ (public: int __cdecl v8::Extension::dependency_count(void))
      217    ?end@ExtensionConfiguration@v8@@QEBAPEAPEBDXZ (public: char const * * __cdecl v8::ExtensionConfiguration::end(void)const )
      218    ?heap_size_limit@HeapStatistics@v8@@QEAA_KXZ (public: unsigned __int64 __cdecl v8::HeapStatistics::heap_size_limit(void))
      219    ?impl@StreamedSource@ScriptCompiler@v8@@QEBAPEAU1internal@3@XZ (public: struct v8::internal::StreamedSource * __cdecl v8::ScriptCompiler::StreamedSource::impl(void)const )
      220    ?kInternalFieldCount@ArrayBuffer@v8@@2HB (public: static int const v8::ArrayBuffer::kInternalFieldCount)
      221    ?kInternalFieldCount@ArrayBufferView@v8@@2HB (public: static int const v8::ArrayBufferView::kInternalFieldCount)
      222    ?kInternalFieldCount@SharedArrayBuffer@v8@@2HB (public: static int const v8::SharedArrayBuffer::kInternalFieldCount)
      223    ?kMaxLength@String@v8@@2HB (public: static int const v8::String::kMaxLength)
      224    ?kNoColumnInfo@Message@v8@@2HB (public: static int const v8::Message::kNoColumnInfo)
      225    ?kNoLineNumberInfo@Message@v8@@2HB (public: static int const v8::Message::kNoLineNumberInfo)
      226    ?kNoScriptId@UnboundScript@v8@@2HB (public: static int const v8::UnboundScript::kNoScriptId)
      227    ?kNoScriptIdInfo@Message@v8@@2HB (public: static int const v8::Message::kNoScriptIdInfo)
      228    ?length@ExternalOneByteStringResourceImpl@v8@@UEBA_KXZ (public: virtual unsigned __int64 __cdecl v8::ExternalOneByteStringResourceImpl::length(void)const )
      229    ?length@Utf8Value@String@v8@@QEBAHXZ (public: int __cdecl v8::String::Utf8Value::length(void)const )
      230    ?length@Value@String@v8@@QEBAHXZ (public: int __cdecl v8::String::Value::length(void)const )
      231    ?max_available_threads@ResourceConstraints@v8@@QEBAHXZ (public: int __cdecl v8::ResourceConstraints::max_available_threads(void)const )
      232    ?max_executable_size@ResourceConstraints@v8@@QEBAHXZ (public: int __cdecl v8::ResourceConstraints::max_executable_size(void)const )
      233    ?max_old_space_size@ResourceConstraints@v8@@QEBAHXZ (public: int __cdecl v8::ResourceConstraints::max_old_space_size(void)const )
      234    ?max_semi_space_size@ResourceConstraints@v8@@QEBAHXZ (public: int __cdecl v8::ResourceConstraints::max_semi_space_size(void)const )
      235    ?name@Extension@v8@@QEBAPEBDXZ (public: char const * __cdecl v8::Extension::name(void)const )
      236    ?object_count@HeapObjectStatistics@v8@@QEAA_KXZ (public: unsigned __int64 __cdecl v8::HeapObjectStatistics::object_count(void))
      237    ?object_size@HeapObjectStatistics@v8@@QEAA_KXZ (public: unsigned __int64 __cdecl v8::HeapObjectStatistics::object_size(void))
      238    ?object_sub_type@HeapObjectStatistics@v8@@QEAAPEBDXZ (public: char const * __cdecl v8::HeapObjectStatistics::object_sub_type(void))
      239    ?object_type@HeapObjectStatistics@v8@@QEAAPEBDXZ (public: char const * __cdecl v8::HeapObjectStatistics::object_type(void))
      240    ?physical_space_size@HeapSpaceStatistics@v8@@QEAA_KXZ (public: unsigned __int64 __cdecl v8::HeapSpaceStatistics::physical_space_size(void))
      241    ?set_auto_enable@Extension@v8@@QEAAX_N@Z (public: void __cdecl v8::Extension::set_auto_enable(bool))
      242    ?set_code_range_size@ResourceConstraints@v8@@QEAAX_K@Z (public: void __cdecl v8::ResourceConstraints::set_code_range_size(unsigned __int64))
      243    ?set_max_available_threads@ResourceConstraints@v8@@QEAAXH@Z (public: void __cdecl v8::ResourceConstraints::set_max_available_threads(int))
      244    ?set_max_executable_size@ResourceConstraints@v8@@QEAAXH@Z (public: void __cdecl v8::ResourceConstraints::set_max_executable_size(int))
      245    ?set_max_old_space_size@ResourceConstraints@v8@@QEAAXH@Z (public: void __cdecl v8::ResourceConstraints::set_max_old_space_size(int))
      246    ?set_max_semi_space_size@ResourceConstraints@v8@@QEAAXH@Z (public: void __cdecl v8::ResourceConstraints::set_max_semi_space_size(int))
      247    ?set_stack_limit@ResourceConstraints@v8@@QEAAXPEAI@Z (public: void __cdecl v8::ResourceConstraints::set_stack_limit(unsigned int *))
      248    ?source@Extension@v8@@QEBAPEBVExternalOneByteStringResource@String@2@XZ (public: class v8::String::ExternalOneByteStringResource const * __cdecl v8::Extension::source(void)const )
      249    ?source_length@Extension@v8@@QEBA_KXZ (public: unsigned __int64 __cdecl v8::Extension::source_length(void)const )
      250    ?space_available_size@HeapSpaceStatistics@v8@@QEAA_KXZ (public: unsigned __int64 __cdecl v8::HeapSpaceStatistics::space_available_size(void))
      251    ?space_name@HeapSpaceStatistics@v8@@QEAAPEBDXZ (public: char const * __cdecl v8::HeapSpaceStatistics::space_name(void))
      252    ?space_size@HeapSpaceStatistics@v8@@QEAA_KXZ (public: unsigned __int64 __cdecl v8::HeapSpaceStatistics::space_size(void))
      253    ?space_used_size@HeapSpaceStatistics@v8@@QEAA_KXZ (public: unsigned __int64 __cdecl v8::HeapSpaceStatistics::space_used_size(void))
      254    ?stack_limit@ResourceConstraints@v8@@QEBAPEAIXZ (public: unsigned int * __cdecl v8::ResourceConstraints::stack_limit(void)const )
      255    ?total_available_size@HeapStatistics@v8@@QEAA_KXZ (public: unsigned __int64 __cdecl v8::HeapStatistics::total_available_size(void))
      256    ?total_heap_size@HeapStatistics@v8@@QEAA_KXZ (public: unsigned __int64 __cdecl v8::HeapStatistics::total_heap_size(void))
      257    ?total_heap_size_executable@HeapStatistics@v8@@QEAA_KXZ (public: unsigned __int64 __cdecl v8::HeapStatistics::total_heap_size_executable(void))
      258    ?total_physical_size@HeapStatistics@v8@@QEAA_KXZ (public: unsigned __int64 __cdecl v8::HeapStatistics::total_physical_size(void))
      259    ?used_heap_size@HeapStatistics@v8@@QEAA_KXZ (public: unsigned __int64 __cdecl v8::HeapStatistics::used_heap_size(void))
      260    _register_zmq_
