 zmq

 Timestamp is 56439e10 (Wed Nov 11 14:59:12 2015)

 Preferred load address is 0000000180000000

 Start         Length     Name                   Class
 0001:00000000 00000347H .text$di                CODE
 0001:00000350 0001b75cH .text$mn                CODE
 0001:0001bab0 000002a1H .text$x                 CODE
 0001:0001bd60 00000253H .text$yd                CODE
 0002:00000000 00000240H .idata$5                DATA
 0002:00000240 00000008H .CRT$XCA                DATA
 0002:00000248 00000058H .CRT$XCU                DATA
 0002:000002a0 00000008H .CRT$XCZ                DATA
 0002:000002a8 00000008H .CRT$XIA                DATA
 0002:000002b0 00000020H .CRT$XIC                DATA
 0002:000002d0 00000008H .CRT$XIZ                DATA
 0002:000002d8 00000008H .CRT$XPA                DATA
 0002:000002e0 00000010H .CRT$XPX                DATA
 0002:000002f0 00000008H .CRT$XPXA               DATA
 0002:000002f8 00000008H .CRT$XPZ                DATA
 0002:00000300 00000008H .CRT$XTA                DATA
 0002:00000308 00000008H .CRT$XTZ                DATA
 0002:00000310 00007f20H .rdata                  DATA
 0002:00008230 0000005cH .rdata$debug            DATA
 0002:00008290 000002f4H .rdata$r                DATA
 0002:00008588 00000008H .rtc$IAA                DATA
 0002:00008590 00000008H .rtc$IZZ                DATA
 0002:00008598 00000008H .rtc$TAA                DATA
 0002:000085a0 00000008H .rtc$TZZ                DATA
 0002:000085a8 00001378H .xdata                  DATA
 0002:00009920 0000019cH .xdata$x                DATA
 0002:00009abc 00000040H .didat$2                DATA
 0002:00009afc 00000020H .didat$3                DATA
 0002:00009b20 00000428H .didat$4                DATA
 0002:00009f48 00001dceH .didat$6                DATA
 0002:0000bd18 00000428H .didat$7                DATA
 0002:0000c140 00003b52H .edata                  DATA
 0002:0000fc94 00000014H .idata$2                DATA
 0002:0000fca8 00000014H .idata$3                DATA
 0002:0000fcc0 00000240H .idata$4                DATA
 0002:0000ff00 0000053cH .idata$6                DATA
 0003:00000000 00001888H .data                   DATA
 0003:00001888 0000010fH .data$r                 DATA
 0003:00001998 00000428H .didat$5                DATA
 0003:00001dc0 00002510H .bss                    DATA
 0004:00000000 000015a8H .pdata                  DATA
 0005:00000000 00000058H .rsrc$01                DATA
 0005:00000060 00000180H .rsrc$02                DATA

  Address         Publics by Value              Rva+Base               Lib:Object

 0000:00000000       ___safe_se_handler_count   0000000000000000     <absolute>
 0000:00000000       ___safe_se_handler_table   0000000000000000     <absolute>
 0000:00000000       __guard_fids_table         0000000000000000     <absolute>
 0000:00000000       __guard_flags              0000000000000000     <absolute>
 0000:00000000       __guard_fids_count         0000000000000000     <absolute>
 0000:00000000       __ImageBase                0000000180000000     <linker-defined>
 0001:00000350       ??DValue@String@v8@@QEBAPEBGXZ 0000000180001350 f i binding.obj
 0001:00000350       ?impl@StreamedSource@ScriptCompiler@v8@@QEBAPEAU1internal@3@XZ 0000000180001350 f i binding.obj
 0001:00000350       ?GetIsolate@HandleScope@v8@@QEBAPEAVIsolate@2@XZ 0000000180001350 f i binding.obj
 0001:00000350       ??DValue@String@v8@@QEAAPEAGXZ 0000000180001350 f i binding.obj
 0001:00000350       ?Data@Contents@SharedArrayBuffer@v8@@QEBAPEAXXZ 0000000180001350 f i binding.obj
 0001:00000350       ?space_name@HeapSpaceStatistics@v8@@QEAAPEBDXZ 0000000180001350 f i binding.obj
 0001:00000350       ?total_heap_size@HeapStatistics@v8@@QEAA_KXZ 0000000180001350 f i binding.obj
 0001:00000350       ?Data@Contents@ArrayBuffer@v8@@QEBAPEAXXZ 0000000180001350 f i binding.obj
 0001:00000350       ?object_type@HeapObjectStatistics@v8@@QEAAPEBDXZ 0000000180001350 f i binding.obj
 0001:00000350       ??DUtf8Value@String@v8@@QEBAPEBDXZ 0000000180001350 f i binding.obj
 0001:00000350       ??DUtf8Value@String@v8@@QEAAPEADXZ 0000000180001350 f i binding.obj
 0001:00000360       ??4ExternalResourceVisitor@v8@@QEAAAEAV01@AEBV01@@Z 0000000180001360 f i binding.obj
 0001:00000360       ??4StackFrame@v8@@QEAAAEAV01@AEBV01@@Z 0000000180001360 f i binding.obj
 0001:00000360       ?Cast@Date@v8@@SAPEAV12@PEAVValue@2@@Z 0000000180001360 f i binding.obj
 0001:00000360       ??4Symbol@v8@@QEAAAEAV01@AEBV01@@Z 0000000180001360 f i binding.obj
 0001:00000360       ?Cast@RegExp@v8@@SAPEAV12@PEAVValue@2@@Z 0000000180001360 f i binding.obj
 0001:00000360       ?Cast@Uint32@v8@@SAPEAV12@PEAVValue@2@@Z 0000000180001360 f i binding.obj
 0001:00000360       ?Cast@Map@v8@@SAPEAV12@PEAVValue@2@@Z 0000000180001360 f i binding.obj
 0001:00000360       ??4ScriptCompiler@v8@@QEAAAEAV01@AEBV01@@Z 0000000180001360 f i binding.obj
 0001:00000360       ?Cast@Int32Array@v8@@SAPEAV12@PEAVValue@2@@Z 0000000180001360 f i binding.obj
 0001:00000360       ??4Uint32@v8@@QEAAAEAV01@AEBV01@@Z 0000000180001360 f i binding.obj
 0001:00000360       ?Cast@Object@v8@@SAPEAV12@PEAVValue@2@@Z 0000000180001360 f i binding.obj
 0001:00000360       ??4RegExp@v8@@QEAAAEAV01@AEBV01@@Z 0000000180001360 f i binding.obj
 0001:00000360       ??4Integer@v8@@QEAAAEAV01@AEBV01@@Z 0000000180001360 f i binding.obj
 0001:00000360       ??4Object@v8@@QEAAAEAV01@AEBV01@@Z 0000000180001360 f i binding.obj
 0001:00000360       ??4Promise@v8@@QEAAAEAV01@AEBV01@@Z 0000000180001360 f i binding.obj
 0001:00000360       ??4Float64Array@v8@@QEAAAEAV01@AEBV01@@Z 0000000180001360 f i binding.obj
 0001:00000360       ?Cast@Uint16Array@v8@@SAPEAV12@PEAVValue@2@@Z 0000000180001360 f i binding.obj
 0001:00000360       ??4Template@v8@@QEAAAEAV01@AEBV01@@Z 0000000180001360 f i binding.obj
 0001:00000360       ?Cast@Uint8Array@v8@@SAPEAV12@PEAVValue@2@@Z 0000000180001360 f i binding.obj
 0001:00000360       ?Cast@DataView@v8@@SAPEAV12@PEAVValue@2@@Z 0000000180001360 f i binding.obj
 0001:00000360       ??4AccessorSignature@v8@@QEAAAEAV01@AEBV01@@Z 0000000180001360 f i binding.obj
 0001:00000360       ?Cast@Boolean@v8@@SAPEAV12@PEAVValue@2@@Z 0000000180001360 f i binding.obj
 0001:00000360       ??4StackTrace@v8@@QEAAAEAV01@AEBV01@@Z 0000000180001360 f i binding.obj
 0001:00000360       ?Cast@Resolver@Promise@v8@@SAPEAV123@PEAVValue@3@@Z 0000000180001360 f i binding.obj
 0001:00000360       ??4Array@v8@@QEAAAEAV01@AEBV01@@Z 0000000180001360 f i binding.obj
 0001:00000360       ?Cast@BooleanObject@v8@@SAPEAV12@PEAVValue@2@@Z 0000000180001360 f i binding.obj
 0001:00000360       ??4Float32Array@v8@@QEAAAEAV01@AEBV01@@Z 0000000180001360 f i binding.obj
 0001:00000360       ??4ArrayBuffer@v8@@QEAAAEAV01@AEBV01@@Z 0000000180001360 f i binding.obj
 0001:00000360       ??4Map@v8@@QEAAAEAV01@AEBV01@@Z 0000000180001360 f i binding.obj
 0001:00000360       ??4TypeSwitch@v8@@QEAAAEAV01@AEBV01@@Z 0000000180001360 f i binding.obj
 0001:00000360       ?Cast@ArrayBufferView@v8@@SAPEAV12@PEAVValue@2@@Z 0000000180001360 f i binding.obj
 0001:00000360       ?Cast@NumberObject@v8@@SAPEAV12@PEAVValue@2@@Z 0000000180001360 f i binding.obj
 0001:00000360       ??4UnboundScript@v8@@QEAAAEAV01@AEBV01@@Z 0000000180001360 f i binding.obj
 0001:00000360       ??4Uint8Array@v8@@QEAAAEAV01@AEBV01@@Z 0000000180001360 f i binding.obj
 0001:00000360       ?Cast@Function@v8@@SAPEAV12@PEAVValue@2@@Z 0000000180001360 f i binding.obj
 0001:00000360       ?Cast@SymbolObject@v8@@SAPEAV12@PEAVValue@2@@Z 0000000180001360 f i binding.obj
 0001:00000360       ??4Script@v8@@QEAAAEAV01@AEBV01@@Z 0000000180001360 f i binding.obj
 0001:00000360       ??0?$_Wrap_alloc@V?$allocator@U?$_Tree_node@HPEAX@std@@@std@@@std@@QEAA@XZ 0000000180001360 f i binding.obj
 0001:00000360       ??4Int16Array@v8@@QEAAAEAV01@AEBV01@@Z 0000000180001360 f i binding.obj
 0001:00000360       ?Cast@External@v8@@SAPEAV12@PEAVValue@2@@Z 0000000180001360 f i binding.obj
 0001:00000360       ??4ExternalSourceStream@ScriptCompiler@v8@@QEAAAEAV012@AEBV012@@Z 0000000180001360 f i binding.obj
 0001:00000360       ?Cast@Integer@v8@@SAPEAV12@PEAVValue@2@@Z 0000000180001360 f i binding.obj
 0001:00000360       ??4Set@v8@@QEAAAEAV01@AEBV01@@Z 0000000180001360 f i binding.obj
 0001:00000360       ??4Date@v8@@QEAAAEAV01@AEBV01@@Z 0000000180001360 f i binding.obj
 0001:00000360       ?Cast@Symbol@v8@@SAPEAV12@PEAVValue@2@@Z 0000000180001360 f i binding.obj
 0001:00000360       ?Cast@StringObject@v8@@SAPEAV12@PEAVValue@2@@Z 0000000180001360 f i binding.obj
 0001:00000360       ??4ArrayBufferView@v8@@QEAAAEAV01@AEBV01@@Z 0000000180001360 f i binding.obj
 0001:00000360       ??4StringObject@v8@@QEAAAEAV01@AEBV01@@Z 0000000180001360 f i binding.obj
 0001:00000360       ??4NativeWeakMap@v8@@QEAAAEAV01@AEBV01@@Z 0000000180001360 f i binding.obj
 0001:00000360       ?Cast@Set@v8@@SAPEAV12@PEAVValue@2@@Z 0000000180001360 f i binding.obj
 0001:00000360       ??4DataView@v8@@QEAAAEAV01@AEBV01@@Z 0000000180001360 f i binding.obj
 0001:00000360       ??4V8@v8@@QEAAAEAV01@AEBV01@@Z 0000000180001360 f i binding.obj
 0001:00000360       ??4Int8Array@v8@@QEAAAEAV01@AEBV01@@Z 0000000180001360 f i binding.obj
 0001:00000360       ?Cast@Uint32Array@v8@@SAPEAV12@PEAVValue@2@@Z 0000000180001360 f i binding.obj
 0001:00000360       ?Cast@Uint8ClampedArray@v8@@SAPEAV12@PEAVValue@2@@Z 0000000180001360 f i binding.obj
 0001:00000360       ??4Int32@v8@@QEAAAEAV01@AEBV01@@Z 0000000180001360 f i binding.obj
 0001:00000360       ?Cast@Int32@v8@@SAPEAV12@PEAVValue@2@@Z 0000000180001360 f i binding.obj
 0001:00000360       ??4String@v8@@QEAAAEAV01@AEBV01@@Z 0000000180001360 f i binding.obj
 0001:00000360       ?Cast@Promise@v8@@SAPEAV12@PEAVValue@2@@Z 0000000180001360 f i binding.obj
 0001:00000360       ?Cast@String@v8@@SAPEAV12@PEAVValue@2@@Z 0000000180001360 f i binding.obj
 0001:00000360       ?Cast@Number@v8@@SAPEAV12@PEAVValue@2@@Z 0000000180001360 f i binding.obj
 0001:00000360       ??4Data@v8@@QEAAAEAV01@AEBV01@@Z 0000000180001360 f i binding.obj
 0001:00000360       ??4Context@v8@@QEAAAEAV01@AEBV01@@Z 0000000180001360 f i binding.obj
 0001:00000360       ??4SymbolObject@v8@@QEAAAEAV01@AEBV01@@Z 0000000180001360 f i binding.obj
 0001:00000360       ??4Allocator@ArrayBuffer@v8@@QEAAAEAV012@AEBV012@@Z 0000000180001360 f i binding.obj
 0001:00000360       ??4Uint32Array@v8@@QEAAAEAV01@AEBV01@@Z 0000000180001360 f i binding.obj
 0001:00000360       ?Cast@Name@v8@@SAPEAV12@PEAVValue@2@@Z 0000000180001360 f i binding.obj
 0001:00000360       ??4Resolver@Promise@v8@@QEAAAEAV012@AEBV012@@Z 0000000180001360 f i binding.obj
 0001:00000360       ?Cast@Float64Array@v8@@SAPEAV12@PEAVValue@2@@Z 0000000180001360 f i binding.obj
 0001:00000360       ??4Number@v8@@QEAAAEAV01@AEBV01@@Z 0000000180001360 f i binding.obj
 0001:00000360       ??0HandleScope@v8@@IEAA@XZ 0000000180001360 f i binding.obj
 0001:00000360       ??4Exception@v8@@QEAAAEAV01@AEBV01@@Z 0000000180001360 f i binding.obj
 0001:00000360       ??4Uint8ClampedArray@v8@@QEAAAEAV01@AEBV01@@Z 0000000180001360 f i binding.obj
 0001:00000360       ??4Message@v8@@QEAAAEAV01@AEBV01@@Z 0000000180001360 f i binding.obj
 0001:00000360       ??4Boolean@v8@@QEAAAEAV01@AEBV01@@Z 0000000180001360 f i binding.obj
 0001:00000360       ??4FunctionTemplate@v8@@QEAAAEAV01@AEBV01@@Z 0000000180001360 f i binding.obj
 0001:00000360       ??4JSON@v8@@QEAAAEAV01@AEBV01@@Z 0000000180001360 f i binding.obj
 0001:00000360       ??4Value@v8@@QEAAAEAV01@AEBV01@@Z 0000000180001360 f i binding.obj
 0001:00000360       ??4Function@v8@@QEAAAEAV01@AEBV01@@Z 0000000180001360 f i binding.obj
 0001:00000360       ??4ObjectTemplate@v8@@QEAAAEAV01@AEBV01@@Z 0000000180001360 f i binding.obj
 0001:00000360       ?Cast@TypedArray@v8@@SAPEAV12@PEAVValue@2@@Z 0000000180001360 f i binding.obj
 0001:00000360       ??4Int32Array@v8@@QEAAAEAV01@AEBV01@@Z 0000000180001360 f i binding.obj
 0001:00000360       ??4TypedArray@v8@@QEAAAEAV01@AEBV01@@Z 0000000180001360 f i binding.obj
 0001:00000360       ??4Signature@v8@@QEAAAEAV01@AEBV01@@Z 0000000180001360 f i binding.obj
 0001:00000360       ??4PersistentHandleVisitor@v8@@QEAAAEAV01@AEBV01@@Z 0000000180001360 f i binding.obj
 0001:00000360       ?Cast@Int8Array@v8@@SAPEAV12@PEAVValue@2@@Z 0000000180001360 f i binding.obj
 0001:00000360       ??4Uint16Array@v8@@QEAAAEAV01@AEBV01@@Z 0000000180001360 f i binding.obj
 0001:00000360       ??4External@v8@@QEAAAEAV01@AEBV01@@Z 0000000180001360 f i binding.obj
 0001:00000360       ??4Name@v8@@QEAAAEAV01@AEBV01@@Z 0000000180001360 f i binding.obj
 0001:00000360       ??4BooleanObject@v8@@QEAAAEAV01@AEBV01@@Z 0000000180001360 f i binding.obj
 0001:00000360       ??4Primitive@v8@@QEAAAEAV01@AEBV01@@Z 0000000180001360 f i binding.obj
 0001:00000360       ?Cast@ArrayBuffer@v8@@SAPEAV12@PEAVValue@2@@Z 0000000180001360 f i binding.obj
 0001:00000360       ?Cast@Float32Array@v8@@SAPEAV12@PEAVValue@2@@Z 0000000180001360 f i binding.obj
 0001:00000360       ?Cast@Int16Array@v8@@SAPEAV12@PEAVValue@2@@Z 0000000180001360 f i binding.obj
 0001:00000360       ?Cast@Array@v8@@SAPEAV12@PEAVValue@2@@Z 0000000180001360 f i binding.obj
 0001:00000360       ??4SharedArrayBuffer@v8@@QEAAAEAV01@AEBV01@@Z 0000000180001360 f i binding.obj
 0001:00000360       ?Cast@SharedArrayBuffer@v8@@SAPEAV12@PEAVValue@2@@Z 0000000180001360 f i binding.obj
 0001:00000360       ??4NumberObject@v8@@QEAAAEAV01@AEBV01@@Z 0000000180001360 f i binding.obj
 0001:00000370       ??1EscapableHandleScope@v8@@QEAA@XZ 0000000180001370 f i binding.obj
 0001:00000380       ?GetId@Script@v8@@QEAAHXZ  0000000180001380 f i binding.obj
 0001:000003a0       ??0CachedData@ScriptCompiler@v8@@QEAA@XZ 00000001800013a0 f i binding.obj
 0001:000003c0       ??1ExternalSourceStream@ScriptCompiler@v8@@UEAA@XZ 00000001800013c0 f i binding.obj
 0001:000003d0       ??0ExternalSourceStream@ScriptCompiler@v8@@QEAA@XZ 00000001800013d0 f i binding.obj
 0001:000003d0       ??0ExternalSourceStream@ScriptCompiler@v8@@QEAA@AEBV012@@Z 00000001800013d0 f i binding.obj
 0001:000003e0       ??_EExternalSourceStream@ScriptCompiler@v8@@UEAAPEAXI@Z 00000001800013e0 f i binding.obj
 0001:00000460       ??1ExternalOneByteStringResource@String@v8@@UEAA@XZ 0000000180001460 f i binding.obj
 0001:00000460       ??1ExternalOneByteStringResourceImpl@v8@@UEAA@XZ 0000000180001460 f i binding.obj
 0001:00000460       ??1ExternalStringResource@String@v8@@UEAA@XZ 0000000180001460 f i binding.obj
 0001:00000460       ??1ExternalStringResourceBase@String@v8@@UEAA@XZ 0000000180001460 f i binding.obj
 0001:00000470       ??0ExternalStringResourceBase@String@v8@@IEAA@XZ 0000000180001470 f i binding.obj
 0001:00000480       ?Dispose@ExternalStringResourceBase@String@v8@@MEAAXXZ 0000000180001480 f i binding.obj
 0001:000004a0       ??0ExternalStringResource@String@v8@@IEAA@XZ 00000001800014a0 f i binding.obj
 0001:000004a0       ??0ExternalOneByteStringResource@String@v8@@IEAA@XZ 00000001800014a0 f i binding.obj
 0001:000004b0       ?max_executable_size@ResourceConstraints@v8@@QEBAHXZ 00000001800014b0 f i binding.obj
 0001:000004b0       ?length@Value@String@v8@@QEBAHXZ 00000001800014b0 f i binding.obj
 0001:000004b0       ?length@Utf8Value@String@v8@@QEBAHXZ 00000001800014b0 f i binding.obj
 0001:000004c0       ??_EExternalStringResourceBase@String@v8@@UEAAPEAXI@Z 00000001800014c0 f i binding.obj
 0001:000004c0       ??_EExternalStringResource@String@v8@@UEAAPEAXI@Z 00000001800014c0 f i binding.obj
 0001:000004c0       ??_EExternalOneByteStringResource@String@v8@@UEAAPEAXI@Z 00000001800014c0 f i binding.obj
 0001:00000540       ?InternalFieldCount@Object@v8@@SAHAEBV?$PersistentBase@VObject@v8@@@2@@Z 0000000180001540 f i binding.obj
 0001:00000550       ?GetAlignedPointerFromInternalField@Object@v8@@SAPEAXAEBV?$PersistentBase@VObject@v8@@@2@H@Z 0000000180001550 f i binding.obj
 0001:00000580       ?NewInstance@Function@v8@@QEBA?AV?$MaybeLocal@VObject@v8@@@2@V?$Local@VContext@v8@@@2@@Z 0000000180001580 f i binding.obj
 0001:000005b0       ??1Allocator@ArrayBuffer@v8@@UEAA@XZ 00000001800015b0 f i binding.obj
 0001:000005c0       ??0Contents@ArrayBuffer@v8@@QEAA@XZ 00000001800015c0 f i binding.obj
 0001:000005c0       ??0Contents@SharedArrayBuffer@v8@@QEAA@XZ 00000001800015c0 f i binding.obj
 0001:000005d0       ?ByteLength@Contents@SharedArrayBuffer@v8@@QEBA_KXZ 00000001800015d0 f i binding.obj
 0001:000005d0       ?name@Extension@v8@@QEBAPEBDXZ 00000001800015d0 f i binding.obj
 0001:000005d0       ?ByteLength@Contents@ArrayBuffer@v8@@QEBA_KXZ 00000001800015d0 f i binding.obj
 0001:000005d0       ?object_sub_type@HeapObjectStatistics@v8@@QEAAPEBDXZ 00000001800015d0 f i binding.obj
 0001:000005d0       ?total_heap_size_executable@HeapStatistics@v8@@QEAA_KXZ 00000001800015d0 f i binding.obj
 0001:000005d0       ?begin@ExtensionConfiguration@v8@@QEBAPEAPEBDXZ 00000001800015d0 f i binding.obj
 0001:000005d0       ?space_size@HeapSpaceStatistics@v8@@QEAA_KXZ 00000001800015d0 f i binding.obj
 0001:000005d0       ?data@ExternalOneByteStringResourceImpl@v8@@UEBAPEBDXZ 00000001800015d0 f i binding.obj
 0001:000005e0       ??0Allocator@ArrayBuffer@v8@@QEAA@XZ 00000001800015e0 f i binding.obj
 0001:000005e0       ??0Allocator@ArrayBuffer@v8@@QEAA@AEBV012@@Z 00000001800015e0 f i binding.obj
 0001:000005f0       ??_EAllocator@ArrayBuffer@v8@@UEAAPEAXI@Z 00000001800015f0 f i binding.obj
 0001:00000670       ??4Contents@ArrayBuffer@v8@@QEAAAEAV012@AEBV012@@Z 0000000180001670 f i binding.obj
 0001:00000670       ??4Contents@SharedArrayBuffer@v8@@QEAAAEAV012@AEBV012@@Z 0000000180001670 f i binding.obj
 0001:00000670       ??4StartupData@v8@@QEAAAEAV01@AEBV01@@Z 0000000180001670 f i binding.obj
 0001:00000680       ?SetIndexedPropertyHandler@ObjectTemplate@v8@@QEAAXP6AXIAEBV?$PropertyCallbackInfo@VValue@v8@@@2@@ZP6AXIV?$Local@VValue@v8@@@2@0@ZP6AXIAEBV?$PropertyCallbackInfo@VInteger@v8@@@2@@ZP6AXIAEBV?$PropertyCallbackInfo@VBoolean@v8@@@2@@ZP6AXAEBV?$PropertyCallbackInfo@VArray@v8@@@2@@Z2@Z 0000000180001680 f i binding.obj
 0001:000006d0       ??0ExternalOneByteStringResourceImpl@v8@@QEAA@XZ 00000001800016d0 f i binding.obj
 0001:000006f0       ??0ExternalOneByteStringResourceImpl@v8@@QEAA@PEBD_K@Z 00000001800016f0 f i binding.obj
 0001:00000710       ?total_physical_size@HeapStatistics@v8@@QEAA_KXZ 0000000180001710 f i binding.obj
 0001:00000710       ?source_length@Extension@v8@@QEBA_KXZ 0000000180001710 f i binding.obj
 0001:00000710       ?length@ExternalOneByteStringResourceImpl@v8@@UEBA_KXZ 0000000180001710 f i binding.obj
 0001:00000710       ?stack_limit@ResourceConstraints@v8@@QEBAPEAIXZ 0000000180001710 f i binding.obj
 0001:00000710       ?object_count@HeapObjectStatistics@v8@@QEAA_KXZ 0000000180001710 f i binding.obj
 0001:00000710       ?space_used_size@HeapSpaceStatistics@v8@@QEAA_KXZ 0000000180001710 f i binding.obj
 0001:00000720       ??_EExternalOneByteStringResourceImpl@v8@@UEAAPEAXI@Z 0000000180001720 f i binding.obj
 0001:000007a0       ??1Extension@v8@@UEAA@XZ   00000001800017a0 f i binding.obj
 0001:000007c0       ?GetNativeFunctionTemplate@Extension@v8@@UEAA?AV?$Local@VFunctionTemplate@v8@@@2@PEAVIsolate@2@V?$Local@VString@v8@@@2@@Z 00000001800017c0 f i binding.obj
 0001:000007d0       ?source@Extension@v8@@QEBAPEBVExternalOneByteStringResource@String@2@XZ 00000001800017d0 f i binding.obj
 0001:000007e0       ?dependency_count@Extension@v8@@QEAAHXZ 00000001800017e0 f i binding.obj
 0001:000007f0       ?dependencies@Extension@v8@@QEAAPEAPEBDXZ 00000001800017f0 f i binding.obj
 0001:00000800       ?set_auto_enable@Extension@v8@@QEAAX_N@Z 0000000180001800 f i binding.obj
 0001:00000810       ?auto_enable@Extension@v8@@QEAA_NXZ 0000000180001810 f i binding.obj
 0001:00000820       ??_EExtension@v8@@UEAAPEAXI@Z 0000000180001820 f i binding.obj
 0001:000008c0       ?max_semi_space_size@ResourceConstraints@v8@@QEBAHXZ 00000001800018c0 f i binding.obj
 0001:000008d0       ?set_max_semi_space_size@ResourceConstraints@v8@@QEAAXH@Z 00000001800018d0 f i binding.obj
 0001:000008e0       ?max_old_space_size@ResourceConstraints@v8@@QEBAHXZ 00000001800018e0 f i binding.obj
 0001:000008f0       ?set_max_old_space_size@ResourceConstraints@v8@@QEAAXH@Z 00000001800018f0 f i binding.obj
 0001:00000900       ?set_max_executable_size@ResourceConstraints@v8@@QEAAXH@Z 0000000180001900 f i binding.obj
 0001:00000910       ?set_stack_limit@ResourceConstraints@v8@@QEAAXPEAI@Z 0000000180001910 f i binding.obj
 0001:00000920       ?max_available_threads@ResourceConstraints@v8@@QEBAHXZ 0000000180001920 f i binding.obj
 0001:00000930       ?set_max_available_threads@ResourceConstraints@v8@@QEAAXH@Z 0000000180001930 f i binding.obj
 0001:00000940       ?physical_space_size@HeapSpaceStatistics@v8@@QEAA_KXZ 0000000180001940 f i binding.obj
 0001:00000940       ?code_range_size@ResourceConstraints@v8@@QEBA_KXZ 0000000180001940 f i binding.obj
 0001:00000940       ?used_heap_size@HeapStatistics@v8@@QEAA_KXZ 0000000180001940 f i binding.obj
 0001:00000950       ?set_code_range_size@ResourceConstraints@v8@@QEAAX_K@Z 0000000180001950 f i binding.obj
 0001:00000960       ??4ResourceConstraints@v8@@QEAAAEAV01@AEBV01@@Z 0000000180001960 f i binding.obj
 0001:00000960       ??4HeapSpaceStatistics@v8@@QEAAAEAV01@AEBV01@@Z 0000000180001960 f i binding.obj
 0001:00000980       ?space_available_size@HeapSpaceStatistics@v8@@QEAA_KXZ 0000000180001980 f i binding.obj
 0001:00000980       ?total_available_size@HeapStatistics@v8@@QEAA_KXZ 0000000180001980 f i binding.obj
 0001:00000980       ?object_size@HeapObjectStatistics@v8@@QEAA_KXZ 0000000180001980 f i binding.obj
 0001:00000990       ?heap_size_limit@HeapStatistics@v8@@QEAA_KXZ 0000000180001990 f i binding.obj
 0001:000009a0       ??4HeapStatistics@v8@@QEAAAEAV01@AEBV01@@Z 00000001800019a0 f i binding.obj
 0001:000009c0       ??4HeapObjectStatistics@v8@@QEAAAEAV01@AEBV01@@Z 00000001800019c0 f i binding.obj
 0001:000009e0       ??1ExternalResourceVisitor@v8@@UEAA@XZ 00000001800019e0 f i binding.obj
 0001:000009e0       ??1PersistentHandleVisitor@v8@@UEAA@XZ 00000001800019e0 f i binding.obj
 0001:000009f0       ?VisitPersistentHandle@PersistentHandleVisitor@v8@@UEAAXPEAV?$Persistent@VValue@v8@@V?$NonCopyablePersistentTraits@VValue@v8@@@2@@2@G@Z 00000001800019f0 f i binding.obj
 0001:000009f0       ?VisitExternalString@ExternalResourceVisitor@v8@@UEAAXV?$Local@VString@v8@@@2@@Z 00000001800019f0 f i binding.obj
 0001:000009f0       ?_Doraise@exception@stdext@@MEBAXXZ 00000001800019f0 f i binding.obj
 0001:000009f0       ??$destroy@PEAU?$_Tree_node@HPEAX@std@@@?$_Wrap_alloc@V?$allocator@U?$_Tree_node@HPEAX@std@@@std@@@std@@QEAAXPEAPEAU?$_Tree_node@HPEAX@1@@Z 00000001800019f0 f i binding.obj
 0001:00000a00       ??0PersistentHandleVisitor@v8@@QEAA@AEBV01@@Z 0000000180001a00 f i binding.obj
 0001:00000a00       ??0ExternalResourceVisitor@v8@@QEAA@XZ 0000000180001a00 f i binding.obj
 0001:00000a00       ??0ExternalResourceVisitor@v8@@QEAA@AEBV01@@Z 0000000180001a00 f i binding.obj
 0001:00000a00       ??0PersistentHandleVisitor@v8@@QEAA@XZ 0000000180001a00 f i binding.obj
 0001:00000a10       ??_EExternalResourceVisitor@v8@@UEAAPEAXI@Z 0000000180001a10 f i binding.obj
 0001:00000a10       ??_EPersistentHandleVisitor@v8@@UEAAPEAXI@Z 0000000180001a10 f i binding.obj
 0001:00000a90       ??0Scope@Isolate@v8@@QEAA@PEAV12@@Z 0000000180001a90 f i binding.obj
 0001:00000ab0       ??1Scope@Isolate@v8@@QEAA@XZ 0000000180001ab0 f i binding.obj
 0001:00000ac0       ?JSStackComparableAddress@TryCatch@v8@@SAPEAXPEAV12@@Z 0000000180001ac0 f i binding.obj
 0001:00000ad0       ??0ExtensionConfiguration@v8@@QEAA@XZ 0000000180001ad0 f i binding.obj
 0001:00000ae0       ??0ExtensionConfiguration@v8@@QEAA@HQEAPEBD@Z 0000000180001ae0 f i binding.obj
 0001:00000af0       ?end@ExtensionConfiguration@v8@@QEBAPEAPEBDXZ 0000000180001af0 f i binding.obj
 0001:00000b00       ??0Unlocker@v8@@QEAA@PEAVIsolate@1@@Z 0000000180001b00 f i binding.obj
 0001:00000b20       ??4Unlocker@v8@@QEAAAEAV01@AEBV01@@Z 0000000180001b20 f i binding.obj
 0001:00000b30       ??0Locker@v8@@QEAA@PEAVIsolate@1@@Z 0000000180001b30 f i binding.obj
 0001:00000b50       ?New@Boolean@v8@@SA?AV?$Local@VBoolean@v8@@@2@PEAVIsolate@2@_N@Z 0000000180001b50 f i binding.obj
 0001:00000b80       ?Set@Template@v8@@QEAAXPEAVIsolate@2@PEBDV?$Local@VData@v8@@@2@@Z 0000000180001b80 f i binding.obj
 0001:00000be0       ?GetInternalField@Object@v8@@QEAA?AV?$Local@VValue@v8@@@2@H@Z 0000000180001be0 f i binding.obj
 0001:00000c30       ?GetAlignedPointerFromInternalField@Object@v8@@QEAAPEAXH@Z 0000000180001c30 f i binding.obj
 0001:00000c50       ?Empty@String@v8@@SA?AV?$Local@VString@v8@@@2@PEAVIsolate@2@@Z 0000000180001c50 f i binding.obj
 0001:00000c60       ?GetExternalStringResource@String@v8@@QEBAPEAVExternalStringResource@12@XZ 0000000180001c60 f i binding.obj
 0001:00000c80       ?GetExternalStringResourceBase@String@v8@@QEBAPEAVExternalStringResourceBase@12@PEAW4Encoding@12@@Z 0000000180001c80 f i binding.obj
 0001:00000cb0       ?IsUndefined@Value@v8@@QEBA_NXZ 0000000180001cb0 f i binding.obj
 0001:00000ce0       ?QuickIsUndefined@Value@v8@@AEBA_NXZ 0000000180001ce0 f i binding.obj
 0001:00000d10       ?IsNull@Value@v8@@QEBA_NXZ 0000000180001d10 f i binding.obj
 0001:00000d40       ?QuickIsNull@Value@v8@@AEBA_NXZ 0000000180001d40 f i binding.obj
 0001:00000d70       ?IsString@Value@v8@@QEBA_NXZ 0000000180001d70 f i binding.obj
 0001:00000da0       ?QuickIsString@Value@v8@@AEBA_NXZ 0000000180001da0 f i binding.obj
 0001:00000dd0       ?ToBoolean@Value@v8@@QEBA?AV?$Local@VBoolean@v8@@@2@XZ 0000000180001dd0 f i binding.obj
 0001:00000e40       ?ToNumber@Value@v8@@QEBA?AV?$Local@VNumber@v8@@@2@XZ 0000000180001e40 f i binding.obj
 0001:00000eb0       ?ToString@Value@v8@@QEBA?AV?$Local@VString@v8@@@2@XZ 0000000180001eb0 f i binding.obj
 0001:00000f20       ?ToDetailString@Value@v8@@QEBA?AV?$Local@VString@v8@@@2@XZ 0000000180001f20 f i binding.obj
 0001:00000f90       ?ToObject@Value@v8@@QEBA?AV?$Local@VObject@v8@@@2@XZ 0000000180001f90 f i binding.obj
 0001:00001000       ?ToInteger@Value@v8@@QEBA?AV?$Local@VInteger@v8@@@2@XZ 0000000180002000 f i binding.obj
 0001:00001070       ?ToUint32@Value@v8@@QEBA?AV?$Local@VUint32@v8@@@2@XZ 0000000180002070 f i binding.obj
 0001:000010e0       ?ToInt32@Value@v8@@QEBA?AV?$Local@VInt32@v8@@@2@XZ 00000001800020e0 f i binding.obj
 0001:00001150       ?SetData@Isolate@v8@@QEAAXIPEAX@Z 0000000180002150 f i binding.obj
 0001:00001160       ?GetData@Isolate@v8@@QEAAPEAXI@Z 0000000180002160 f i binding.obj
 0001:00001170       ?GetNumberOfDataSlots@Isolate@v8@@SAIXZ 0000000180002170 f i binding.obj
 0001:00001180       ?AdjustAmountOfExternalAllocatedMemory@Isolate@v8@@QEAA_J_J@Z 0000000180002180 f i binding.obj
 0001:000011e0       ?GetEmbedderData@Context@v8@@QEAA?AV?$Local@VValue@v8@@@2@H@Z 00000001800021e0 f i binding.obj
 0001:00001210       ?GetAlignedPointerFromEmbedderData@Context@v8@@QEAAPEAXH@Z 0000000180002210 f i binding.obj
 0001:00001230       ?SetAllowCodeGenerationFromStringsCallback@V8@v8@@SAXP6A_NV?$Local@VContext@v8@@@2@@Z@Z 0000000180002230 f i binding.obj
 0001:00001260       ?IsDead@V8@v8@@SA_NXZ      0000000180002260 f i binding.obj
 0001:00001280       ?AddMessageListener@V8@v8@@SA_NP6AXV?$Local@VMessage@v8@@@2@V?$Local@VValue@v8@@@2@@Z1@Z 0000000180002280 f i binding.obj
 0001:000012b0       ?RemoveMessageListeners@V8@v8@@SAXP6AXV?$Local@VMessage@v8@@@2@V?$Local@VValue@v8@@@2@@Z@Z 00000001800022b0 f i binding.obj
 0001:000012e0       ?SetFailedAccessCheckCallbackFunction@V8@v8@@SAXP6AXV?$Local@VObject@v8@@@2@W4AccessType@2@V?$Local@VValue@v8@@@2@@Z@Z 00000001800022e0 f i binding.obj
 0001:00001310       ?SetCaptureStackTraceForUncaughtExceptions@V8@v8@@SAX_NHW4StackTraceOptions@StackTrace@2@@Z 0000000180002310 f i binding.obj
 0001:00001350       ?SetFatalErrorHandler@V8@v8@@SAXP6AXPEBD0@Z@Z 0000000180002350 f i binding.obj
 0001:00001380       ?RemoveGCPrologueCallback@V8@v8@@SAXP6AXW4GCType@2@W4GCCallbackFlags@2@@Z@Z 0000000180002380 f i binding.obj
 0001:000013b0       ?RemoveGCEpilogueCallback@V8@v8@@SAXP6AXW4GCType@2@W4GCCallbackFlags@2@@Z@Z 00000001800023b0 f i binding.obj
 0001:000013e0       ?AddMemoryAllocationCallback@V8@v8@@SAXP6AXW4ObjectSpace@2@W4AllocationAction@2@H@Z01@Z 00000001800023e0 f i binding.obj
 0001:00001420       ?RemoveMemoryAllocationCallback@V8@v8@@SAXP6AXW4ObjectSpace@2@W4AllocationAction@2@H@Z@Z 0000000180002420 f i binding.obj
 0001:00001450       ?TerminateExecution@V8@v8@@SAXPEAVIsolate@2@@Z 0000000180002450 f i binding.obj
 0001:00001460       ?IsExecutionTerminating@V8@v8@@SA_NPEAVIsolate@2@@Z 0000000180002460 f i binding.obj
 0001:00001480       ?CancelTerminateExecution@V8@v8@@SAXPEAVIsolate@2@@Z 0000000180002480 f i binding.obj
 0001:00001490       ?VisitExternalResources@V8@v8@@SAXPEAVExternalResourceVisitor@2@@Z 0000000180002490 f i binding.obj
 0001:000014c0       ?VisitHandlesWithClassIds@V8@v8@@SAXPEAVPersistentHandleVisitor@2@@Z 00000001800024c0 f i binding.obj
 0001:000014f0       ?VisitHandlesWithClassIds@V8@v8@@SAXPEAVIsolate@2@PEAVPersistentHandleVisitor@2@@Z 00000001800024f0 f i binding.obj
 0001:00001500       ?VisitHandlesForPartialDependence@V8@v8@@SAXPEAVIsolate@2@PEAVPersistentHandleVisitor@2@@Z 0000000180002500 f i binding.obj
 0001:00001510       ??0exception@stdext@@QEAA@AEBV01@@Z 0000000180002510 f i binding.obj
 0001:00001530       ?what@exception@stdext@@UEBAPEBDXZ 0000000180002530 f i binding.obj
 0001:00001550       ??_Gruntime_error@std@@UEAAPEAXI@Z 0000000180002550 f i binding.obj
 0001:00001550       ??_Gexception@stdext@@UEAAPEAXI@Z 0000000180002550 f i binding.obj
 0001:00001550       ??_Eruntime_error@std@@UEAAPEAXI@Z 0000000180002550 f i * CIL library *:* CIL module *
 0001:00001550       ??_Eexception@stdext@@UEAAPEAXI@Z 0000000180002550 f i * CIL library *:* CIL module *
 0001:00001580       ??1runtime_error@std@@UEAA@XZ 0000000180002580 f i binding.obj
 0001:000017b0       ?New@?$Factory@VFunctionTemplate@v8@@@imp@Nan@@SA?AV?$Local@VFunctionTemplate@v8@@@v8@@P6AXAEBV?$FunctionCallbackInfo@VValue@v8@@@3@@ZV?$Local@VValue@v8@@@5@V?$Local@VSignature@v8@@@5@@Z 00000001800027b0 f i binding.obj
 0001:00001940       ?SetAccessor@Nan@@YAXV?$Local@VObjectTemplate@v8@@@v8@@V?$Local@VString@v8@@@3@P6AX1AEBV?$PropertyCallbackInfo@VValue@v8@@@1@@ZP6AX1V?$Local@VValue@v8@@@3@AEBV?$PropertyCallbackInfo@X@1@@Z4W4AccessControl@3@W4PropertyAttribute@3@V?$Local@VAccessorSignature@v8@@@3@@Z 0000000180002940 f i binding.obj
 0001:00001ac0       ?Wrap@ObjectWrap@Nan@@IEAAXV?$Local@VObject@v8@@@v8@@@Z 0000000180002ac0 f i binding.obj
 0001:00001ba0       ?Ref@ObjectWrap@Nan@@MEAAXXZ 0000000180002ba0 f i binding.obj
 0001:00001be0       ?Unref@ObjectWrap@Nan@@MEAAXXZ 0000000180002be0 f i binding.obj
 0001:00001c90       ?WeakCallback@ObjectWrap@Nan@@CAXAEBV?$WeakCallbackInfo@VObjectWrap@Nan@@@v8@@@Z 0000000180002c90 f i binding.obj
 0001:00001d20       ??_EObjectWrap@Nan@@UEAAPEAXI@Z 0000000180002d20 f i * CIL library *:* CIL module *
 0001:00001d20       ??_GObjectWrap@Nan@@UEAAPEAXI@Z 0000000180002d20 f i binding.obj
 0001:00001e50       ?Initialize@Context@zmq@@SAXV?$Local@VObject@v8@@@v8@@@Z 0000000180002e50 f   binding.obj
 0001:00002230       ??1Context@zmq@@UEAA@XZ    0000000180003230 f   binding.obj
 0001:00002300       ??_EContext@zmq@@UEAAPEAXI@Z 0000000180003300 f i * CIL library *:* CIL module *
 0001:00002300       ??_GContext@zmq@@UEAAPEAXI@Z 0000000180003300 f i binding.obj
 0001:00002330       ?New@Context@zmq@@CAXAEBV?$FunctionCallbackInfo@VValue@v8@@@Nan@@@Z 0000000180003330 f   binding.obj
 0001:000025a0       ??0runtime_error@std@@QEAA@AEBV01@@Z 00000001800035a0 f i binding.obj
 0001:000025c0       ?GetContext@Context@zmq@@CAPEAV12@AEBV?$FunctionCallbackInfo@VValue@v8@@@Nan@@@Z 00000001800035c0 f   binding.obj
 0001:000025c0       ?GetSocket@Socket@zmq@@CAPEAV12@AEBV?$FunctionCallbackInfo@VValue@v8@@@Nan@@@Z 00000001800035c0 f   binding.obj
 0001:00002640       ?Close@Context@zmq@@CAXAEBV?$FunctionCallbackInfo@VValue@v8@@@Nan@@@Z 0000000180003640 f   binding.obj
 0001:00002710       ?SetOpt@Context@zmq@@CAXAEBV?$FunctionCallbackInfo@VValue@v8@@@Nan@@@Z 0000000180003710 f   binding.obj
 0001:00002940       ?GetOpt@Context@zmq@@CAXAEBV?$FunctionCallbackInfo@VValue@v8@@@Nan@@@Z 0000000180003940 f   binding.obj
 0001:00002b40       ?Initialize@Socket@zmq@@SAXV?$Local@VObject@v8@@@v8@@@Z 0000000180003b40 f   binding.obj
 0001:00003a80       ??1Socket@zmq@@UEAA@XZ     0000000180004a80 f   binding.obj
 0001:00003b00       ??_GSocket@zmq@@UEAAPEAXI@Z 0000000180004b00 f i binding.obj
 0001:00003b00       ??_ESocket@zmq@@UEAAPEAXI@Z 0000000180004b00 f i * CIL library *:* CIL module *
 0001:00003b30       ?New@Socket@zmq@@CAXAEBV?$FunctionCallbackInfo@VValue@v8@@@Nan@@@Z 0000000180004b30 f   binding.obj
 0001:00003da0       ?IsReady@Socket@zmq@@AEAA_NXZ 0000000180004da0 f   binding.obj
 0001:00003e40       ?CallbackIfReady@Socket@zmq@@QEAAXXZ 0000000180004e40 f   binding.obj
 0001:00003f70       ?UV_PollCallback@Socket@zmq@@CAXPEAUuv_poll_s@@HH@Z 0000000180004f70 f   binding.obj
 0001:00004020       ?MonitorEvent@Socket@zmq@@QEAAXGHPEAD@Z 0000000180005020 f   binding.obj
 0001:00004260       ?MonitorError@Socket@zmq@@QEAAXPEBD@Z 0000000180005260 f   binding.obj
 0001:000043f0       ?UV_MonitorCallback@Socket@zmq@@CAXPEAUuv_timer_s@@H@Z 00000001800053f0 f   binding.obj
 0001:00004620       ??0Socket@zmq@@AEAA@PEAVContext@1@H@Z 0000000180005620 f   binding.obj
 0001:00004820       ?GetState@Socket@zmq@@CAXV?$Local@VString@v8@@@v8@@AEBV?$PropertyCallbackInfo@VValue@v8@@@Nan@@@Z 0000000180005820 f   binding.obj
 0001:00004920       ?GetPending@Socket@zmq@@CAXV?$Local@VString@v8@@@v8@@AEBV?$PropertyCallbackInfo@VValue@v8@@@Nan@@@Z 0000000180005920 f   binding.obj
 0001:00004a20       ?SetPending@Socket@zmq@@CAXV?$Local@VString@v8@@@v8@@V?$Local@VValue@v8@@@4@AEBV?$PropertyCallbackInfo@X@Nan@@@Z 0000000180005a20 f   binding.obj
 0001:00004b80       ??$GetSockOpt@PEAD@Socket@zmq@@AEAA?AV?$Local@VValue@v8@@@v8@@H@Z 0000000180005b80 f   binding.obj
 0001:00004d00       ??$SetSockOpt@PEAD@Socket@zmq@@AEAA?AV?$Local@VValue@v8@@@v8@@HV23@@Z 0000000180005d00 f   binding.obj
 0001:00004e40       ?GetSockOpt@Socket@zmq@@CAXAEBV?$FunctionCallbackInfo@VValue@v8@@@Nan@@@Z 0000000180005e40 f   binding.obj
 0001:000052d0       ?SetSockOpt@Socket@zmq@@CAXAEBV?$FunctionCallbackInfo@VValue@v8@@@Nan@@@Z 00000001800062d0 f   binding.obj
 0001:000057c0       ??0BindState@Socket@zmq@@QEAA@PEAV12@V?$Local@VFunction@v8@@@v8@@V?$Local@VString@v8@@@4@@Z 00000001800067c0 f i binding.obj
 0001:00005980       ?Bind@Socket@zmq@@CAXAEBV?$FunctionCallbackInfo@VValue@v8@@@Nan@@@Z 0000000180006980 f   binding.obj
 0001:00005c10       ?UV_BindAsync@Socket@zmq@@CAXPEAUuv_work_s@@@Z 0000000180006c10 f   binding.obj
 0001:00005c40       ?UV_BindAsyncAfter@Socket@zmq@@CAXPEAUuv_work_s@@@Z 0000000180006c40 f   binding.obj
 0001:00005eb0       ?BindSync@Socket@zmq@@CAXAEBV?$FunctionCallbackInfo@VValue@v8@@@Nan@@@Z 0000000180006eb0 f   binding.obj
 0001:000062a0       ?Unbind@Socket@zmq@@CAXAEBV?$FunctionCallbackInfo@VValue@v8@@@Nan@@@Z 00000001800072a0 f   binding.obj
 0001:00006530       ?UV_UnbindAsync@Socket@zmq@@CAXPEAUuv_work_s@@@Z 0000000180007530 f   binding.obj
 0001:00006560       ?UV_UnbindAsyncAfter@Socket@zmq@@CAXPEAUuv_work_s@@@Z 0000000180007560 f   binding.obj
 0001:000067c0       ?UnbindSync@Socket@zmq@@CAXAEBV?$FunctionCallbackInfo@VValue@v8@@@Nan@@@Z 00000001800077c0 f   binding.obj
 0001:00006bb0       ?Connect@Socket@zmq@@CAXAEBV?$FunctionCallbackInfo@VValue@v8@@@Nan@@@Z 0000000180007bb0 f   binding.obj
 0001:00006fe0       ?Disconnect@Socket@zmq@@CAXAEBV?$FunctionCallbackInfo@VValue@v8@@@Nan@@@Z 0000000180007fe0 f   binding.obj
 0001:00007410       ?FreeCallback@IncomingMessage@Socket@zmq@@CAXPEADPEAX@Z 0000000180008410 f i binding.obj
 0001:00007470       ??_GMessageReference@IncomingMessage@Socket@zmq@@QEAAPEAXI@Z 0000000180008470 f i binding.obj
 0001:000074d0       ?Monitor@Socket@zmq@@CAXAEBV?$FunctionCallbackInfo@VValue@v8@@@Nan@@@Z 00000001800084d0 f   binding.obj
 0001:00007a40       ?Unmonitor@Socket@zmq@@AEAAXXZ 0000000180008a40 f   binding.obj
 0001:00007ac0       ?Unmonitor@Socket@zmq@@CAXAEBV?$FunctionCallbackInfo@VValue@v8@@@Nan@@@Z 0000000180008ac0 f   binding.obj
 0001:00007b50       ?Recv@Socket@zmq@@CAXAEBV?$FunctionCallbackInfo@VValue@v8@@@Nan@@@Z 0000000180008b50 f   binding.obj
 0001:00008090       ?Send@Socket@zmq@@CAXAEBV?$FunctionCallbackInfo@VValue@v8@@@Nan@@@Z 0000000180009090 f   binding.obj
 0001:00008540       ?Close@Socket@zmq@@AEAAXXZ 0000000180009540 f   binding.obj
 0001:000085f0       ?Close@Socket@zmq@@CAXAEBV?$FunctionCallbackInfo@VValue@v8@@@Nan@@@Z 00000001800095f0 f   binding.obj
 0001:0000a310       init                       000000018000b310 f   binding.obj
 0001:0000a510       ?count@?$_Tree@V?$_Tset_traits@HU?$less@H@std@@V?$allocator@H@2@$0A@@std@@@std@@QEBA_KAEBH@Z 000000018000b510 f i binding.obj
 0001:0000a5f0       ?erase@?$_Tree@V?$_Tset_traits@HU?$less@H@std@@V?$allocator@H@2@$0A@@std@@@std@@QEAA?AV?$_Tree_const_iterator@V?$_Tree_val@U?$_Tree_simple_types@H@std@@@std@@@2@V32@0@Z 000000018000b5f0 f i binding.obj
 0001:0000a720       ?erase@?$_Tree@V?$_Tset_traits@HU?$less@H@std@@V?$allocator@H@2@$0A@@std@@@std@@QEAA?AV?$_Tree_const_iterator@V?$_Tree_val@U?$_Tree_simple_types@H@std@@@std@@@2@V32@@Z 000000018000b720 f i binding.obj
 0001:0000ab70       ?_Erase@?$_Tree@V?$_Tset_traits@HU?$less@H@std@@V?$allocator@H@2@$0A@@std@@@std@@IEAAXPEAU?$_Tree_node@HPEAX@2@@Z 000000018000bb70 f i binding.obj
 0001:0000abc0       ?_Lrotate@?$_Tree@V?$_Tset_traits@HU?$less@H@std@@V?$allocator@H@2@$0A@@std@@@std@@IEAAXPEAU?$_Tree_node@HPEAX@2@@Z 000000018000bbc0 f i binding.obj
 0001:0000ac20       ?_Rrotate@?$_Tree@V?$_Tset_traits@HU?$less@H@std@@V?$allocator@H@2@$0A@@std@@@std@@IEAAXPEAU?$_Tree_node@HPEAX@2@@Z 000000018000bc20 f i binding.obj
 0001:0000ac80       ??$Unwrap@VContext@zmq@@@ObjectWrap@Nan@@SAPEAVContext@zmq@@V?$Local@VObject@v8@@@v8@@@Z 000000018000bc80 f i binding.obj
 0001:0000ad00       ??$GetSockOpt@H@Socket@zmq@@AEAA?AV?$Local@VValue@v8@@@v8@@H@Z 000000018000bd00 f i binding.obj
 0001:0000ae60       ??$GetSockOpt@I@Socket@zmq@@AEAA?AV?$Local@VValue@v8@@@v8@@H@Z 000000018000be60 f i binding.obj
 0001:0000afd0       ??$GetSockOpt@_J@Socket@zmq@@AEAA?AV?$Local@VValue@v8@@@v8@@H@Z 000000018000bfd0 f i binding.obj
 0001:0000b130       ??$GetSockOpt@_K@Socket@zmq@@AEAA?AV?$Local@VValue@v8@@@v8@@H@Z 000000018000c130 f i binding.obj
 0001:0000b2a0       ??$SetSockOpt@H@Socket@zmq@@AEAA?AV?$Local@VValue@v8@@@v8@@HV23@@Z 000000018000c2a0 f i binding.obj
 0001:0000b400       ??$SetSockOpt@I@Socket@zmq@@AEAA?AV?$Local@VValue@v8@@@v8@@HV23@@Z 000000018000c400 f i binding.obj
 0001:0000b560       ??$SetSockOpt@_J@Socket@zmq@@AEAA?AV?$Local@VValue@v8@@@v8@@HV23@@Z 000000018000c560 f i binding.obj
 0001:0000b6d0       ??$_snprintf_s@$0BA@@@YAHAEAY0BA@D_KPEBDZZ 000000018000c6d0 f i binding.obj
 0001:0000b700       ??$_Insert_nohint@HU_Nil@std@@@?$_Tree@V?$_Tset_traits@HU?$less@H@std@@V?$allocator@H@2@$0A@@std@@@std@@IEAA?AU?$pair@V?$_Tree_const_iterator@V?$_Tree_val@U?$_Tree_simple_types@H@std@@@std@@@std@@_N@1@_N$$QEAHU_Nil@1@@Z 000000018000c700 f i binding.obj
 0001:0000b850       ??$_Insert_at@HU_Nil@std@@@?$_Tree@V?$_Tset_traits@HU?$less@H@std@@V?$allocator@H@2@$0A@@std@@@std@@IEAA?AV?$_Tree_const_iterator@V?$_Tree_val@U?$_Tree_simple_types@H@std@@@std@@@1@_NPEAU?$_Tree_node@HPEAX@1@$$QEAHU_Nil@1@@Z 000000018000c850 f i binding.obj
 0001:0000bc4c       __HrLoadAllImportsForDll   000000018000cc4c f   DelayImp:delayhlp.obj
 0001:0000bcc0       __delayLoadHelper2         000000018000ccc0 f   DelayImp:delayhlp.obj
 0001:0000bf57       __imp_load_uv_poll_stop    000000018000cf57 f   node:node.exe
 0001:0000bf63       __tailMerge_node_exe       000000018000cf63 f i node:node.exe
 0001:0000bfdc       __imp_load_?Length@Buffer@node@@YA_KV?$Local@VObject@v8@@@v8@@@Z 000000018000cfdc f   node:node.exe
 0001:0000bfe8       __imp_load_?Data@Buffer@node@@YAPEADV?$Local@VObject@v8@@@v8@@@Z 000000018000cfe8 f   node:node.exe
 0001:0000bff4       __imp_load_?HasInstance@Buffer@node@@YA_NV?$Local@VValue@v8@@@v8@@@Z 000000018000cff4 f   node:node.exe
 0001:0000c000       __imp_load_?New@Buffer@node@@YA?AV?$MaybeLocal@VObject@v8@@@v8@@PEAVIsolate@4@PEAD_KP6AX1PEAX@Z3@Z 000000018000d000 f   node:node.exe
 0001:0000c00c       __imp_load_node_module_register 000000018000d00c f   node:node.exe
 0001:0000c018       __imp_load_?MakeCallback@node@@YA?AV?$Local@VValue@v8@@@v8@@PEAVIsolate@3@V?$Local@VObject@v8@@@3@V?$Local@VFunction@v8@@@3@HPEAV23@@Z 000000018000d018 f   node:node.exe
 0001:0000c024       __imp_load_uv_poll_init_socket 000000018000d024 f   node:node.exe
 0001:0000c030       __imp_load_uv_default_loop 000000018000d030 f   node:node.exe
 0001:0000c03c       __imp_load_?Initialize@Locker@v8@@AEAAXPEAVIsolate@2@@Z 000000018000d03c f   node:node.exe
 0001:0000c048       __imp_load_?New@Signature@v8@@SA?AV?$Local@VSignature@v8@@@2@PEAVIsolate@2@V?$Local@VFunctionTemplate@v8@@@2@@Z 000000018000d048 f   node:node.exe
 0001:0000c054       __imp_load_?GetId@UnboundScript@v8@@QEAAHXZ 000000018000d054 f   node:node.exe
 0001:0000c060       __imp_load_?Global@Context@v8@@QEAA?AV?$Local@VObject@v8@@@2@XZ 000000018000d060 f   node:node.exe
 0001:0000c06c       __imp_load_?GetUnboundScript@Script@v8@@QEAA?AV?$Local@VUnboundScript@v8@@@2@XZ 000000018000d06c f   node:node.exe
 0001:0000c078       __imp_load_?ToLocalEmpty@V8@v8@@CAXXZ 000000018000d078 f   node:node.exe
 0001:0000c084       __imp_load_?FromJustIsNothing@V8@v8@@CAXXZ 000000018000d084 f   node:node.exe
 0001:0000c090       __imp_load_?ClearWeak@V8@v8@@CAPEAXPEAPEAVObject@internal@2@@Z 000000018000d090 f   node:node.exe
 0001:0000c09c       __imp_load_?MakeWeak@V8@v8@@CAXPEAPEAVObject@internal@2@PEAXP6AXAEBV?$WeakCallbackInfo@X@2@@ZW4WeakCallbackType@2@@Z 000000018000d09c f   node:node.exe
 0001:0000c0a8       __imp_load_?DisposeGlobal@V8@v8@@CAXPEAPEAVObject@internal@2@@Z 000000018000d0a8 f   node:node.exe
 0001:0000c0b4       __imp_load_?GlobalizeReference@V8@v8@@CAPEAPEAVObject@internal@2@PEAVIsolate@42@PEAPEAV342@@Z 000000018000d0b4 f   node:node.exe
 0001:0000c0c0       __imp_load_?Escape@EscapableHandleScope@v8@@AEAAPEAPEAVObject@internal@2@PEAPEAV342@@Z 000000018000d0c0 f   node:node.exe
 0001:0000c0cc       __imp_load_??0EscapableHandleScope@v8@@QEAA@PEAVIsolate@1@@Z 000000018000d0cc f   node:node.exe
 0001:0000c0d8       __imp_load_?Int32Value@Value@v8@@QEBA?AV?$Maybe@H@2@V?$Local@VContext@v8@@@2@@Z 000000018000d0d8 f   node:node.exe
 0001:0000c0e4       __imp_load_?Uint32Value@Value@v8@@QEBA?AV?$Maybe@I@2@V?$Local@VContext@v8@@@2@@Z 000000018000d0e4 f   node:node.exe
 0001:0000c0f0       __imp_load_?IntegerValue@Value@v8@@QEBA?AV?$Maybe@_J@2@V?$Local@VContext@v8@@@2@@Z 000000018000d0f0 f   node:node.exe
 0001:0000c0fc       __imp_load_?ToInt32@Value@v8@@QEBA?AV?$MaybeLocal@VInt32@v8@@@2@V?$Local@VContext@v8@@@2@@Z 000000018000d0fc f   node:node.exe
 0001:0000c108       __imp_load_?ToUint32@Value@v8@@QEBA?AV?$MaybeLocal@VUint32@v8@@@2@V?$Local@VContext@v8@@@2@@Z 000000018000d108 f   node:node.exe
 0001:0000c114       __imp_load_?ToInteger@Value@v8@@QEBA?AV?$MaybeLocal@VInteger@v8@@@2@V?$Local@VContext@v8@@@2@@Z 000000018000d114 f   node:node.exe
 0001:0000c120       __imp_load_?ToObject@Value@v8@@QEBA?AV?$MaybeLocal@VObject@v8@@@2@V?$Local@VContext@v8@@@2@@Z 000000018000d120 f   node:node.exe
 0001:0000c12c       __imp_load_?ToDetailString@Value@v8@@QEBA?AV?$MaybeLocal@VString@v8@@@2@V?$Local@VContext@v8@@@2@@Z 000000018000d12c f   node:node.exe
 0001:0000c138       __imp_load_?ToString@Value@v8@@QEBA?AV?$MaybeLocal@VString@v8@@@2@V?$Local@VContext@v8@@@2@@Z 000000018000d138 f   node:node.exe
 0001:0000c144       __imp_load_?ToNumber@Value@v8@@QEBA?AV?$MaybeLocal@VNumber@v8@@@2@V?$Local@VContext@v8@@@2@@Z 000000018000d144 f   node:node.exe
 0001:0000c150       __imp_load_?ToBoolean@Value@v8@@QEBA?AV?$MaybeLocal@VBoolean@v8@@@2@V?$Local@VContext@v8@@@2@@Z 000000018000d150 f   node:node.exe
 0001:0000c15c       __imp_load_?IsNumber@Value@v8@@QEBA_NXZ 000000018000d15c f   node:node.exe
 0001:0000c168       __imp_load_?IsFunction@Value@v8@@QEBA_NXZ 000000018000d168 f   node:node.exe
 0001:0000c174       __imp_load_?PrototypeTemplate@FunctionTemplate@v8@@QEAA?AV?$Local@VObjectTemplate@v8@@@2@XZ 000000018000d174 f   node:node.exe
 0001:0000c180       __imp_load_?InstanceTemplate@FunctionTemplate@v8@@QEAA?AV?$Local@VObjectTemplate@v8@@@2@XZ 000000018000d180 f   node:node.exe
 0001:0000c18c       __imp_load_?GetFunction@FunctionTemplate@v8@@QEAA?AV?$MaybeLocal@VFunction@v8@@@2@V?$Local@VContext@v8@@@2@@Z 000000018000d18c f   node:node.exe
 0001:0000c198       __imp_load_?New@FunctionTemplate@v8@@SA?AV?$Local@VFunctionTemplate@v8@@@2@PEAVIsolate@2@P6AXAEBV?$FunctionCallbackInfo@VValue@v8@@@2@@ZV?$Local@VValue@v8@@@2@V?$Local@VSignature@v8@@@2@H@Z 000000018000d198 f   node:node.exe
 0001:0000c1a4       __imp_load_?Error@Exception@v8@@SA?AV?$Local@VValue@v8@@@2@V?$Local@VString@v8@@@2@@Z 000000018000d1a4 f   node:node.exe
 0001:0000c1b0       __imp_load_?TypeError@Exception@v8@@SA?AV?$Local@VValue@v8@@@2@V?$Local@VString@v8@@@2@@Z 000000018000d1b0 f   node:node.exe
 0001:0000c1bc       __imp_load_?RangeError@Exception@v8@@SA?AV?$Local@VValue@v8@@@2@V?$Local@VString@v8@@@2@@Z 000000018000d1bc f   node:node.exe
 0001:0000c1c8       __imp_load_?NewFromUtf8@String@v8@@SA?AV?$Local@VString@v8@@@2@PEAVIsolate@2@PEBDW4NewStringType@12@H@Z 000000018000d1c8 f   node:node.exe
 0001:0000c1d4       __imp_load_?NewFromUtf8@String@v8@@SA?AV?$MaybeLocal@VString@v8@@@2@PEAVIsolate@2@PEBDW4NewStringType@2@H@Z 000000018000d1d4 f   node:node.exe
 0001:0000c1e0       __imp_load_?WriteUtf8@String@v8@@QEBAHPEADHPEAHH@Z 000000018000d1e0 f   node:node.exe
 0001:0000c1ec       __imp_load_?Length@String@v8@@QEBAHXZ 000000018000d1ec f   node:node.exe
 0001:0000c1f8       __imp_load_?CreateHandle@HandleScope@v8@@KAPEAPEAVObject@internal@2@PEAVIsolate@42@PEAV342@@Z 000000018000d1f8 f   node:node.exe
 0001:0000c204       __imp_load_?CreateHandle@HandleScope@v8@@CAPEAPEAVObject@internal@2@PEAVHeapObject@42@PEAV342@@Z 000000018000d204 f   node:node.exe
 0001:0000c210       __imp_load_??1HandleScope@v8@@QEAA@XZ 000000018000d210 f   node:node.exe
 0001:0000c21c       __imp_load_??0HandleScope@v8@@QEAA@PEAVIsolate@1@@Z 000000018000d21c f   node:node.exe
 0001:0000c228       __imp_load_?New@Number@v8@@SA?AV?$Local@VNumber@v8@@@2@PEAVIsolate@2@N@Z 000000018000d228 f   node:node.exe
 0001:0000c234       __imp_load_?SlowGetAlignedPointerFromInternalField@Object@v8@@AEAAPEAXH@Z 000000018000d234 f   node:node.exe
 0001:0000c240       __imp_load_?SlowGetInternalField@Object@v8@@AEAA?AV?$Local@VValue@v8@@@2@H@Z 000000018000d240 f   node:node.exe
 0001:0000c24c       __imp_load_?New@Object@v8@@SA?AV?$Local@VObject@v8@@@2@PEAVIsolate@2@@Z 000000018000d24c f   node:node.exe
 0001:0000c258       __imp_load_?GetIsolate@Object@v8@@QEAAPEAVIsolate@2@XZ 000000018000d258 f   node:node.exe
 0001:0000c264       __imp_load_?SetAlignedPointerInInternalField@Object@v8@@QEAAXHPEAX@Z 000000018000d264 f   node:node.exe
 0001:0000c270       __imp_load_?SetInternalField@Object@v8@@QEAAXHV?$Local@VValue@v8@@@2@@Z 000000018000d270 f   node:node.exe
 0001:0000c27c       __imp_load_?InternalFieldCount@Object@v8@@QEAAHXZ 000000018000d27c f   node:node.exe
 0001:0000c288       __imp_load_?Get@Object@v8@@QEAA?AV?$MaybeLocal@VValue@v8@@@2@V?$Local@VContext@v8@@@2@V?$Local@VValue@v8@@@2@@Z 000000018000d288 f   node:node.exe
 0001:0000c294       __imp_load_?ForceSet@Object@v8@@QEAA_NV?$Local@VValue@v8@@@2@0W4PropertyAttribute@2@@Z 000000018000d294 f   node:node.exe
 0001:0000c2a0       __imp_load_?Set@Object@v8@@QEAA_NV?$Local@VValue@v8@@@2@0@Z 000000018000d2a0 f   node:node.exe
 0001:0000c2ac       __imp_load_?Set@Object@v8@@QEAA?AV?$Maybe@_N@2@V?$Local@VContext@v8@@@2@V?$Local@VValue@v8@@@2@1@Z 000000018000d2ac f   node:node.exe
 0001:0000c2b8       __imp_load_?Initialize@Unlocker@v8@@AEAAXPEAVIsolate@2@@Z 000000018000d2b8 f   node:node.exe
 0001:0000c2c4       __imp_load_?Set@Template@v8@@QEAAXV?$Local@VName@v8@@@2@V?$Local@VData@v8@@@2@W4PropertyAttribute@2@@Z 000000018000d2c4 f   node:node.exe
 0001:0000c2d0       __imp_load_?SetInternalFieldCount@ObjectTemplate@v8@@QEAAXH@Z 000000018000d2d0 f   node:node.exe
 0001:0000c2dc       __imp_load_?SetHandler@ObjectTemplate@v8@@QEAAXAEBUIndexedPropertyHandlerConfiguration@2@@Z 000000018000d2dc f   node:node.exe
 0001:0000c2e8       __imp_load_?SetAccessor@ObjectTemplate@v8@@QEAAXV?$Local@VName@v8@@@2@P6AX0AEBV?$PropertyCallbackInfo@VValue@v8@@@2@@ZP6AX0V?$Local@VValue@v8@@@2@AEBV?$PropertyCallbackInfo@X@2@@Z3W4AccessControl@2@W4PropertyAttribute@2@V?$Local@VAccessorSignature@v8@@@2@@Z 000000018000d2e8 f   node:node.exe
 0001:0000c2f4       __imp_load_?NewInstance@ObjectTemplate@v8@@QEAA?AV?$MaybeLocal@VObject@v8@@@2@V?$Local@VContext@v8@@@2@@Z 000000018000d2f4 f   node:node.exe
 0001:0000c300       __imp_load_?New@ObjectTemplate@v8@@SA?AV?$Local@VObjectTemplate@v8@@@2@PEAVIsolate@2@V?$Local@VFunctionTemplate@v8@@@2@@Z 000000018000d300 f   node:node.exe
 0001:0000c30c       __imp_load_?New@Integer@v8@@SA?AV?$Local@VInteger@v8@@@2@PEAVIsolate@2@H@Z 000000018000d30c f   node:node.exe
 0001:0000c318       __imp_load_?SetName@Function@v8@@QEAAXV?$Local@VString@v8@@@2@@Z 000000018000d318 f   node:node.exe
 0001:0000c324       __imp_load_?NewInstance@Function@v8@@QEBA?AV?$MaybeLocal@VObject@v8@@@2@V?$Local@VContext@v8@@@2@HQEAV?$Local@VValue@v8@@@2@@Z 000000018000d324 f   node:node.exe
 0001:0000c330       __imp_load_?CollectAllGarbage@Isolate@v8@@AEAAXPEBD@Z 000000018000d330 f   node:node.exe
 0001:0000c33c       __imp_load_?VisitHandlesForPartialDependence@Isolate@v8@@QEAAXPEAVPersistentHandleVisitor@2@@Z 000000018000d33c f   node:node.exe
 0001:0000c348       __imp_load_?VisitHandlesWithClassIds@Isolate@v8@@QEAAXPEAVPersistentHandleVisitor@2@@Z 000000018000d348 f   node:node.exe
 0001:0000c354       __imp_load_?VisitExternalResources@Isolate@v8@@QEAAXPEAVExternalResourceVisitor@2@@Z 000000018000d354 f   node:node.exe
 0001:0000c360       __imp_load_?RemoveMemoryAllocationCallback@Isolate@v8@@QEAAXP6AXW4ObjectSpace@2@W4AllocationAction@2@H@Z@Z 000000018000d360 f   node:node.exe
 0001:0000c36c       __imp_load_?AddMemoryAllocationCallback@Isolate@v8@@QEAAXP6AXW4ObjectSpace@2@W4AllocationAction@2@H@Z01@Z 000000018000d36c f   node:node.exe
 0001:0000c378       __imp_load_?SetCaptureStackTraceForUncaughtExceptions@Isolate@v8@@QEAAX_NHW4StackTraceOptions@StackTrace@2@@Z 000000018000d378 f   node:node.exe
 0001:0000c384       __imp_load_?SetFailedAccessCheckCallbackFunction@Isolate@v8@@QEAAXP6AXV?$Local@VObject@v8@@@2@W4AccessType@2@V?$Local@VValue@v8@@@2@@Z@Z 000000018000d384 f   node:node.exe
 0001:0000c390       __imp_load_?RemoveMessageListeners@Isolate@v8@@QEAAXP6AXV?$Local@VMessage@v8@@@2@V?$Local@VValue@v8@@@2@@Z@Z 000000018000d390 f   node:node.exe
 0001:0000c39c       __imp_load_?AddMessageListener@Isolate@v8@@QEAA_NP6AXV?$Local@VMessage@v8@@@2@V?$Local@VValue@v8@@@2@@Z1@Z 000000018000d39c f   node:node.exe
 0001:0000c3a8       __imp_load_?IsDead@Isolate@v8@@QEAA_NXZ 000000018000d3a8 f   node:node.exe
 0001:0000c3b4       __imp_load_?SetAllowCodeGenerationFromStringsCallback@Isolate@v8@@QEAAXP6A_NV?$Local@VContext@v8@@@2@@Z@Z 000000018000d3b4 f   node:node.exe
 0001:0000c3c0       __imp_load_?SetFatalErrorHandler@Isolate@v8@@QEAAXP6AXPEBD0@Z@Z 000000018000d3c0 f   node:node.exe
 0001:0000c3cc       __imp_load_?CancelTerminateExecution@Isolate@v8@@QEAAXXZ 000000018000d3cc f   node:node.exe
 0001:0000c3d8       __imp_load_?IsExecutionTerminating@Isolate@v8@@QEAA_NXZ 000000018000d3d8 f   node:node.exe
 0001:0000c3e4       __imp_load_?TerminateExecution@Isolate@v8@@QEAAXXZ 000000018000d3e4 f   node:node.exe
 0001:0000c3f0       __imp_load_?RemoveGCEpilogueCallback@Isolate@v8@@QEAAXP6AXPEAV12@W4GCType@2@W4GCCallbackFlags@2@@Z@Z 000000018000d3f0 f   node:node.exe
 0001:0000c3fc       __imp_load_?RemoveGCPrologueCallback@Isolate@v8@@QEAAXP6AXPEAV12@W4GCType@2@W4GCCallbackFlags@2@@Z@Z 000000018000d3fc f   node:node.exe
 0001:0000c408       __imp_load_?ThrowException@Isolate@v8@@QEAA?AV?$Local@VValue@v8@@@2@V32@@Z 000000018000d408 f   node:node.exe
 0001:0000c414       __imp_load_?GetCurrentContext@Isolate@v8@@QEAA?AV?$Local@VContext@v8@@@2@XZ 000000018000d414 f   node:node.exe
 0001:0000c420       __imp_load_?Exit@Isolate@v8@@QEAAXXZ 000000018000d420 f   node:node.exe
 0001:0000c42c       __imp_load_?Enter@Isolate@v8@@QEAAXXZ 000000018000d42c f   node:node.exe
 0001:0000c438       __imp_load_?GetCurrent@Isolate@v8@@SAPEAV12@XZ 000000018000d438 f   node:node.exe
 0001:0000c444       __imp_load_?ResetToBookmark@ExternalSourceStream@ScriptCompiler@v8@@UEAAXXZ 000000018000d444 f   node:node.exe
 0001:0000c450       ?ResetToBookmark@ExternalSourceStream@ScriptCompiler@v8@@UEAAXXZ 000000018000d450 f   node:node.exe
 0001:0000c456       __imp_load_?SetBookmark@ExternalSourceStream@ScriptCompiler@v8@@UEAA_NXZ 000000018000d456 f   node:node.exe
 0001:0000c462       ?SetBookmark@ExternalSourceStream@ScriptCompiler@v8@@UEAA_NXZ 000000018000d462 f   node:node.exe
 0001:0000c468       __imp_load_?Value@External@v8@@QEBAPEAXXZ 000000018000d468 f   node:node.exe
 0001:0000c474       __imp_load_?New@External@v8@@SA?AV?$Local@VExternal@v8@@@2@PEAVIsolate@2@PEAX@Z 000000018000d474 f   node:node.exe
 0001:0000c480       __imp_load_uv_timer_stop   000000018000d480 f   node:node.exe
 0001:0000c48c       __imp_load_uv_poll_start   000000018000d48c f   node:node.exe
 0001:0000c498       __imp_load_uv_timer_init   000000018000d498 f   node:node.exe
 0001:0000c4a4       __imp_load_uv_timer_start  000000018000d4a4 f   node:node.exe
 0001:0000c4b0       __imp_load_uv_queue_work   000000018000d4b0 f   node:node.exe
 0001:0000c4bc       __imp_load_uv_close        000000018000d4bc f   node:node.exe
 0001:0000c4c8       __imp_load_zmq_socket_monitor 000000018000d4c8 f   libzmq-v100-mt-4_0_4:libzmq-v100-mt-4_0_4.dll
 0001:0000c4d4       __tailMerge_libzmq_v100_mt_4_0_4_dll 000000018000d4d4 f i libzmq-v100-mt-4_0_4:libzmq-v100-mt-4_0_4.dll
 0001:0000c54d       __imp_load_zmq_msg_more    000000018000d54d f   libzmq-v100-mt-4_0_4:libzmq-v100-mt-4_0_4.dll
 0001:0000c559       __imp_load_zmq_bind        000000018000d559 f   libzmq-v100-mt-4_0_4:libzmq-v100-mt-4_0_4.dll
 0001:0000c565       __imp_load_zmq_close       000000018000d565 f   libzmq-v100-mt-4_0_4:libzmq-v100-mt-4_0_4.dll
 0001:0000c571       __imp_load_zmq_errno       000000018000d571 f   libzmq-v100-mt-4_0_4:libzmq-v100-mt-4_0_4.dll
 0001:0000c57d       __imp_load_zmq_msg_size    000000018000d57d f   libzmq-v100-mt-4_0_4:libzmq-v100-mt-4_0_4.dll
 0001:0000c589       __imp_load_zmq_init        000000018000d589 f   libzmq-v100-mt-4_0_4:libzmq-v100-mt-4_0_4.dll
 0001:0000c595       __imp_load_zmq_version     000000018000d595 f   libzmq-v100-mt-4_0_4:libzmq-v100-mt-4_0_4.dll
 0001:0000c5a1       __imp_load_zmq_poll        000000018000d5a1 f   libzmq-v100-mt-4_0_4:libzmq-v100-mt-4_0_4.dll
 0001:0000c5ad       __imp_load_zmq_msg_data    000000018000d5ad f   libzmq-v100-mt-4_0_4:libzmq-v100-mt-4_0_4.dll
 0001:0000c5b9       __imp_load_zmq_strerror    000000018000d5b9 f   libzmq-v100-mt-4_0_4:libzmq-v100-mt-4_0_4.dll
 0001:0000c5c5       __imp_load_zmq_socket      000000018000d5c5 f   libzmq-v100-mt-4_0_4:libzmq-v100-mt-4_0_4.dll
 0001:0000c5d1       __imp_load_zmq_msg_init_size 000000018000d5d1 f   libzmq-v100-mt-4_0_4:libzmq-v100-mt-4_0_4.dll
 0001:0000c5dd       __imp_load_zmq_setsockopt  000000018000d5dd f   libzmq-v100-mt-4_0_4:libzmq-v100-mt-4_0_4.dll
 0001:0000c5e9       __imp_load_zmq_unbind      000000018000d5e9 f   libzmq-v100-mt-4_0_4:libzmq-v100-mt-4_0_4.dll
 0001:0000c5f5       __imp_load_zmq_term        000000018000d5f5 f   libzmq-v100-mt-4_0_4:libzmq-v100-mt-4_0_4.dll
 0001:0000c601       __imp_load_zmq_connect     000000018000d601 f   libzmq-v100-mt-4_0_4:libzmq-v100-mt-4_0_4.dll
 0001:0000c60d       __imp_load_zmq_msg_close   000000018000d60d f   libzmq-v100-mt-4_0_4:libzmq-v100-mt-4_0_4.dll
 0001:0000c619       __imp_load_zmq_msg_send    000000018000d619 f   libzmq-v100-mt-4_0_4:libzmq-v100-mt-4_0_4.dll
 0001:0000c625       __imp_load_zmq_ctx_set     000000018000d625 f   libzmq-v100-mt-4_0_4:libzmq-v100-mt-4_0_4.dll
 0001:0000c631       __imp_load_zmq_recvmsg     000000018000d631 f   libzmq-v100-mt-4_0_4:libzmq-v100-mt-4_0_4.dll
 0001:0000c63d       __imp_load_zmq_curve_keypair 000000018000d63d f   libzmq-v100-mt-4_0_4:libzmq-v100-mt-4_0_4.dll
 0001:0000c649       __imp_load_zmq_getsockopt  000000018000d649 f   libzmq-v100-mt-4_0_4:libzmq-v100-mt-4_0_4.dll
 0001:0000c655       __imp_load_zmq_ctx_get     000000018000d655 f   libzmq-v100-mt-4_0_4:libzmq-v100-mt-4_0_4.dll
 0001:0000c661       __imp_load_zmq_disconnect  000000018000d661 f   libzmq-v100-mt-4_0_4:libzmq-v100-mt-4_0_4.dll
 0001:0000c66d       __imp_load_zmq_msg_init    000000018000d66d f   libzmq-v100-mt-4_0_4:libzmq-v100-mt-4_0_4.dll
 0001:0000c67c       ??0bad_alloc@std@@QEAA@AEBV01@@Z 000000018000d67c f i libcpmt:xthrow.obj
 0001:0000c6a0       ??0length_error@std@@QEAA@AEBV01@@Z 000000018000d6a0 f i libcpmt:xthrow.obj
 0001:0000c6c4       ??0logic_error@std@@QEAA@AEBV01@@Z 000000018000d6c4 f i libcpmt:xthrow.obj
 0001:0000c6e8       ??1bad_alloc@std@@UEAA@XZ  000000018000d6e8 f i libcpmt:xthrow.obj
 0001:0000c6f8       ??1length_error@std@@UEAA@XZ 000000018000d6f8 f i libcpmt:xthrow.obj
 0001:0000c700       ??_Gbad_alloc@std@@UEAAPEAXI@Z 000000018000d700 f i libcpmt:xthrow.obj
 0001:0000c700       ??_Ebad_alloc@std@@UEAAPEAXI@Z 000000018000d700 f i libcpmt:xthrow.obj
 0001:0000c73c       ??_Glength_error@std@@UEAAPEAXI@Z 000000018000d73c f i libcpmt:xthrow.obj
 0001:0000c73c       ??_Elogic_error@std@@UEAAPEAXI@Z 000000018000d73c f i libcpmt:xthrow.obj
 0001:0000c73c       ??_Elength_error@std@@UEAAPEAXI@Z 000000018000d73c f i libcpmt:xthrow.obj
 0001:0000c73c       ??_Glogic_error@std@@UEAAPEAXI@Z 000000018000d73c f i libcpmt:xthrow.obj
 0001:0000c76c       ?_Xbad_alloc@std@@YAXXZ    000000018000d76c f   libcpmt:xthrow.obj
 0001:0000c7b0       ?_Xlength_error@std@@YAXPEBD@Z 000000018000d7b0 f   libcpmt:xthrow.obj
 0001:0000c800       __security_check_cookie    000000018000d800 f   LIBCMT:amdsecgs.obj
 0001:0000c820       _call_reportfault          000000018000d820 f   LIBCMT:invarg.obj
 0001:0000c914       _initp_misc_invarg         000000018000d914 f   LIBCMT:invarg.obj
 0001:0000c91c       _invalid_parameter         000000018000d91c f   LIBCMT:invarg.obj
 0001:0000c984       _invalid_parameter_noinfo  000000018000d984 f   LIBCMT:invarg.obj
 0001:0000c9a4       _invoke_watson             000000018000d9a4 f   LIBCMT:invarg.obj
 0001:0000c9e0       sprintf                    000000018000d9e0 f   LIBCMT:sprintf.obj
 0001:0000ca90       memcpy                     000000018000da90 f   LIBCMT:memcpy.obj
 0001:0000ca90       memmove                    000000018000da90 f   LIBCMT:memcpy.obj
 0001:0000cff8       _vsnprintf_helper          000000018000dff8 f   LIBCMT:vsnprnc.obj
 0001:0000d0e0       _vsnprintf_s               000000018000e0e0 f   LIBCMT:vsnprnc.obj
 0001:0000d100       _vsnprintf_s_l             000000018000e100 f   LIBCMT:vsnprnc.obj
 0001:0000d248       free                       000000018000e248 f   LIBCMT:free.obj
 0001:0000d288       malloc                     000000018000e288 f   LIBCMT:malloc.obj
 0001:0000d340       wcsncpy                    000000018000e340 f   LIBCMT:wcsncpy.obj
 0001:0000d388       _wassert                   000000018000e388 f   LIBCMT:wassert.obj
 0001:0000dcec       __onexitinit               000000018000ecec f   LIBCMT:onexit.obj
 0001:0000dd30       _onexit                    000000018000ed30 f   LIBCMT:onexit.obj
 0001:0000de3c       atexit                     000000018000ee3c f   LIBCMT:onexit.obj
 0001:0000de54       wcsrchr                    000000018000ee54 f   LIBCMT:wcsrchr.obj
 0001:0000df04       _purecall                  000000018000ef04 f   LIBCMT:purevirt.obj
 0001:0000df30       ??3@YAXPEAX@Z              000000018000ef30 f   LIBCMT:delete.obj
 0001:0000df38       __raise_securityfailure    000000018000ef38 f   LIBCMT:gs_report.obj
 0001:0000df84       __report_gsfailure         000000018000ef84 f   LIBCMT:gs_report.obj
 0001:0000e058       __report_rangecheckfailure 000000018000f058 f   LIBCMT:gs_report.obj
 0001:0000e06c       __report_securityfailure   000000018000f06c f   LIBCMT:gs_report.obj
 0001:0000e108       _wfullpath                 000000018000f108 f   LIBCMT:wfullpat.obj
 0001:0000e23c       ??_Gtype_info@@UEAAPEAXI@Z 000000018000f23c f i LIBCMT:typinfo.obj
 0001:0000e23c       ??_Etype_info@@UEAAPEAXI@Z 000000018000f23c f i LIBCMT:typinfo.obj
 0001:0000e278       ??2@YAPEAX_K@Z             000000018000f278 f   LIBCMT:new.obj
 0001:0000e2e4       ??0_LocaleUpdate@@QEAA@PEAUlocaleinfo_struct@@@Z 000000018000f2e4 f i LIBCMT:stricmp.obj
 0001:0000e38c       __ascii_stricmp            000000018000f38c f   LIBCMT:stricmp.obj
 0001:0000e3c8       _stricmp                   000000018000f3c8 f   LIBCMT:stricmp.obj
 0001:0000e410       _stricmp_l                 000000018000f410 f   LIBCMT:stricmp.obj
 0001:0000e4c4       _CRT_INIT                  000000018000f4c4 f   LIBCMT:dllcrt0.obj
 0001:0000e624       _DllMainCRTStartup         000000018000f624 f   LIBCMT:dllcrt0.obj
 0001:0000e7a0       strlen                     000000018000f7a0 f   LIBCMT:strlen.obj
 0001:0000e848       _CxxThrowException         000000018000f848 f   LIBCMT:throw.obj
 0001:0000e910       _fpmath                    000000018000f910 f   LIBCMT:fpinit.obj
 0001:0000e918       _cfltcvt_init              000000018000f918 f   LIBCMT:fpinit.obj
 0001:0000e9a0       ??0exception@std@@QEAA@AEBQEBD@Z 000000018000f9a0 f   LIBCMT:stdexcpt.obj
 0001:0000e9d0       ??0exception@std@@QEAA@AEBQEBDH@Z 000000018000f9d0 f   LIBCMT:stdexcpt.obj
 0001:0000e9ec       ??0exception@std@@QEAA@AEBV01@@Z 000000018000f9ec f   LIBCMT:stdexcpt.obj
 0001:0000ea18       ??1exception@std@@UEAA@XZ  000000018000fa18 f   LIBCMT:stdexcpt.obj
 0001:0000ea28       ??4exception@std@@QEAAAEAV01@AEBV01@@Z 000000018000fa28 f   LIBCMT:stdexcpt.obj
 0001:0000ea6c       ??_Eexception@std@@UEAAPEAXI@Z 000000018000fa6c f i LIBCMT:stdexcpt.obj
 0001:0000ea6c       ??_Gexception@std@@UEAAPEAXI@Z 000000018000fa6c f i LIBCMT:stdexcpt.obj
 0001:0000eaa8       ?_Copy_str@exception@std@@AEAAXPEBD@Z 000000018000faa8 f   LIBCMT:stdexcpt.obj
 0001:0000eb04       ?_Tidy@exception@std@@AEAAXXZ 000000018000fb04 f   LIBCMT:stdexcpt.obj
 0001:0000eb2c       ?what@exception@std@@UEBAPEBDXZ 000000018000fb2c f   LIBCMT:stdexcpt.obj
 0001:0000eb40       __crtCaptureCurrentContext 000000018000fb40 f   LIBCMT:winapisupp.obj
 0001:0000ebb0       __crtCapturePreviousContext 000000018000fbb0 f   LIBCMT:winapisupp.obj
 0001:0000ec24       __crtFlsAlloc              000000018000fc24 f   LIBCMT:winapisupp.obj
 0001:0000ec40       __crtFlsFree               000000018000fc40 f   LIBCMT:winapisupp.obj
 0001:0000ec5c       __crtFlsGetValue           000000018000fc5c f   LIBCMT:winapisupp.obj
 0001:0000ec78       __crtFlsSetValue           000000018000fc78 f   LIBCMT:winapisupp.obj
 0001:0000ec94       __crtInitializeCriticalSectionEx 000000018000fc94 f   LIBCMT:winapisupp.obj
 0001:0000ecc0       __crtIsPackagedApp         000000018000fcc0 f   LIBCMT:winapisupp.obj
 0001:0000ed0c       __crtLoadWinApiPointers    000000018000fd0c f   LIBCMT:winapisupp.obj
 0001:0000f108       __crtSleep                 0000000180010108 f   LIBCMT:winapisupp.obj
 0001:0000f110       __crtTerminateProcess      0000000180010110 f   LIBCMT:winapisupp.obj
 0001:0000f130       __crtUnhandledException    0000000180010130 f   LIBCMT:winapisupp.obj
 0001:0000f150       __crt_debugger_hook        0000000180010150 f   LIBCMT:dbghook.obj
 0001:0000f158       __GSHandlerCheck           0000000180010158 f   LIBCMT:gshandler.obj
 0001:0000f178       __GSHandlerCheckCommon     0000000180010178 f   LIBCMT:gshandler.obj
 0001:0000f1f0       memset                     00000001800101f0 f   LIBCMT:memset.obj
 0001:0000f41c       _flsbuf                    000000018001041c f   LIBCMT:_flsbuf.obj
 0001:0000f5a8       _output_l                  00000001800105a8 f   LIBCMT:output.obj
 0001:00010094       __doserrno                 0000000180011094 f   LIBCMT:dosmap.obj
 0001:000100b4       _dosmaperr                 00000001800110b4 f   LIBCMT:dosmap.obj
 0001:00010104       _errno                     0000000180011104 f   LIBCMT:dosmap.obj
 0001:00010124       _get_errno_from_oserr      0000000180011124 f   LIBCMT:dosmap.obj
 0001:00010174       __isa_available_init       0000000180011174 f   LIBCMT:cpu_disp.obj
 0001:00010318       _output_s_l                0000000180011318 f   LIBCMT:outputs.obj
 0001:00010d94       _heap_init                 0000000180011d94 f   LIBCMT:heapinit.obj
 0001:00010db4       _heap_term                 0000000180011db4 f   LIBCMT:heapinit.obj
 0001:00010dc0       _callnewh                  0000000180011dc0 f   LIBCMT:handler.obj
 0001:00010df4       _initp_heap_handler        0000000180011df4 f   LIBCMT:handler.obj
 0001:00010dfc       __crtCorExitProcess        0000000180011dfc f   LIBCMT:crt0dat.obj
 0001:00010e40       __crtExitProcess           0000000180011e40 f   LIBCMT:crt0dat.obj
 0001:00010e58       __freeCrtMemory            0000000180011e58 f   LIBCMT:crt0dat.obj
 0001:00010fa0       _amsg_exit                 0000000180011fa0 f   LIBCMT:crt0dat.obj
 0001:00010fc8       _cexit                     0000000180011fc8 f   LIBCMT:crt0dat.obj
 0001:00010fd8       _cinit                     0000000180011fd8 f   LIBCMT:crt0dat.obj
 0001:00011070       _exit                      0000000180012070 f   LIBCMT:crt0dat.obj
 0001:0001107c       _init_pointers             000000018001207c f   LIBCMT:crt0dat.obj
 0001:00011128       _initterm_e                0000000180012128 f   LIBCMT:crt0dat.obj
 0001:00011164       _lockexit                  0000000180012164 f   LIBCMT:crt0dat.obj
 0001:00011170       _unlockexit                0000000180012170 f   LIBCMT:crt0dat.obj
 0001:00011314       _FF_MSGBANNER              0000000180012314 f   LIBCMT:crt0msg.obj
 0001:00011358       _GET_RTERRMSG              0000000180012358 f   LIBCMT:crt0msg.obj
 0001:00011388       _NMSG_WRITE                0000000180012388 f   LIBCMT:crt0msg.obj
 0001:000115f8       memcpy_s                   00000001800125f8 f   LIBCMT:memcpy_s.obj
 0001:00011680       wcscat_s                   0000000180012680 f   LIBCMT:wcscat_s.obj
 0001:00011708       wcscpy_s                   0000000180012708 f   LIBCMT:wcscpy_s.obj
 0001:00011774       wcslen                     0000000180012774 f   LIBCMT:wcslen.obj
 0001:00011790       wcsncat_s                  0000000180012790 f   LIBCMT:wcsncat_s.obj
 0001:00011878       _set_abort_behavior        0000000180012878 f   LIBCMT:abort.obj
 0001:00011894       abort                      0000000180012894 f   LIBCMT:abort.obj
 0001:000118ec       _set_error_mode            00000001800128ec f   LIBCMT:errmode.obj
 0001:0001192c       _itow_s                    000000018001292c f   LIBCMT:xtows.obj
 0001:00011a64       __initstdio                0000000180012a64 f   LIBCMT:_file.obj
 0001:00011afc       __endstdio                 0000000180012afc f   LIBCMT:_file.obj
 0001:00011b2c       __iob_func                 0000000180012b2c f   LIBCMT:_file.obj
 0001:00011b34       _lock_file                 0000000180012b34 f   LIBCMT:_file.obj
 0001:00011b9c       _lock_file2                0000000180012b9c f   LIBCMT:_file.obj
 0001:00011bd0       _unlock_file               0000000180012bd0 f   LIBCMT:_file.obj
 0001:00011c20       _unlock_file2              0000000180012c20 f   LIBCMT:_file.obj
 0001:00011c40       _fflush_nolock             0000000180012c40 f   LIBCMT:fflush.obj
 0001:00011c8c       _flush                     0000000180012c8c f   LIBCMT:fflush.obj
 0001:00011d08       _flushall                  0000000180012d08 f   LIBCMT:fflush.obj
 0001:00011d14       fflush                     0000000180012d14 f   LIBCMT:fflush.obj
 0001:00011e40       setvbuf                    0000000180012e40 f   LIBCMT:setvbuf.obj
 0001:00011f58       fwprintf                   0000000180012f58 f   LIBCMT:fwprintf.obj
 0001:00011fec       _vswprintf_c_l             0000000180012fec f   LIBCMT:vswprnc.obj
 0001:00012024       _vswprintf_helper          0000000180013024 f   LIBCMT:vswprnc.obj
 0001:00012140       __get_sigabrt              0000000180013140 f   LIBCMT:winsig.obj
 0001:00012150       _initp_misc_winsig         0000000180013150 f   LIBCMT:winsig.obj
 0001:00012170       raise                      0000000180013170 f   LIBCMT:winsig.obj
 0001:000123a4       __crtMessageBoxW           00000001800133a4 f   LIBCMT:crtmboxw.obj
 0001:00012618       _msize                     0000000180013618 f   LIBCMT:msize.obj
 0001:00012654       _calloc_crt                0000000180013654 f   LIBCMT:crtheap.obj
 0001:000126d4       _malloc_crt                00000001800136d4 f   LIBCMT:crtheap.obj
 0001:00012750       _realloc_crt               0000000180013750 f   LIBCMT:crtheap.obj
 0001:000127d4       __C_specific_handler       00000001800137d4 f   LIBCMT:chandler.obj
 0001:000129b8       _initp_misc_purevirt       00000001800139b8 f   LIBCMT:inithelp.obj
 0001:000129c0       _wgetcwd                   00000001800139c0 f   LIBCMT:wgetcwd.obj
 0001:000129d0       _wgetdcwd                  00000001800139d0 f   LIBCMT:wgetcwd.obj
 0001:00012b20       calloc                     0000000180013b20 f   LIBCMT:calloc.obj
 0001:00012b80       strcmp                     0000000180013b80 f   LIBCMT:strcmp.obj
 0001:00012be8       ?_Type_info_dtor@type_info@@CAXPEAV1@@Z 0000000180013be8 f   LIBCMT:typname.obj
 0001:00012c54       __addlocaleref             0000000180013c54 f   LIBCMT:localref.obj
 0001:00012ce0       __freetlocinfo             0000000180013ce0 f   LIBCMT:localref.obj
 0001:00012e78       __removelocaleref          0000000180013e78 f   LIBCMT:localref.obj
 0001:00012f1c       __updatetlocinfo           0000000180013f1c f   LIBCMT:localref.obj
 0001:00012f94       _updatetlocinfoEx_nolock   0000000180013f94 f   LIBCMT:localref.obj
 0001:00012ff8       __initmbctable             0000000180013ff8 f   LIBCMT:mbctype.obj
 0001:00013314       __updatetmbcinfo           0000000180014314 f   LIBCMT:mbctype.obj
 0001:000133d0       _setmbcp                   00000001800143d0 f   LIBCMT:mbctype.obj
 0001:00013614       _setmbcp_nolock            0000000180014614 f   LIBCMT:mbctype.obj
 0001:000138c4       _tolower_l                 00000001800148c4 f   LIBCMT:tolower.obj
 0001:00013a18       tolower                    0000000180014a18 f   LIBCMT:tolower.obj
 0001:00013a38       _freefls                   0000000180014a38 f   LIBCMT:tidtable.obj
 0001:00013b6c       _freeptd                   0000000180014b6c f   LIBCMT:tidtable.obj
 0001:00013ba8       _getptd                    0000000180014ba8 f   LIBCMT:tidtable.obj
 0001:00013bcc       _getptd_noexit             0000000180014bcc f   LIBCMT:tidtable.obj
 0001:00013c50       _initptd                   0000000180014c50 f   LIBCMT:tidtable.obj
 0001:00013d14       _mtinit                    0000000180014d14 f   LIBCMT:tidtable.obj
 0001:00013d94       _mtterm                    0000000180014d94 f   LIBCMT:tidtable.obj
 0001:00013db8       _locterm                   0000000180014db8 f   LIBCMT:wsetloca.obj
 0001:00013e00       _XcptFilter                0000000180014e00 f   LIBCMT:winxfltr.obj
 0001:00013fcc       __CppXcptFilter            0000000180014fcc f   LIBCMT:winxfltr.obj
 0001:00013fe0       _ioinit                    0000000180014fe0 f   LIBCMT:ioinit.obj
 0001:00014310       _ioterm                    0000000180015310 f   LIBCMT:ioinit.obj
 0001:00014384       _setargv                   0000000180015384 f   LIBCMT:stdargv.obj
 0001:00014640       _setenvp                   0000000180015640 f   LIBCMT:stdenvp.obj
 0001:00014774       __security_init_cookie     0000000180015774 f   LIBCMT:gs_support.obj
 0001:00014820       DllMain                    0000000180015820 f   LIBCMT:dllmain.obj
 0001:00014828       __crtGetEnvironmentStringsA 0000000180015828 f   LIBCMT:a_env.obj
 0001:0001491c       _RTC_Initialize            000000018001591c f   LIBCMT:initsect.obj
 0001:00014954       _RTC_Terminate             0000000180015954 f   LIBCMT:initsect.obj
 0001:0001498c       __DestructExceptionObject  000000018001598c f   LIBCMT:frame.obj
 0001:000149fc       ?terminate@@YAXXZ          00000001800159fc f   LIBCMT:hooks.obj
 0001:00014a1c       _initp_eh_hooks            0000000180015a1c f   LIBCMT:hooks.obj
 0001:00014a3c       _cfltcvt                   0000000180015a3c f   LIBCMT:cvt.obj
 0001:00014a60       _cfltcvt_l                 0000000180015a60 f   LIBCMT:cvt.obj
 0001:00014ae0       _cftoa_l                   0000000180015ae0 f   LIBCMT:cvt.obj
 0001:0001508c       _cftoe_l                   000000018001608c f   LIBCMT:cvt.obj
 0001:000152e8       _cftof_l                   00000001800162e8 f   LIBCMT:cvt.obj
 0001:000153bc       _cftog_l                   00000001800163bc f   LIBCMT:cvt.obj
 0001:000154f0       _cropzeros                 00000001800164f0 f   LIBCMT:cvt.obj
 0001:000154f8       _cropzeros_l               00000001800164f8 f   LIBCMT:cvt.obj
 0001:00015590       _fassign                   0000000180016590 f   LIBCMT:cvt.obj
 0001:00015598       _fassign_l                 0000000180016598 f   LIBCMT:cvt.obj
 0001:000155d8       _forcdecpt                 00000001800165d8 f   LIBCMT:cvt.obj
 0001:000155e0       _forcdecpt_l               00000001800165e0 f   LIBCMT:cvt.obj
 0001:00015660       _positive                  0000000180016660 f   LIBCMT:cvt.obj
 0001:00015674       _initp_misc_cfltcvt_tab    0000000180016674 f   LIBCMT:cmiscdat.obj
 0001:000156b0       strcpy_s                   00000001800166b0 f   LIBCMT:strcpy_s.obj
 0001:00015714       _fileno                    0000000180016714 f   LIBCMT:fileno.obj
 0001:0001573c       _isatty                    000000018001673c f   LIBCMT:isatty.obj
 0001:0001579c       _write                     000000018001679c f   LIBCMT:write.obj
 0001:00015880       _write_nolock              0000000180016880 f   LIBCMT:write.obj
 0001:00016074       _lseeki64                  0000000180017074 f   LIBCMT:lseeki64.obj
 0001:0001615c       _lseeki64_nolock           000000018001715c f   LIBCMT:lseeki64.obj
 0001:000161f0       _getbuf                    00000001800171f0 f   LIBCMT:_getbuf.obj
 0001:00016244       _isleadbyte_l              0000000180017244 f i LIBCMT:_wctype.obj
 0001:00016288       isleadbyte                 0000000180017288 f i LIBCMT:_wctype.obj
 0001:000162d0       _get_printf_count_output   00000001800172d0 f   LIBCMT:printf.obj
 0001:000162e8       _wctomb_s_l                00000001800172e8 f   LIBCMT:wctomb.obj
 0001:00016474       wctomb_s                   0000000180017474 f   LIBCMT:wctomb.obj
 0001:00016488       _lock                      0000000180017488 f   LIBCMT:mlock.obj
 0001:000164cc       _mtdeletelocks             00000001800174cc f   LIBCMT:mlock.obj
 0001:00016554       _mtinitlocknum             0000000180017554 f   LIBCMT:mlock.obj
 0001:00016614       _mtinitlocks               0000000180017614 f   LIBCMT:mlock.obj
 0001:00016678       _unlock                    0000000180017678 f   LIBCMT:mlock.obj
 0001:00016690       _FindPESection             0000000180017690 f   LIBCMT:pesect.obj
 0001:000166e0       _IsNonwritableInCurrentImage 00000001800176e0 f   LIBCMT:pesect.obj
 0001:00016730       _ValidateImageBase         0000000180017730 f   LIBCMT:pesect.obj
 0001:00016760       _initp_misc_rand_s         0000000180017760 f   LIBCMT:rand_s.obj
 0001:00016768       _ftbuf                     0000000180017768 f   LIBCMT:_sftbuf.obj
 0001:000167a0       _stbuf                     00000001800177a0 f   LIBCMT:_sftbuf.obj
 0001:00016870       wcsncpy_s                  0000000180017870 f   LIBCMT:wcsncpy_s.obj
 0001:0001693c       _fcloseall                 000000018001793c f   LIBCMT:closeall.obj
 0001:000169e4       _commit                    00000001800179e4 f   LIBCMT:commit.obj
 0001:00016abc       _freebuf                   0000000180017abc f   LIBCMT:_freebuf.obj
 0001:00016af4       _woutput_l                 0000000180017af4 f   LIBCMT:woutput.obj
 0001:000176b4       realloc                    00000001800186b4 f   LIBCMT:realloc.obj
 0001:00017788       _calloc_impl               0000000180018788 f   LIBCMT:calloc_impl.obj
 0001:00017840       _local_unwind              0000000180018840 f   LIBCMT:jmpuwind.obj
 0001:00017870       _NLG_Notify                0000000180018870 f   LIBCMT:jmpuwind.obj
 0001:00017890       __NLG_Dispatch2            0000000180018890 f   LIBCMT:jmpuwind.obj
 0001:000178a0       __NLG_Return2              00000001800188a0 f   LIBCMT:jmpuwind.obj
 0001:000178a4       GetTableIndexFromLocaleName 00000001800188a4 f   LIBCMT:winapinls.obj
 0001:00017930       __crtDownlevelLocaleNameToLCID 0000000180018930 f   LIBCMT:winapinls.obj
 0001:00017964       __crtLCMapStringEx         0000000180018964 f   LIBCMT:winapinls.obj
 0001:000179f4       __wcsnicmp_ascii           00000001800189f4 f   LIBCMT:winapinls.obj
 0001:00017a4c       _validdrive                0000000180018a4c f   LIBCMT:getcwd.obj
 0001:00017acc       _getdrive                  0000000180018acc f   LIBCMT:drive.obj
 0001:00017bd0       _get_fpsr                  0000000180018bd0 f   LIBCMT:fpsr.obj
 0001:00017be0       _set_fpsr                  0000000180018be0 f   LIBCMT:fpsr.obj
 0001:00017bea       _fclrf                     0000000180018bea f   LIBCMT:fpsr.obj
 0001:00017bfe       _frnd                      0000000180018bfe f   LIBCMT:fpsr.obj
 0001:00017c20       __free_lconv_mon           0000000180018c20 f   LIBCMT:initmon.obj
 0001:00017d2c       __free_lconv_num           0000000180018d2c f   LIBCMT:initnum.obj
 0001:00017d98       __free_lc_time             0000000180018d98 f   LIBCMT:inittime.obj
 0001:00018480       __crtLCMapStringA          0000000180019480 f   LIBCMT:a_map.obj
 0001:00018690       __crtGetStringTypeA        0000000180019690 f   LIBCMT:a_str.obj
 0001:0001870c       _isctype_l                 000000018001970c f   LIBCMT:isctype.obj
 0001:00018800       memcmp                     0000000180019800 f   LIBCMT:memcmp.obj
 0001:00018944       _ismbblead                 0000000180019944 f   LIBCMT:ismbbyte.obj
 0001:00018970       _CallSettingFrame          0000000180019970 f   LIBCMT:handlers.obj
 0001:000189b0       _GetNextInstrOffset        00000001800199b0 f   LIBCMT:handlers.obj
 0001:000189b8       isdigit                    00000001800199b8 f i LIBCMT:_ctype.obj
 0001:00018a34       strrchr                    0000000180019a34 f   LIBCMT:strrchr.obj
 0001:00018b78       _fptostr                   0000000180019b78 f   LIBCMT:_fptostr.obj
 0001:00018c44       __crt_atoflt_l             0000000180019c44 f   LIBCMT:atodbl.obj
 0001:00018d14       _atodbl_l                  0000000180019d14 f   LIBCMT:atodbl.obj
 0001:00018ddc       _atoflt_l                  0000000180019ddc f   LIBCMT:atodbl.obj
 0001:00018de4       __dtold                    0000000180019de4 f   LIBCMT:cfout.obj
 0001:00018eb4       _fltout2                   0000000180019eb4 f   LIBCMT:cfout.obj
 0001:00018f6c       _fptrap                    0000000180019f6c f   LIBCMT:crt0fp.obj
 0001:00018f78       __lock_fhandle             0000000180019f78 f   LIBCMT:osfinfo.obj
[...]
      134    ?Cast@Int32Array@v8@@SAPEAV12@PEAVValue@2@@Z (public: static class v8::Int32Array * __cdecl v8::Int32Array::Cast(class v8::Value *))
      135    ?Cast@Int8Array@v8@@SAPEAV12@PEAVValue@2@@Z (public: static class v8::Int8Array * __cdecl v8::Int8Array::Cast(class v8::Value *))
      136    ?Cast@Integer@v8@@SAPEAV12@PEAVValue@2@@Z (public: static class v8::Integer * __cdecl v8::Integer::Cast(class v8::Value *))
      137    ?Cast@Map@v8@@SAPEAV12@PEAVValue@2@@Z (public: static class v8::Map * __cdecl v8::Map::Cast(class v8::Value *))
      138    ?Cast@Name@v8@@SAPEAV12@PEAVValue@2@@Z (public: static class v8::Name * __cdecl v8::Name::Cast(class v8::Value *))
      139    ?Cast@Number@v8@@SAPEAV12@PEAVValue@2@@Z (public: static class v8::Number * __cdecl v8::Number::Cast(class v8::Value *))
      140    ?Cast@NumberObject@v8@@SAPEAV12@PEAVValue@2@@Z (public: static class v8::NumberObject * __cdecl v8::NumberObject::Cast(class v8::Value *))
      141    ?Cast@Object@v8@@SAPEAV12@PEAVValue@2@@Z (public: static class v8::Object * __cdecl v8::Object::Cast(class v8::Value *))
      142    ?Cast@Promise@v8@@SAPEAV12@PEAVValue@2@@Z (public: static class v8::Promise * __cdecl v8::Promise::Cast(class v8::Value *))
      143    ?Cast@RegExp@v8@@SAPEAV12@PEAVValue@2@@Z (public: static class v8::RegExp * __cdecl v8::RegExp::Cast(class v8::Value *))
      144    ?Cast@Resolver@Promise@v8@@SAPEAV123@PEAVValue@3@@Z (public: static class v8::Promise::Resolver * __cdecl v8::Promise::Resolver::Cast(class v8::Value *))
      145    ?Cast@Set@v8@@SAPEAV12@PEAVValue@2@@Z (public: static class v8::Set * __cdecl v8::Set::Cast(class v8::Value *))
      146    ?Cast@SharedArrayBuffer@v8@@SAPEAV12@PEAVValue@2@@Z (public: static class v8::SharedArrayBuffer * __cdecl v8::SharedArrayBuffer::Cast(class v8::Value *))
      147    ?Cast@String@v8@@SAPEAV12@PEAVValue@2@@Z (public: static class v8::String * __cdecl v8::String::Cast(class v8::Value *))
      148    ?Cast@StringObject@v8@@SAPEAV12@PEAVValue@2@@Z (public: static class v8::StringObject * __cdecl v8::StringObject::Cast(class v8::Value *))
      149    ?Cast@Symbol@v8@@SAPEAV12@PEAVValue@2@@Z (public: static class v8::Symbol * __cdecl v8::Symbol::Cast(class v8::Value *))
      150    ?Cast@SymbolObject@v8@@SAPEAV12@PEAVValue@2@@Z (public: static class v8::SymbolObject * __cdecl v8::SymbolObject::Cast(class v8::Value *))
      151    ?Cast@TypedArray@v8@@SAPEAV12@PEAVValue@2@@Z (public: static class v8::TypedArray * __cdecl v8::TypedArray::Cast(class v8::Value *))
      152    ?Cast@Uint16Array@v8@@SAPEAV12@PEAVValue@2@@Z (public: static class v8::Uint16Array * __cdecl v8::Uint16Array::Cast(class v8::Value *))
      153    ?Cast@Uint32@v8@@SAPEAV12@PEAVValue@2@@Z (public: static class v8::Uint32 * __cdecl v8::Uint32::Cast(class v8::Value *))
      154    ?Cast@Uint32Array@v8@@SAPEAV12@PEAVValue@2@@Z (public: static class v8::Uint32Array * __cdecl v8::Uint32Array::Cast(class v8::Value *))
      155    ?Cast@Uint8Array@v8@@SAPEAV12@PEAVValue@2@@Z (public: static class v8::Uint8Array * __cdecl v8::Uint8Array::Cast(class v8::Value *))
      156    ?Cast@Uint8ClampedArray@v8@@SAPEAV12@PEAVValue@2@@Z (public: static class v8::Uint8ClampedArray * __cdecl v8::Uint8ClampedArray::Cast(class v8::Value *))
      157    ?Data@Contents@ArrayBuffer@v8@@QEBAPEAXXZ (public: void * __cdecl v8::ArrayBuffer::Contents::Data(void)const )
      158    ?Data@Contents@SharedArrayBuffer@v8@@QEBAPEAXXZ (public: void * __cdecl v8::SharedArrayBuffer::Contents::Data(void)const )
      159    ?Dispose@ExternalStringResourceBase@String@v8@@MEAAXXZ (protected: virtual void __cdecl v8::String::ExternalStringResourceBase::Dispose(void))
      160    ?Empty@String@v8@@SA?AV?$Local@VString@v8@@@2@PEAVIsolate@2@@Z (public: static class v8::Local<class v8::String> __cdecl v8::String::Empty(class v8::Isolate *))
      161    ?GetAlignedPointerFromEmbedderData@Context@v8@@QEAAPEAXH@Z (public: void * __cdecl v8::Context::GetAlignedPointerFromEmbedderData(int))
      162    ?GetAlignedPointerFromInternalField@Object@v8@@QEAAPEAXH@Z (public: void * __cdecl v8::Object::GetAlignedPointerFromInternalField(int))
      163    ?GetAlignedPointerFromInternalField@Object@v8@@SAPEAXAEBV?$PersistentBase@VObject@v8@@@2@H@Z (public: static void * __cdecl v8::Object::GetAlignedPointerFromInternalField(class v8::PersistentBase<class v8::Object> const &,int))
      164    ?GetData@Isolate@v8@@QEAAPEAXI@Z (public: void * __cdecl v8::Isolate::GetData(unsigned int))
      165    ?GetEmbedderData@Context@v8@@QEAA?AV?$Local@VValue@v8@@@2@H@Z (public: class v8::Local<class v8::Value> __cdecl v8::Context::GetEmbedderData(int))
      166    ?GetExternalStringResource@String@v8@@QEBAPEAVExternalStringResource@12@XZ (public: class v8::String::ExternalStringResource * __cdecl v8::String::GetExternalStringResource(void)const )
      167    ?GetExternalStringResourceBase@String@v8@@QEBAPEAVExternalStringResourceBase@12@PEAW4Encoding@12@@Z (public: class v8::String::ExternalStringResourceBase * __cdecl v8::String::GetExternalStringResourceBase(enum v8::String::Encoding *)const )
      168    ?GetId@Script@v8@@QEAAHXZ (public: int __cdecl v8::Script::GetId(void))
      169    ?GetInternalField@Object@v8@@QEAA?AV?$Local@VValue@v8@@@2@H@Z (public: class v8::Local<class v8::Value> __cdecl v8::Object::GetInternalField(int))
      170    ?GetIsolate@HandleScope@v8@@QEBAPEAVIsolate@2@XZ (public: class v8::Isolate * __cdecl v8::HandleScope::GetIsolate(void)const )
      171    ?GetNativeFunctionTemplate@Extension@v8@@UEAA?AV?$Local@VFunctionTemplate@v8@@@2@PEAVIsolate@2@V?$Local@VString@v8@@@2@@Z (public: virtual class v8::Local<class v8::FunctionTemplate> __cdecl v8::Extension::GetNativeFunctionTemplate(class v8::Isolate *,class v8::Local<class v8::String>))
      172    ?GetNumberOfDataSlots@Isolate@v8@@SAIXZ (public: static unsigned int __cdecl v8::Isolate::GetNumberOfDataSlots(void))
      173    ?InternalFieldCount@Object@v8@@SAHAEBV?$PersistentBase@VObject@v8@@@2@@Z (public: static int __cdecl v8::Object::InternalFieldCount(class v8::PersistentBase<class v8::Object> const &))
      174    ?IsDead@V8@v8@@SA_NXZ (public: static bool __cdecl v8::V8::IsDead(void))
      175    ?IsExecutionTerminating@V8@v8@@SA_NPEAVIsolate@2@@Z (public: static bool __cdecl v8::V8::IsExecutionTerminating(class v8::Isolate *))
      176    ?IsNull@Value@v8@@QEBA_NXZ (public: bool __cdecl v8::Value::IsNull(void)const )
      177    ?IsString@Value@v8@@QEBA_NXZ (public: bool __cdecl v8::Value::IsString(void)const )
      178    ?IsUndefined@Value@v8@@QEBA_NXZ (public: bool __cdecl v8::Value::IsUndefined(void)const )
      179    ?JSStackComparableAddress@TryCatch@v8@@SAPEAXPEAV12@@Z (public: static void * __cdecl v8::TryCatch::JSStackComparableAddress(class v8::TryCatch *))
      180    ?New@Boolean@v8@@SA?AV?$Local@VBoolean@v8@@@2@PEAVIsolate@2@_N@Z (public: static class v8::Local<class v8::Boolean> __cdecl v8::Boolean::New(class v8::Isolate *,bool))
      181    ?NewInstance@Function@v8@@QEBA?AV?$MaybeLocal@VObject@v8@@@2@V?$Local@VContext@v8@@@2@@Z (public: class v8::MaybeLocal<class v8::Object> __cdecl v8::Function::NewInstance(class v8::Local<class v8::Context>)const )
      182    ?QuickIsNull@Value@v8@@AEBA_NXZ (private: bool __cdecl v8::Value::QuickIsNull(void)const )
      183    ?QuickIsString@Value@v8@@AEBA_NXZ (private: bool __cdecl v8::Value::QuickIsString(void)const )
      184    ?QuickIsUndefined@Value@v8@@AEBA_NXZ (private: bool __cdecl v8::Value::QuickIsUndefined(void)const )
      185    ?RemoveGCEpilogueCallback@V8@v8@@SAXP6AXW4GCType@2@W4GCCallbackFlags@2@@Z@Z (public: static void __cdecl v8::V8::RemoveGCEpilogueCallback(void (__cdecl*)(enum v8::GCType,enum v8::GCCallbackFlags)))
      186    ?RemoveGCPrologueCallback@V8@v8@@SAXP6AXW4GCType@2@W4GCCallbackFlags@2@@Z@Z (public: static void __cdecl v8::V8::RemoveGCPrologueCallback(void (__cdecl*)(enum v8::GCType,enum v8::GCCallbackFlags)))
      187    ?RemoveMemoryAllocationCallback@V8@v8@@SAXP6AXW4ObjectSpace@2@W4AllocationAction@2@H@Z@Z (public: static void __cdecl v8::V8::RemoveMemoryAllocationCallback(void (__cdecl*)(enum v8::ObjectSpace,enum v8::AllocationAction,int)))
      188    ?RemoveMessageListeners@V8@v8@@SAXP6AXV?$Local@VMessage@v8@@@2@V?$Local@VValue@v8@@@2@@Z@Z (public: static void __cdecl v8::V8::RemoveMessageListeners(void (__cdecl*)(class v8::Local<class v8::Message>,class v8::Local<class v8::Value>)))
      189    ?Set@Template@v8@@QEAAXPEAVIsolate@2@PEBDV?$Local@VData@v8@@@2@@Z (public: void __cdecl v8::Template::Set(class v8::Isolate *,char const *,class v8::Local<class v8::Data>))
      190    ?SetAllowCodeGenerationFromStringsCallback@V8@v8@@SAXP6A_NV?$Local@VContext@v8@@@2@@Z@Z (public: static void __cdecl v8::V8::SetAllowCodeGenerationFromStringsCallback(bool (__cdecl*)(class v8::Local<class v8::Context>)))
      191    ?SetCaptureStackTraceForUncaughtExceptions@V8@v8@@SAX_NHW4StackTraceOptions@StackTrace@2@@Z (public: static void __cdecl v8::V8::SetCaptureStackTraceForUncaughtExceptions(bool,int,enum v8::StackTrace::StackTraceOptions))
      192    ?SetData@Isolate@v8@@QEAAXIPEAX@Z (public: void __cdecl v8::Isolate::SetData(unsigned int,void *))
      193    ?SetFailedAccessCheckCallbackFunction@V8@v8@@SAXP6AXV?$Local@VObject@v8@@@2@W4AccessType@2@V?$Local@VValue@v8@@@2@@Z@Z (public: static void __cdecl v8::V8::SetFailedAccessCheckCallbackFunction(void (__cdecl*)(class v8::Local<class v8::Object>,enum v8::AccessType,class v8::Local<class v8::Value>)))
      194    ?SetFatalErrorHandler@V8@v8@@SAXP6AXPEBD0@Z@Z (public: static void __cdecl v8::V8::SetFatalErrorHandler(void (__cdecl*)(char const *,char const *)))
      195    ?SetIndexedPropertyHandler@ObjectTemplate@v8@@QEAAXP6AXIAEBV?$PropertyCallbackInfo@VValue@v8@@@2@@ZP6AXIV?$Local@VValue@v8@@@2@0@ZP6AXIAEBV?$PropertyCallbackInfo@VInteger@v8@@@2@@ZP6AXIAEBV?$PropertyCallbackInfo@VBoolean@v8@@@2@@ZP6AXAEBV?$PropertyCallbackInfo@VArray@v8@@@2@@Z2@Z (public: void __cdecl v8::ObjectTemplate::SetIndexedPropertyHandler(void (__cdecl*)(unsigned int,class v8::PropertyCallbackInfo<class v8::Value> const &),void (__cdecl*)(unsigned int,class v8::Local<class v8::Value>,class v8::PropertyCallbackInfo<class v8::Value> const &),void (__cdecl*)(unsigned int,class v8::PropertyCallbackInfo<class v8::Integer> const &),void (__cdecl*)(unsigned int,class v8::PropertyCallbackInfo<class v8::Boolean> const &),void (__cdecl*)(class v8::PropertyCallbackInfo<class v8::Array> const &),class v8::Local<class v8::Value>))
      196    ?TerminateExecution@V8@v8@@SAXPEAVIsolate@2@@Z (public: static void __cdecl v8::V8::TerminateExecution(class v8::Isolate *))
      197    ?ToBoolean@Value@v8@@QEBA?AV?$Local@VBoolean@v8@@@2@XZ (public: class v8::Local<class v8::Boolean> __cdecl v8::Value::ToBoolean(void)const )
      198    ?ToDetailString@Value@v8@@QEBA?AV?$Local@VString@v8@@@2@XZ (public: class v8::Local<class v8::String> __cdecl v8::Value::ToDetailString(void)const )
      199    ?ToInt32@Value@v8@@QEBA?AV?$Local@VInt32@v8@@@2@XZ (public: class v8::Local<class v8::Int32> __cdecl v8::Value::ToInt32(void)const )
      200    ?ToInteger@Value@v8@@QEBA?AV?$Local@VInteger@v8@@@2@XZ (public: class v8::Local<class v8::Integer> __cdecl v8::Value::ToInteger(void)const )
      201    ?ToNumber@Value@v8@@QEBA?AV?$Local@VNumber@v8@@@2@XZ (public: class v8::Local<class v8::Number> __cdecl v8::Value::ToNumber(void)const )
      202    ?ToObject@Value@v8@@QEBA?AV?$Local@VObject@v8@@@2@XZ (public: class v8::Local<class v8::Object> __cdecl v8::Value::ToObject(void)const )
      203    ?ToString@Value@v8@@QEBA?AV?$Local@VString@v8@@@2@XZ (public: class v8::Local<class v8::String> __cdecl v8::Value::ToString(void)const )
      204    ?ToUint32@Value@v8@@QEBA?AV?$Local@VUint32@v8@@@2@XZ (public: class v8::Local<class v8::Uint32> __cdecl v8::Value::ToUint32(void)const )
      205    ?VisitExternalResources@V8@v8@@SAXPEAVExternalResourceVisitor@2@@Z (public: static void __cdecl v8::V8::VisitExternalResources(class v8::ExternalResourceVisitor *))
      206    ?VisitExternalString@ExternalResourceVisitor@v8@@UEAAXV?$Local@VString@v8@@@2@@Z (public: virtual void __cdecl v8::ExternalResourceVisitor::VisitExternalString(class v8::Local<class v8::String>))
      207    ?VisitHandlesForPartialDependence@V8@v8@@SAXPEAVIsolate@2@PEAVPersistentHandleVisitor@2@@Z (public: static void __cdecl v8::V8::VisitHandlesForPartialDependence(class v8::Isolate *,class v8::PersistentHandleVisitor *))
      208    ?VisitHandlesWithClassIds@V8@v8@@SAXPEAVIsolate@2@PEAVPersistentHandleVisitor@2@@Z (public: static void __cdecl v8::V8::VisitHandlesWithClassIds(class v8::Isolate *,class v8::PersistentHandleVisitor *))
      209    ?VisitHandlesWithClassIds@V8@v8@@SAXPEAVPersistentHandleVisitor@2@@Z (public: static void __cdecl v8::V8::VisitHandlesWithClassIds(class v8::PersistentHandleVisitor *))
      210    ?VisitPersistentHandle@PersistentHandleVisitor@v8@@UEAAXPEAV?$Persistent@VValue@v8@@V?$NonCopyablePersistentTraits@VValue@v8@@@2@@2@G@Z (public: virtual void __cdecl v8::PersistentHandleVisitor::VisitPersistentHandle(class v8::Persistent<class v8::Value,class v8::NonCopyablePersistentTraits<class v8::Value> > *,unsigned short))
      211    ?auto_enable@Extension@v8@@QEAA_NXZ (public: bool __cdecl v8::Extension::auto_enable(void))
      212    ?begin@ExtensionConfiguration@v8@@QEBAPEAPEBDXZ (public: char const * * __cdecl v8::ExtensionConfiguration::begin(void)const )
      213    ?code_range_size@ResourceConstraints@v8@@QEBA_KXZ (public: unsigned __int64 __cdecl v8::ResourceConstraints::code_range_size(void)const )
      214    ?data@ExternalOneByteStringResourceImpl@v8@@UEBAPEBDXZ (public: virtual char const * __cdecl v8::ExternalOneByteStringResourceImpl::data(void)const )
      215    ?dependencies@Extension@v8@@QEAAPEAPEBDXZ (public: char const * * __cdecl v8::Extension::dependencies(void))
      216    ?dependency_count@Extension@v8@@QEAAHXZ (public: int __cdecl v8::Extension::dependency_count(void))
      217    ?end@ExtensionConfiguration@v8@@QEBAPEAPEBDXZ (public: char const * * __cdecl v8::ExtensionConfiguration::end(void)const )
      218    ?heap_size_limit@HeapStatistics@v8@@QEAA_KXZ (public: unsigned __int64 __cdecl v8::HeapStatistics::heap_size_limit(void))
      219    ?impl@StreamedSource@ScriptCompiler@v8@@QEBAPEAU1internal@3@XZ (public: struct v8::internal::StreamedSource * __cdecl v8::ScriptCompiler::StreamedSource::impl(void)const )
      220    ?kInternalFieldCount@ArrayBuffer@v8@@2HB (public: static int const v8::ArrayBuffer::kInternalFieldCount)
      221    ?kInternalFieldCount@ArrayBufferView@v8@@2HB (public: static int const v8::ArrayBufferView::kInternalFieldCount)
      222    ?kInternalFieldCount@SharedArrayBuffer@v8@@2HB (public: static int const v8::SharedArrayBuffer::kInternalFieldCount)
      223    ?kMaxLength@String@v8@@2HB (public: static int const v8::String::kMaxLength)
      224    ?kNoColumnInfo@Message@v8@@2HB (public: static int const v8::Message::kNoColumnInfo)
      225    ?kNoLineNumberInfo@Message@v8@@2HB (public: static int const v8::Message::kNoLineNumberInfo)
      226    ?kNoScriptId@UnboundScript@v8@@2HB (public: static int const v8::UnboundScript::kNoScriptId)
      227    ?kNoScriptIdInfo@Message@v8@@2HB (public: static int const v8::Message::kNoScriptIdInfo)
      228    ?length@ExternalOneByteStringResourceImpl@v8@@UEBA_KXZ (public: virtual unsigned __int64 __cdecl v8::ExternalOneByteStringResourceImpl::length(void)const )
      229    ?length@Utf8Value@String@v8@@QEBAHXZ (public: int __cdecl v8::String::Utf8Value::length(void)const )
      230    ?length@Value@String@v8@@QEBAHXZ (public: int __cdecl v8::String::Value::length(void)const )
      231    ?max_available_threads@ResourceConstraints@v8@@QEBAHXZ (public: int __cdecl v8::ResourceConstraints::max_available_threads(void)const )
      232    ?max_executable_size@ResourceConstraints@v8@@QEBAHXZ (public: int __cdecl v8::ResourceConstraints::max_executable_size(void)const )
      233    ?max_old_space_size@ResourceConstraints@v8@@QEBAHXZ (public: int __cdecl v8::ResourceConstraints::max_old_space_size(void)const )
      234    ?max_semi_space_size@ResourceConstraints@v8@@QEBAHXZ (public: int __cdecl v8::ResourceConstraints::max_semi_space_size(void)const )
      235    ?name@Extension@v8@@QEBAPEBDXZ (public: char const * __cdecl v8::Extension::name(void)const )
      236    ?object_count@HeapObjectStatistics@v8@@QEAA_KXZ (public: unsigned __int64 __cdecl v8::HeapObjectStatistics::object_count(void))
      237    ?object_size@HeapObjectStatistics@v8@@QEAA_KXZ (public: unsigned __int64 __cdecl v8::HeapObjectStatistics::object_size(void))
      238    ?object_sub_type@HeapObjectStatistics@v8@@QEAAPEBDXZ (public: char const * __cdecl v8::HeapObjectStatistics::object_sub_type(void))
      239    ?object_type@HeapObjectStatistics@v8@@QEAAPEBDXZ (public: char const * __cdecl v8::HeapObjectStatistics::object_type(void))
      240    ?physical_space_size@HeapSpaceStatistics@v8@@QEAA_KXZ (public: unsigned __int64 __cdecl v8::HeapSpaceStatistics::physical_space_size(void))
      241    ?set_auto_enable@Extension@v8@@QEAAX_N@Z (public: void __cdecl v8::Extension::set_auto_enable(bool))
      242    ?set_code_range_size@ResourceConstraints@v8@@QEAAX_K@Z (public: void __cdecl v8::ResourceConstraints::set_code_range_size(unsigned __int64))
      243    ?set_max_available_threads@ResourceConstraints@v8@@QEAAXH@Z (public: void __cdecl v8::ResourceConstraints::set_max_available_threads(int))
      244    ?set_max_executable_size@ResourceConstraints@v8@@QEAAXH@Z (public: void __cdecl v8::ResourceConstraints::set_max_executable_size(int))
      245    ?set_max_old_space_size@ResourceConstraints@v8@@QEAAXH@Z (public: void __cdecl v8::ResourceConstraints::set_max_old_space_size(int))
      246    ?set_max_semi_space_size@ResourceConstraints@v8@@QEAAXH@Z (public: void __cdecl v8::ResourceConstraints::set_max_semi_space_size(int))
      247    ?set_stack_limit@ResourceConstraints@v8@@QEAAXPEAI@Z (public: void __cdecl v8::ResourceConstraints::set_stack_limit(unsigned int *))
      248    ?source@Extension@v8@@QEBAPEBVExternalOneByteStringResource@String@2@XZ (public: class v8::String::ExternalOneByteStringResource const * __cdecl v8::Extension::source(void)const )
      249    ?source_length@Extension@v8@@QEBA_KXZ (public: unsigned __int64 __cdecl v8::Extension::source_length(void)const )
      250    ?space_available_size@HeapSpaceStatistics@v8@@QEAA_KXZ (public: unsigned __int64 __cdecl v8::HeapSpaceStatistics::space_available_size(void))
      251    ?space_name@HeapSpaceStatistics@v8@@QEAAPEBDXZ (public: char const * __cdecl v8::HeapSpaceStatistics::space_name(void))
      252    ?space_size@HeapSpaceStatistics@v8@@QEAA_KXZ (public: unsigned __int64 __cdecl v8::HeapSpaceStatistics::space_size(void))
      253    ?space_used_size@HeapSpaceStatistics@v8@@QEAA_KXZ (public: unsigned __int64 __cdecl v8::HeapSpaceStatistics::space_used_size(void))
      254    ?stack_limit@ResourceConstraints@v8@@QEBAPEAIXZ (public: unsigned int * __cdecl v8::ResourceConstraints::stack_limit(void)const )
      255    ?total_available_size@HeapStatistics@v8@@QEAA_KXZ (public: unsigned __int64 __cdecl v8::HeapStatistics::total_available_size(void))
      256    ?total_heap_size@HeapStatistics@v8@@QEAA_KXZ (public: unsigned __int64 __cdecl v8::HeapStatistics::total_heap_size(void))
      257    ?total_heap_size_executable@HeapStatistics@v8@@QEAA_KXZ (public: unsigned __int64 __cdecl v8::HeapStatistics::total_heap_size_executable(void))
      258    ?total_physical_size@HeapStatistics@v8@@QEAA_KXZ (public: unsigned __int64 __cdecl v8::HeapStatistics::total_physical_size(void))
      259    ?used_heap_size@HeapStatistics@v8@@QEAA_KXZ (public: unsigned __int64 __cdecl v8::HeapStatistics::used_heap_size(void))
      260    _register_zmq_
